[2025-04-22T10:12:33.573+0000] {local_task_job_runner.py:123} INFO - ::group::Pre task execution logs
[2025-04-22T10:12:33.596+0000] {taskinstance.py:2614} INFO - Dependencies all met for dep_context=non-requeueable deps ti=<TaskInstance: compress_file_on_upload.send_email manual__2025-04-22T10:12:20.803285+00:00 [queued]>
[2025-04-22T10:12:33.605+0000] {taskinstance.py:2614} INFO - Dependencies all met for dep_context=requeueable deps ti=<TaskInstance: compress_file_on_upload.send_email manual__2025-04-22T10:12:20.803285+00:00 [queued]>
[2025-04-22T10:12:33.606+0000] {taskinstance.py:2867} INFO - Starting attempt 1 of 2
[2025-04-22T10:12:33.773+0000] {taskinstance.py:2890} INFO - Executing <Task(EmailOperator): send_email> on 2025-04-22 10:12:20.803285+00:00
[2025-04-22T10:12:33.780+0000] {warnings.py:112} WARNING - /home/***/.local/lib/python3.12/site-packages/***/task/task_runner/standard_task_runner.py:70: DeprecationWarning: This process (pid=506) is multi-threaded, use of fork() may lead to deadlocks in the child.
  pid = os.fork()

[2025-04-22T10:12:33.782+0000] {standard_task_runner.py:72} INFO - Started process 508 to run task
[2025-04-22T10:12:33.783+0000] {standard_task_runner.py:104} INFO - Running: ['***', 'tasks', 'run', 'compress_file_on_upload', 'send_email', 'manual__2025-04-22T10:12:20.803285+00:00', '--job-id', '194', '--raw', '--subdir', 'DAGS_FOLDER/minio_file_compression_and_email.py', '--cfg-path', '/tmp/tmp7e0kvt26']
[2025-04-22T10:12:33.784+0000] {standard_task_runner.py:105} INFO - Job 194: Subtask send_email
[2025-04-22T10:12:33.830+0000] {task_command.py:467} INFO - Running <TaskInstance: compress_file_on_upload.send_email manual__2025-04-22T10:12:20.803285+00:00 [running]> on host 218dff27a00b
[2025-04-22T10:12:33.917+0000] {taskinstance.py:3134} INFO - Exporting env vars: AIRFLOW_CTX_DAG_OWNER='***' AIRFLOW_CTX_DAG_ID='compress_file_on_upload' AIRFLOW_CTX_TASK_ID='send_email' AIRFLOW_CTX_EXECUTION_DATE='2025-04-22T10:12:20.803285+00:00' AIRFLOW_CTX_TRY_NUMBER='1' AIRFLOW_CTX_DAG_RUN_ID='manual__2025-04-22T10:12:20.803285+00:00'
[2025-04-22T10:12:33.919+0000] {logging_mixin.py:190} INFO - Task instance is in running state
[2025-04-22T10:12:33.920+0000] {logging_mixin.py:190} INFO -  Previous state of the Task instance: queued
[2025-04-22T10:12:33.920+0000] {logging_mixin.py:190} INFO - Current task name:send_email state:running start_date:2025-04-22 10:12:33.597487+00:00
[2025-04-22T10:12:33.920+0000] {logging_mixin.py:190} INFO - Dag name:compress_file_on_upload and current dag run status:running
[2025-04-22T10:12:33.920+0000] {taskinstance.py:732} INFO - ::endgroup::
[2025-04-22T10:12:33.929+0000] {warnings.py:112} WARNING - /home/***/.local/lib/python3.12/site-packages/***/utils/email.py:155: RemovedInAirflow3Warning: Fetching SMTP credentials from configuration variables will be deprecated in a future release. Please set credentials using a connection instead.
  send_mime_email(e_from=mail_from, e_to=recipients, mime_msg=msg, conn_id=conn_id, dryrun=dryrun)

[2025-04-22T10:12:33.930+0000] {email.py:272} INFO - Email alerting: attempt 1
[2025-04-22T10:12:36.324+0000] {email.py:283} INFO - Sent an alert email to ['krishtaltiwari@gmail.com']
[2025-04-22T10:12:38.312+0000] {taskinstance.py:341} INFO - ::group::Post task execution logs
[2025-04-22T10:12:38.313+0000] {taskinstance.py:353} INFO - Marking task as SUCCESS. dag_id=compress_file_on_upload, task_id=send_email, run_id=manual__2025-04-22T10:12:20.803285+00:00, execution_date=20250422T101220, start_date=20250422T101233, end_date=20250422T101238
[2025-04-22T10:12:38.366+0000] {logging_mixin.py:190} INFO - Task instance in success state
[2025-04-22T10:12:38.366+0000] {logging_mixin.py:190} INFO -  Previous state of the Task instance: running
[2025-04-22T10:12:38.367+0000] {logging_mixin.py:190} INFO - Dag name:compress_file_on_upload queued_at:2025-04-22 10:12:20.818934+00:00
[2025-04-22T10:12:38.368+0000] {logging_mixin.py:190} INFO - Task hostname:218dff27a00b operator:EmailOperator
[2025-04-22T10:12:38.391+0000] {local_task_job_runner.py:266} INFO - Task exited with return code 0
[2025-04-22T10:12:38.417+0000] {taskinstance.py:3901} INFO - 0 downstream tasks scheduled from follow-on schedule check
[2025-04-22T10:12:38.421+0000] {local_task_job_runner.py:245} INFO - ::endgroup::
