[2025-04-22T09:27:03.217+0000] {local_task_job_runner.py:123} INFO - ::group::Pre task execution logs
[2025-04-22T09:27:03.239+0000] {taskinstance.py:2614} INFO - Dependencies all met for dep_context=non-requeueable deps ti=<TaskInstance: minio_file_monitoring_compression_dag.compress_file manual__2025-04-22T09:26:48.626298+00:00 [queued]>
[2025-04-22T09:27:03.248+0000] {taskinstance.py:2614} INFO - Dependencies all met for dep_context=requeueable deps ti=<TaskInstance: minio_file_monitoring_compression_dag.compress_file manual__2025-04-22T09:26:48.626298+00:00 [queued]>
[2025-04-22T09:27:03.249+0000] {taskinstance.py:2867} INFO - Starting attempt 1 of 2
[2025-04-22T09:27:03.434+0000] {taskinstance.py:2890} INFO - Executing <Task(PythonOperator): compress_file> on 2025-04-22 09:26:48.626298+00:00
[2025-04-22T09:27:03.443+0000] {warnings.py:112} WARNING - /home/***/.local/lib/python3.12/site-packages/***/task/task_runner/standard_task_runner.py:70: DeprecationWarning: This process (pid=373) is multi-threaded, use of fork() may lead to deadlocks in the child.
  pid = os.fork()

[2025-04-22T09:27:03.444+0000] {standard_task_runner.py:72} INFO - Started process 375 to run task
[2025-04-22T09:27:03.445+0000] {standard_task_runner.py:104} INFO - Running: ['***', 'tasks', 'run', 'minio_file_monitoring_compression_dag', 'compress_file', 'manual__2025-04-22T09:26:48.626298+00:00', '--job-id', '87', '--raw', '--subdir', 'DAGS_FOLDER/minio_file_compression_and_email.py', '--cfg-path', '/tmp/tmp117ypj05']
[2025-04-22T09:27:03.446+0000] {standard_task_runner.py:105} INFO - Job 87: Subtask compress_file
[2025-04-22T09:27:03.496+0000] {task_command.py:467} INFO - Running <TaskInstance: minio_file_monitoring_compression_dag.compress_file manual__2025-04-22T09:26:48.626298+00:00 [running]> on host 218dff27a00b
[2025-04-22T09:27:03.612+0000] {taskinstance.py:3134} INFO - Exporting env vars: AIRFLOW_CTX_DAG_EMAIL='krishtaltiwari@gmail.com' AIRFLOW_CTX_DAG_OWNER='***' AIRFLOW_CTX_DAG_ID='minio_file_monitoring_compression_dag' AIRFLOW_CTX_TASK_ID='compress_file' AIRFLOW_CTX_EXECUTION_DATE='2025-04-22T09:26:48.626298+00:00' AIRFLOW_CTX_TRY_NUMBER='1' AIRFLOW_CTX_DAG_RUN_ID='manual__2025-04-22T09:26:48.626298+00:00'
[2025-04-22T09:27:03.615+0000] {logging_mixin.py:190} INFO - Task instance is in running state
[2025-04-22T09:27:03.615+0000] {logging_mixin.py:190} INFO -  Previous state of the Task instance: queued
[2025-04-22T09:27:03.616+0000] {logging_mixin.py:190} INFO - Current task name:compress_file state:running start_date:2025-04-22 09:27:03.240026+00:00
[2025-04-22T09:27:03.616+0000] {logging_mixin.py:190} INFO - Dag name:minio_file_monitoring_compression_dag and current dag run status:running
[2025-04-22T09:27:03.616+0000] {taskinstance.py:732} INFO - ::endgroup::
[2025-04-22T09:27:03.648+0000] {minio_file_compression_and_email.py:107} INFO - File path pulled from XCom: None
[2025-04-22T09:27:03.651+0000] {minio_file_compression_and_email.py:109} ERROR - No file detected by the sensor
[2025-04-22T09:27:03.652+0000] {taskinstance.py:3313} ERROR - Task failed with exception
Traceback (most recent call last):
  File "/home/airflow/.local/lib/python3.12/site-packages/airflow/models/taskinstance.py", line 768, in _execute_task
    result = _execute_callable(context=context, **execute_callable_kwargs)
             ^^^^^^^^^^^^^^^^^^^^^^^^^^^^^^^^^^^^^^^^^^^^^^^^^^^^^^^^^^^^^
  File "/home/airflow/.local/lib/python3.12/site-packages/airflow/models/taskinstance.py", line 734, in _execute_callable
    return ExecutionCallableRunner(
           ^^^^^^^^^^^^^^^^^^^^^^^^
  File "/home/airflow/.local/lib/python3.12/site-packages/airflow/utils/operator_helpers.py", line 252, in run
    return self.func(*args, **kwargs)
           ^^^^^^^^^^^^^^^^^^^^^^^^^^
  File "/home/airflow/.local/lib/python3.12/site-packages/airflow/models/baseoperator.py", line 424, in wrapper
    return func(self, *args, **kwargs)
           ^^^^^^^^^^^^^^^^^^^^^^^^^^^
  File "/home/airflow/.local/lib/python3.12/site-packages/airflow/operators/python.py", line 238, in execute
    return_value = self.execute_callable()
                   ^^^^^^^^^^^^^^^^^^^^^^^
  File "/home/airflow/.local/lib/python3.12/site-packages/airflow/operators/python.py", line 256, in execute_callable
    return runner.run(*self.op_args, **self.op_kwargs)
           ^^^^^^^^^^^^^^^^^^^^^^^^^^^^^^^^^^^^^^^^^^^
  File "/home/airflow/.local/lib/python3.12/site-packages/airflow/utils/operator_helpers.py", line 252, in run
    return self.func(*args, **kwargs)
           ^^^^^^^^^^^^^^^^^^^^^^^^^^
  File "/opt/airflow/dags/minio_file_compression_and_email.py", line 110, in compress_file
    raise ValueError("No file detected by the sensor")
ValueError: No file detected by the sensor
[2025-04-22T09:27:03.706+0000] {logging_mixin.py:190} INFO - Task instance in failure state
[2025-04-22T09:27:03.708+0000] {logging_mixin.py:190} INFO - Task start:2025-04-22 09:27:03.240026+00:00 end:2025-04-22 09:27:03.704641+00:00 duration:0.464615
[2025-04-22T09:27:03.709+0000] {logging_mixin.py:190} INFO - Task:<Task(PythonOperator): compress_file> dag:<DAG: minio_file_monitoring_compression_dag> dagrun:<DagRun minio_file_monitoring_compression_dag @ 2025-04-22 09:26:48.626298+00:00: manual__2025-04-22T09:26:48.626298+00:00, state:running, queued_at: 2025-04-22 09:26:48.648949+00:00. externally triggered: True>
[2025-04-22T09:27:03.709+0000] {logging_mixin.py:190} INFO - Failure caused by No file detected by the sensor
[2025-04-22T09:27:03.710+0000] {taskinstance.py:1226} INFO - Marking task as UP_FOR_RETRY. dag_id=minio_file_monitoring_compression_dag, task_id=compress_file, run_id=manual__2025-04-22T09:26:48.626298+00:00, execution_date=20250422T092648, start_date=20250422T092703, end_date=20250422T092703
[2025-04-22T09:27:03.830+0000] {taskinstance.py:341} INFO - ::group::Post task execution logs
[2025-04-22T09:27:03.831+0000] {standard_task_runner.py:124} ERROR - Failed to execute job 87 for task compress_file (No file detected by the sensor; 375)
Traceback (most recent call last):
  File "/home/airflow/.local/lib/python3.12/site-packages/airflow/task/task_runner/standard_task_runner.py", line 117, in _start_by_fork
    ret = args.func(args, dag=self.dag)
          ^^^^^^^^^^^^^^^^^^^^^^^^^^^^^
  File "/home/airflow/.local/lib/python3.12/site-packages/airflow/cli/cli_config.py", line 49, in command
    return func(*args, **kwargs)
           ^^^^^^^^^^^^^^^^^^^^^
  File "/home/airflow/.local/lib/python3.12/site-packages/airflow/utils/cli.py", line 116, in wrapper
    return f(*args, **kwargs)
           ^^^^^^^^^^^^^^^^^^
  File "/home/airflow/.local/lib/python3.12/site-packages/airflow/cli/commands/task_command.py", line 483, in task_run
    task_return_code = _run_task_by_selected_method(args, _dag, ti)
                       ^^^^^^^^^^^^^^^^^^^^^^^^^^^^^^^^^^^^^^^^^^^^
  File "/home/airflow/.local/lib/python3.12/site-packages/airflow/cli/commands/task_command.py", line 256, in _run_task_by_selected_method
    return _run_raw_task(args, ti)
           ^^^^^^^^^^^^^^^^^^^^^^^
  File "/home/airflow/.local/lib/python3.12/site-packages/airflow/cli/commands/task_command.py", line 341, in _run_raw_task
    return ti._run_raw_task(
           ^^^^^^^^^^^^^^^^^
  File "/home/airflow/.local/lib/python3.12/site-packages/airflow/utils/session.py", line 97, in wrapper
    return func(*args, session=session, **kwargs)
           ^^^^^^^^^^^^^^^^^^^^^^^^^^^^^^^^^^^^^^
  File "/home/airflow/.local/lib/python3.12/site-packages/airflow/models/taskinstance.py", line 3006, in _run_raw_task
    return _run_raw_task(
           ^^^^^^^^^^^^^^
  File "/home/airflow/.local/lib/python3.12/site-packages/airflow/models/taskinstance.py", line 274, in _run_raw_task
    TaskInstance._execute_task_with_callbacks(
  File "/home/airflow/.local/lib/python3.12/site-packages/airflow/models/taskinstance.py", line 3161, in _execute_task_with_callbacks
    result = self._execute_task(context, task_orig)
             ^^^^^^^^^^^^^^^^^^^^^^^^^^^^^^^^^^^^^^
  File "/home/airflow/.local/lib/python3.12/site-packages/airflow/models/taskinstance.py", line 3185, in _execute_task
    return _execute_task(self, context, task_orig)
           ^^^^^^^^^^^^^^^^^^^^^^^^^^^^^^^^^^^^^^^
  File "/home/airflow/.local/lib/python3.12/site-packages/airflow/models/taskinstance.py", line 768, in _execute_task
    result = _execute_callable(context=context, **execute_callable_kwargs)
             ^^^^^^^^^^^^^^^^^^^^^^^^^^^^^^^^^^^^^^^^^^^^^^^^^^^^^^^^^^^^^
  File "/home/airflow/.local/lib/python3.12/site-packages/airflow/models/taskinstance.py", line 734, in _execute_callable
    return ExecutionCallableRunner(
           ^^^^^^^^^^^^^^^^^^^^^^^^
  File "/home/airflow/.local/lib/python3.12/site-packages/airflow/utils/operator_helpers.py", line 252, in run
    return self.func(*args, **kwargs)
           ^^^^^^^^^^^^^^^^^^^^^^^^^^
  File "/home/airflow/.local/lib/python3.12/site-packages/airflow/models/baseoperator.py", line 424, in wrapper
    return func(self, *args, **kwargs)
           ^^^^^^^^^^^^^^^^^^^^^^^^^^^
  File "/home/airflow/.local/lib/python3.12/site-packages/airflow/operators/python.py", line 238, in execute
    return_value = self.execute_callable()
                   ^^^^^^^^^^^^^^^^^^^^^^^
  File "/home/airflow/.local/lib/python3.12/site-packages/airflow/operators/python.py", line 256, in execute_callable
    return runner.run(*self.op_args, **self.op_kwargs)
           ^^^^^^^^^^^^^^^^^^^^^^^^^^^^^^^^^^^^^^^^^^^
  File "/home/airflow/.local/lib/python3.12/site-packages/airflow/utils/operator_helpers.py", line 252, in run
    return self.func(*args, **kwargs)
           ^^^^^^^^^^^^^^^^^^^^^^^^^^
  File "/opt/airflow/dags/minio_file_compression_and_email.py", line 110, in compress_file
    raise ValueError("No file detected by the sensor")
ValueError: No file detected by the sensor
[2025-04-22T09:27:03.874+0000] {local_task_job_runner.py:266} INFO - Task exited with return code 1
[2025-04-22T09:27:03.920+0000] {taskinstance.py:3901} INFO - 0 downstream tasks scheduled from follow-on schedule check
[2025-04-22T09:27:03.926+0000] {local_task_job_runner.py:245} INFO - ::endgroup::
