[2025-04-22T09:43:24.656+0000] {local_task_job_runner.py:123} INFO - ::group::Pre task execution logs
[2025-04-22T09:43:24.707+0000] {taskinstance.py:2614} INFO - Dependencies all met for dep_context=non-requeueable deps ti=<TaskInstance: minio_file_monitoring_compression_dag.list_objects_in_uploads manual__2025-04-22T09:27:32.696394+00:00 [queued]>
[2025-04-22T09:43:24.724+0000] {taskinstance.py:2614} INFO - Dependencies all met for dep_context=requeueable deps ti=<TaskInstance: minio_file_monitoring_compression_dag.list_objects_in_uploads manual__2025-04-22T09:27:32.696394+00:00 [queued]>
[2025-04-22T09:43:24.725+0000] {taskinstance.py:2867} INFO - Starting attempt 1 of 2
[2025-04-22T09:43:24.976+0000] {taskinstance.py:2890} INFO - Executing <Task(PythonOperator): list_objects_in_uploads> on 2025-04-22 09:27:32.696394+00:00
[2025-04-22T09:43:24.991+0000] {warnings.py:112} WARNING - /home/***/.local/lib/python3.12/site-packages/***/task/task_runner/standard_task_runner.py:70: DeprecationWarning: This process (pid=249) is multi-threaded, use of fork() may lead to deadlocks in the child.
  pid = os.fork()

[2025-04-22T09:43:24.994+0000] {standard_task_runner.py:72} INFO - Started process 252 to run task
[2025-04-22T09:43:24.996+0000] {standard_task_runner.py:104} INFO - Running: ['***', 'tasks', 'run', 'minio_file_monitoring_compression_dag', 'list_objects_in_uploads', 'manual__2025-04-22T09:27:32.696394+00:00', '--job-id', '135', '--raw', '--subdir', 'DAGS_FOLDER/minio_file_compression_and_email.py', '--cfg-path', '/tmp/tmpd9ofpolc']
[2025-04-22T09:43:24.998+0000] {standard_task_runner.py:105} INFO - Job 135: Subtask list_objects_in_uploads
[2025-04-22T09:43:25.106+0000] {task_command.py:467} INFO - Running <TaskInstance: minio_file_monitoring_compression_dag.list_objects_in_uploads manual__2025-04-22T09:27:32.696394+00:00 [running]> on host 218dff27a00b
[2025-04-22T09:43:25.370+0000] {taskinstance.py:3134} INFO - Exporting env vars: AIRFLOW_CTX_DAG_EMAIL='krishtaltiwari@gmail.com' AIRFLOW_CTX_DAG_OWNER='***' AIRFLOW_CTX_DAG_ID='minio_file_monitoring_compression_dag' AIRFLOW_CTX_TASK_ID='list_objects_in_uploads' AIRFLOW_CTX_EXECUTION_DATE='2025-04-22T09:27:32.696394+00:00' AIRFLOW_CTX_TRY_NUMBER='1' AIRFLOW_CTX_DAG_RUN_ID='manual__2025-04-22T09:27:32.696394+00:00'
[2025-04-22T09:43:25.374+0000] {logging_mixin.py:190} INFO - Task instance is in running state
[2025-04-22T09:43:25.375+0000] {logging_mixin.py:190} INFO -  Previous state of the Task instance: queued
[2025-04-22T09:43:25.375+0000] {logging_mixin.py:190} INFO - Current task name:list_objects_in_uploads state:running start_date:2025-04-22 09:43:24.708480+00:00
[2025-04-22T09:43:25.376+0000] {logging_mixin.py:190} INFO - Dag name:minio_file_monitoring_compression_dag and current dag run status:running
[2025-04-22T09:43:25.377+0000] {taskinstance.py:732} INFO - ::endgroup::
[2025-04-22T09:43:25.429+0000] {base.py:84} INFO - Retrieving connection 'minio_s3'
[2025-04-22T09:43:25.433+0000] {minio_file_compression_and_email.py:47} INFO - Retrieved MinIO credentials from Airflow connection 'minio_s3'
[2025-04-22T09:43:26.023+0000] {minio_file_compression_and_email.py:62} INFO - Successfully created MinIO client with endpoint http://minio:9000
[2025-04-22T09:43:26.181+0000] {minio_file_compression_and_email.py:72} INFO - Found objects in uploads/: ['uploads/', 'uploads/test.txt']
[2025-04-22T09:43:26.187+0000] {python.py:240} INFO - Done. Returned value was: ['uploads/', 'uploads/test.txt']
[2025-04-22T09:43:26.364+0000] {taskinstance.py:341} INFO - ::group::Post task execution logs
[2025-04-22T09:43:26.370+0000] {taskinstance.py:353} INFO - Marking task as SUCCESS. dag_id=minio_file_monitoring_compression_dag, task_id=list_objects_in_uploads, run_id=manual__2025-04-22T09:27:32.696394+00:00, execution_date=20250422T092732, start_date=20250422T094324, end_date=20250422T094326
[2025-04-22T09:43:26.744+0000] {logging_mixin.py:190} INFO - Task instance in success state
[2025-04-22T09:43:26.750+0000] {logging_mixin.py:190} INFO -  Previous state of the Task instance: running
[2025-04-22T09:43:26.752+0000] {logging_mixin.py:190} INFO - Dag name:minio_file_monitoring_compression_dag queued_at:2025-04-22 09:27:32.707409+00:00
[2025-04-22T09:43:26.753+0000] {logging_mixin.py:190} INFO - Task hostname:218dff27a00b operator:PythonOperator
[2025-04-22T09:43:26.801+0000] {local_task_job_runner.py:266} INFO - Task exited with return code 0
[2025-04-22T09:43:26.870+0000] {taskinstance.py:3901} INFO - 0 downstream tasks scheduled from follow-on schedule check
[2025-04-22T09:43:26.873+0000] {local_task_job_runner.py:245} INFO - ::endgroup::
