[2025-04-22T09:02:01.540+0000] {local_task_job_runner.py:123} INFO - ::group::Pre task execution logs
[2025-04-22T09:02:01.576+0000] {taskinstance.py:2614} INFO - Dependencies all met for dep_context=non-requeueable deps ti=<TaskInstance: minio_file_monitoring_compression_dag.detect_file_in_minio scheduled__2025-04-22T09:00:00+00:00 [queued]>
[2025-04-22T09:02:01.591+0000] {taskinstance.py:2614} INFO - Dependencies all met for dep_context=requeueable deps ti=<TaskInstance: minio_file_monitoring_compression_dag.detect_file_in_minio scheduled__2025-04-22T09:00:00+00:00 [queued]>
[2025-04-22T09:02:01.592+0000] {taskinstance.py:2867} INFO - Starting attempt 1 of 2
[2025-04-22T09:02:01.823+0000] {taskinstance.py:2890} INFO - Executing <Task(PythonOperator): detect_file_in_minio> on 2025-04-22 09:00:00+00:00
[2025-04-22T09:02:01.837+0000] {standard_task_runner.py:104} INFO - Running: ['***', 'tasks', 'run', 'minio_file_monitoring_compression_dag', 'detect_file_in_minio', 'scheduled__2025-04-22T09:00:00+00:00', '--job-id', '30', '--raw', '--subdir', 'DAGS_FOLDER/minio_file_compression_and_email.py', '--cfg-path', '/tmp/tmp5e65xekn']
[2025-04-22T09:02:01.839+0000] {standard_task_runner.py:105} INFO - Job 30: Subtask detect_file_in_minio
[2025-04-22T09:02:01.836+0000] {warnings.py:112} WARNING - /home/***/.local/lib/python3.12/site-packages/***/task/task_runner/standard_task_runner.py:70: DeprecationWarning: This process (pid=472) is multi-threaded, use of fork() may lead to deadlocks in the child.
  pid = os.fork()

[2025-04-22T09:02:01.840+0000] {standard_task_runner.py:72} INFO - Started process 476 to run task
[2025-04-22T09:02:01.955+0000] {task_command.py:467} INFO - Running <TaskInstance: minio_file_monitoring_compression_dag.detect_file_in_minio scheduled__2025-04-22T09:00:00+00:00 [running]> on host 00ea650ea0df
[2025-04-22T09:02:02.156+0000] {taskinstance.py:3134} INFO - Exporting env vars: AIRFLOW_CTX_DAG_EMAIL='krishtaltiwari@gmail.com' AIRFLOW_CTX_DAG_OWNER='***' AIRFLOW_CTX_DAG_ID='minio_file_monitoring_compression_dag' AIRFLOW_CTX_TASK_ID='detect_file_in_minio' AIRFLOW_CTX_EXECUTION_DATE='2025-04-22T09:00:00+00:00' AIRFLOW_CTX_TRY_NUMBER='1' AIRFLOW_CTX_DAG_RUN_ID='scheduled__2025-04-22T09:00:00+00:00'
[2025-04-22T09:02:02.162+0000] {logging_mixin.py:190} INFO - Task instance is in running state
[2025-04-22T09:02:02.163+0000] {logging_mixin.py:190} INFO -  Previous state of the Task instance: queued
[2025-04-22T09:02:02.164+0000] {logging_mixin.py:190} INFO - Current task name:detect_file_in_minio state:running start_date:2025-04-22 09:02:01.577902+00:00
[2025-04-22T09:02:02.164+0000] {logging_mixin.py:190} INFO - Dag name:minio_file_monitoring_compression_dag and current dag run status:running
[2025-04-22T09:02:02.165+0000] {taskinstance.py:732} INFO - ::endgroup::
[2025-04-22T09:02:02.213+0000] {base.py:84} INFO - Retrieving connection 'minio_s3'
[2025-04-22T09:02:02.216+0000] {minio_file_compression_and_email.py:49} INFO - Retrieved MinIO credentials from Airflow connection 'minio_s3'
[2025-04-22T09:02:02.517+0000] {minio_file_compression_and_email.py:66} INFO - Successfully created MinIO client with endpoint http://minio:9000
[2025-04-22T09:02:02.587+0000] {minio_file_compression_and_email.py:122} INFO - Found new file: uploads/test1.txt
[2025-04-22T09:02:02.593+0000] {python.py:240} INFO - Done. Returned value was: uploads/test1.txt
[2025-04-22T09:02:02.708+0000] {taskinstance.py:341} INFO - ::group::Post task execution logs
[2025-04-22T09:02:02.713+0000] {taskinstance.py:353} INFO - Marking task as SUCCESS. dag_id=minio_file_monitoring_compression_dag, task_id=detect_file_in_minio, run_id=scheduled__2025-04-22T09:00:00+00:00, execution_date=20250422T090000, start_date=20250422T090201, end_date=20250422T090202
[2025-04-22T09:02:02.929+0000] {logging_mixin.py:190} INFO - Task instance in success state
[2025-04-22T09:02:02.932+0000] {logging_mixin.py:190} INFO -  Previous state of the Task instance: running
[2025-04-22T09:02:02.932+0000] {logging_mixin.py:190} INFO - Dag name:minio_file_monitoring_compression_dag queued_at:2025-04-22 09:01:50.040638+00:00
[2025-04-22T09:02:02.933+0000] {logging_mixin.py:190} INFO - Task hostname:00ea650ea0df operator:PythonOperator
[2025-04-22T09:02:02.972+0000] {local_task_job_runner.py:266} INFO - Task exited with return code 0
[2025-04-22T09:02:03.044+0000] {taskinstance.py:3901} INFO - 1 downstream tasks scheduled from follow-on schedule check
[2025-04-22T09:02:03.051+0000] {local_task_job_runner.py:245} INFO - ::endgroup::
