[2025-04-22T10:26:24.641+0000] {local_task_job_runner.py:123} INFO - ::group::Pre task execution logs
[2025-04-22T10:26:24.662+0000] {taskinstance.py:2614} INFO - Dependencies all met for dep_context=non-requeueable deps ti=<TaskInstance: compress_file_on_upload.send_email manual__2025-04-22T10:25:54.189813+00:00 [queued]>
[2025-04-22T10:26:24.670+0000] {taskinstance.py:2614} INFO - Dependencies all met for dep_context=requeueable deps ti=<TaskInstance: compress_file_on_upload.send_email manual__2025-04-22T10:25:54.189813+00:00 [queued]>
[2025-04-22T10:26:24.671+0000] {taskinstance.py:2867} INFO - Starting attempt 1 of 2
[2025-04-22T10:26:24.838+0000] {taskinstance.py:2890} INFO - Executing <Task(EmailOperator): send_email> on 2025-04-22 10:25:54.189813+00:00
[2025-04-22T10:26:24.846+0000] {warnings.py:112} WARNING - /home/***/.local/lib/python3.12/site-packages/***/task/task_runner/standard_task_runner.py:70: DeprecationWarning: This process (pid=736) is multi-threaded, use of fork() may lead to deadlocks in the child.
  pid = os.fork()

[2025-04-22T10:26:24.847+0000] {standard_task_runner.py:72} INFO - Started process 738 to run task
[2025-04-22T10:26:24.848+0000] {standard_task_runner.py:104} INFO - Running: ['***', 'tasks', 'run', 'compress_file_on_upload', 'send_email', 'manual__2025-04-22T10:25:54.189813+00:00', '--job-id', '203', '--raw', '--subdir', 'DAGS_FOLDER/minio_file_compression_and_email.py', '--cfg-path', '/tmp/tmprqjyl5ad']
[2025-04-22T10:26:24.849+0000] {standard_task_runner.py:105} INFO - Job 203: Subtask send_email
[2025-04-22T10:26:24.893+0000] {task_command.py:467} INFO - Running <TaskInstance: compress_file_on_upload.send_email manual__2025-04-22T10:25:54.189813+00:00 [running]> on host 218dff27a00b
[2025-04-22T10:26:24.987+0000] {taskinstance.py:3134} INFO - Exporting env vars: AIRFLOW_CTX_DAG_OWNER='***' AIRFLOW_CTX_DAG_ID='compress_file_on_upload' AIRFLOW_CTX_TASK_ID='send_email' AIRFLOW_CTX_EXECUTION_DATE='2025-04-22T10:25:54.189813+00:00' AIRFLOW_CTX_TRY_NUMBER='1' AIRFLOW_CTX_DAG_RUN_ID='manual__2025-04-22T10:25:54.189813+00:00'
[2025-04-22T10:26:24.988+0000] {logging_mixin.py:190} INFO - Task instance is in running state
[2025-04-22T10:26:24.989+0000] {logging_mixin.py:190} INFO -  Previous state of the Task instance: queued
[2025-04-22T10:26:24.989+0000] {logging_mixin.py:190} INFO - Current task name:send_email state:running start_date:2025-04-22 10:26:24.662652+00:00
[2025-04-22T10:26:24.989+0000] {logging_mixin.py:190} INFO - Dag name:compress_file_on_upload and current dag run status:running
[2025-04-22T10:26:24.989+0000] {taskinstance.py:732} INFO - ::endgroup::
[2025-04-22T10:26:25.000+0000] {warnings.py:112} WARNING - /home/***/.local/lib/python3.12/site-packages/***/utils/email.py:155: RemovedInAirflow3Warning: Fetching SMTP credentials from configuration variables will be deprecated in a future release. Please set credentials using a connection instead.
  send_mime_email(e_from=mail_from, e_to=recipients, mime_msg=msg, conn_id=conn_id, dryrun=dryrun)

[2025-04-22T10:26:25.001+0000] {email.py:272} INFO - Email alerting: attempt 1
[2025-04-22T10:26:26.935+0000] {email.py:283} INFO - Sent an alert email to ['krishtaltiwari@gmail.com']
[2025-04-22T10:26:28.780+0000] {taskinstance.py:341} INFO - ::group::Post task execution logs
[2025-04-22T10:26:28.782+0000] {taskinstance.py:353} INFO - Marking task as SUCCESS. dag_id=compress_file_on_upload, task_id=send_email, run_id=manual__2025-04-22T10:25:54.189813+00:00, execution_date=20250422T102554, start_date=20250422T102624, end_date=20250422T102628
[2025-04-22T10:26:28.828+0000] {logging_mixin.py:190} INFO - Task instance in success state
[2025-04-22T10:26:28.829+0000] {logging_mixin.py:190} INFO -  Previous state of the Task instance: running
[2025-04-22T10:26:28.829+0000] {logging_mixin.py:190} INFO - Dag name:compress_file_on_upload queued_at:2025-04-22 10:25:54.217432+00:00
[2025-04-22T10:26:28.830+0000] {logging_mixin.py:190} INFO - Task hostname:218dff27a00b operator:EmailOperator
[2025-04-22T10:26:28.882+0000] {local_task_job_runner.py:266} INFO - Task exited with return code 0
[2025-04-22T10:26:28.921+0000] {taskinstance.py:3901} INFO - 0 downstream tasks scheduled from follow-on schedule check
[2025-04-22T10:26:28.927+0000] {local_task_job_runner.py:245} INFO - ::endgroup::
