[2025-04-22T09:06:07.538+0000] {local_task_job_runner.py:123} INFO - ::group::Pre task execution logs
[2025-04-22T09:06:07.569+0000] {taskinstance.py:2614} INFO - Dependencies all met for dep_context=non-requeueable deps ti=<TaskInstance: minio_file_monitoring_compression_dag.detect_file_in_minio scheduled__2025-04-22T09:05:00+00:00 [queued]>
[2025-04-22T09:06:07.583+0000] {taskinstance.py:2614} INFO - Dependencies all met for dep_context=requeueable deps ti=<TaskInstance: minio_file_monitoring_compression_dag.detect_file_in_minio scheduled__2025-04-22T09:05:00+00:00 [queued]>
[2025-04-22T09:06:07.584+0000] {taskinstance.py:2867} INFO - Starting attempt 1 of 2
[2025-04-22T09:06:07.777+0000] {taskinstance.py:2890} INFO - Executing <Task(S3KeySensor): detect_file_in_minio> on 2025-04-22 09:05:00+00:00
[2025-04-22T09:06:07.785+0000] {warnings.py:112} WARNING - /home/***/.local/lib/python3.12/site-packages/***/task/task_runner/standard_task_runner.py:70: DeprecationWarning: This process (pid=112) is multi-threaded, use of fork() may lead to deadlocks in the child.
  pid = os.fork()

[2025-04-22T09:06:07.787+0000] {standard_task_runner.py:72} INFO - Started process 114 to run task
[2025-04-22T09:06:07.787+0000] {standard_task_runner.py:104} INFO - Running: ['***', 'tasks', 'run', 'minio_file_monitoring_compression_dag', 'detect_file_in_minio', 'scheduled__2025-04-22T09:05:00+00:00', '--job-id', '68', '--raw', '--subdir', 'DAGS_FOLDER/minio_file_compression_and_email.py', '--cfg-path', '/tmp/tmp__nct5m_']
[2025-04-22T09:06:07.789+0000] {standard_task_runner.py:105} INFO - Job 68: Subtask detect_file_in_minio
[2025-04-22T09:06:07.851+0000] {task_command.py:467} INFO - Running <TaskInstance: minio_file_monitoring_compression_dag.detect_file_in_minio scheduled__2025-04-22T09:05:00+00:00 [running]> on host 00ea650ea0df
[2025-04-22T09:06:07.950+0000] {taskinstance.py:3134} INFO - Exporting env vars: AIRFLOW_CTX_DAG_EMAIL='krishtaltiwari@gmail.com' AIRFLOW_CTX_DAG_OWNER='***' AIRFLOW_CTX_DAG_ID='minio_file_monitoring_compression_dag' AIRFLOW_CTX_TASK_ID='detect_file_in_minio' AIRFLOW_CTX_EXECUTION_DATE='2025-04-22T09:05:00+00:00' AIRFLOW_CTX_TRY_NUMBER='1' AIRFLOW_CTX_DAG_RUN_ID='scheduled__2025-04-22T09:05:00+00:00'
[2025-04-22T09:06:07.952+0000] {logging_mixin.py:190} INFO - Task instance is in running state
[2025-04-22T09:06:07.952+0000] {logging_mixin.py:190} INFO -  Previous state of the Task instance: queued
[2025-04-22T09:06:07.952+0000] {logging_mixin.py:190} INFO - Current task name:detect_file_in_minio state:running start_date:2025-04-22 09:06:07.571083+00:00
[2025-04-22T09:06:07.953+0000] {logging_mixin.py:190} INFO - Dag name:minio_file_monitoring_compression_dag and current dag run status:running
[2025-04-22T09:06:07.953+0000] {taskinstance.py:732} INFO - ::endgroup::
[2025-04-22T09:06:07.954+0000] {baseoperator.py:423} WARNING - S3KeySensor.execute cannot be called outside TaskInstance!
[2025-04-22T09:06:07.954+0000] {s3.py:117} INFO - Poking for key : s3://my-bucket/uploads/
[2025-04-22T09:06:07.967+0000] {base.py:84} INFO - Retrieving connection 'minio_s3'
[2025-04-22T09:06:07.968+0000] {connection_wrapper.py:325} INFO - AWS Connection (conn_id='minio_s3', conn_type='aws') credentials retrieved from login and password.
[2025-04-22T09:06:08.616+0000] {base.py:339} INFO - Success criteria met. Exiting.
[2025-04-22T09:06:08.626+0000] {taskinstance.py:341} INFO - ::group::Post task execution logs
[2025-04-22T09:06:08.627+0000] {taskinstance.py:353} INFO - Marking task as SUCCESS. dag_id=minio_file_monitoring_compression_dag, task_id=detect_file_in_minio, run_id=scheduled__2025-04-22T09:05:00+00:00, execution_date=20250422T090500, start_date=20250422T090607, end_date=20250422T090608
[2025-04-22T09:06:08.651+0000] {logging_mixin.py:190} INFO - Task instance in success state
[2025-04-22T09:06:08.652+0000] {logging_mixin.py:190} INFO -  Previous state of the Task instance: running
[2025-04-22T09:06:08.652+0000] {logging_mixin.py:190} INFO - Dag name:minio_file_monitoring_compression_dag queued_at:2025-04-22 09:06:00.153765+00:00
[2025-04-22T09:06:08.653+0000] {logging_mixin.py:190} INFO - Task hostname:00ea650ea0df operator:S3KeySensor
[2025-04-22T09:06:08.670+0000] {local_task_job_runner.py:266} INFO - Task exited with return code 0
[2025-04-22T09:06:08.679+0000] {local_task_job_runner.py:245} INFO - ::endgroup::
