[2025-04-22T09:26:58.047+0000] {local_task_job_runner.py:123} INFO - ::group::Pre task execution logs
[2025-04-22T09:26:58.086+0000] {taskinstance.py:2614} INFO - Dependencies all met for dep_context=non-requeueable deps ti=<TaskInstance: minio_file_monitoring_compression_dag.detect_file_in_minio manual__2025-04-22T09:26:48.626298+00:00 [queued]>
[2025-04-22T09:26:58.108+0000] {taskinstance.py:2614} INFO - Dependencies all met for dep_context=requeueable deps ti=<TaskInstance: minio_file_monitoring_compression_dag.detect_file_in_minio manual__2025-04-22T09:26:48.626298+00:00 [queued]>
[2025-04-22T09:26:58.109+0000] {taskinstance.py:2867} INFO - Starting attempt 1 of 2
[2025-04-22T09:26:58.375+0000] {taskinstance.py:2890} INFO - Executing <Task(S3KeySensor): detect_file_in_minio> on 2025-04-22 09:26:48.626298+00:00
[2025-04-22T09:26:58.390+0000] {warnings.py:112} WARNING - /home/***/.local/lib/python3.12/site-packages/***/task/task_runner/standard_task_runner.py:70: DeprecationWarning: This process (pid=362) is multi-threaded, use of fork() may lead to deadlocks in the child.
  pid = os.fork()

[2025-04-22T09:26:58.393+0000] {standard_task_runner.py:72} INFO - Started process 364 to run task
[2025-04-22T09:26:58.393+0000] {standard_task_runner.py:104} INFO - Running: ['***', 'tasks', 'run', 'minio_file_monitoring_compression_dag', 'detect_file_in_minio', 'manual__2025-04-22T09:26:48.626298+00:00', '--job-id', '86', '--raw', '--subdir', 'DAGS_FOLDER/minio_file_compression_and_email.py', '--cfg-path', '/tmp/tmp6ndoukzu']
[2025-04-22T09:26:58.395+0000] {standard_task_runner.py:105} INFO - Job 86: Subtask detect_file_in_minio
[2025-04-22T09:26:58.493+0000] {task_command.py:467} INFO - Running <TaskInstance: minio_file_monitoring_compression_dag.detect_file_in_minio manual__2025-04-22T09:26:48.626298+00:00 [running]> on host 218dff27a00b
[2025-04-22T09:26:58.693+0000] {taskinstance.py:3134} INFO - Exporting env vars: AIRFLOW_CTX_DAG_EMAIL='krishtaltiwari@gmail.com' AIRFLOW_CTX_DAG_OWNER='***' AIRFLOW_CTX_DAG_ID='minio_file_monitoring_compression_dag' AIRFLOW_CTX_TASK_ID='detect_file_in_minio' AIRFLOW_CTX_EXECUTION_DATE='2025-04-22T09:26:48.626298+00:00' AIRFLOW_CTX_TRY_NUMBER='1' AIRFLOW_CTX_DAG_RUN_ID='manual__2025-04-22T09:26:48.626298+00:00'
[2025-04-22T09:26:58.695+0000] {logging_mixin.py:190} INFO - Task instance is in running state
[2025-04-22T09:26:58.696+0000] {logging_mixin.py:190} INFO -  Previous state of the Task instance: queued
[2025-04-22T09:26:58.696+0000] {logging_mixin.py:190} INFO - Current task name:detect_file_in_minio state:running start_date:2025-04-22 09:26:58.087548+00:00
[2025-04-22T09:26:58.697+0000] {logging_mixin.py:190} INFO - Dag name:minio_file_monitoring_compression_dag and current dag run status:running
[2025-04-22T09:26:58.697+0000] {taskinstance.py:732} INFO - ::endgroup::
[2025-04-22T09:26:58.698+0000] {baseoperator.py:423} WARNING - S3KeySensor.execute cannot be called outside TaskInstance!
[2025-04-22T09:26:58.698+0000] {s3.py:117} INFO - Poking for key : s3://my-bucket/uploads/*
[2025-04-22T09:26:58.715+0000] {base.py:84} INFO - Retrieving connection 'minio_s3'
[2025-04-22T09:26:58.717+0000] {connection_wrapper.py:325} INFO - AWS Connection (conn_id='minio_s3', conn_type='aws') credentials retrieved from login and password.
[2025-04-22T09:27:00.813+0000] {base.py:339} INFO - Success criteria met. Exiting.
[2025-04-22T09:27:00.845+0000] {taskinstance.py:341} INFO - ::group::Post task execution logs
[2025-04-22T09:27:00.847+0000] {taskinstance.py:353} INFO - Marking task as SUCCESS. dag_id=minio_file_monitoring_compression_dag, task_id=detect_file_in_minio, run_id=manual__2025-04-22T09:26:48.626298+00:00, execution_date=20250422T092648, start_date=20250422T092658, end_date=20250422T092700
[2025-04-22T09:27:00.897+0000] {logging_mixin.py:190} INFO - Task instance in success state
[2025-04-22T09:27:00.898+0000] {logging_mixin.py:190} INFO -  Previous state of the Task instance: running
[2025-04-22T09:27:00.898+0000] {logging_mixin.py:190} INFO - Dag name:minio_file_monitoring_compression_dag queued_at:2025-04-22 09:26:48.648949+00:00
[2025-04-22T09:27:00.899+0000] {logging_mixin.py:190} INFO - Task hostname:218dff27a00b operator:S3KeySensor
[2025-04-22T09:27:00.920+0000] {local_task_job_runner.py:266} INFO - Task exited with return code 0
[2025-04-22T09:27:00.965+0000] {taskinstance.py:3901} INFO - 1 downstream tasks scheduled from follow-on schedule check
[2025-04-22T09:27:00.969+0000] {local_task_job_runner.py:245} INFO - ::endgroup::
