[2025-04-22T11:57:01.051+0000] {local_task_job_runner.py:123} INFO - ::group::Pre task execution logs
[2025-04-22T11:57:01.082+0000] {taskinstance.py:2614} INFO - Dependencies all met for dep_context=non-requeueable deps ti=<TaskInstance: compress_file_on_upload.wait_for_file scheduled__2025-04-22T11:43:00+00:00 [queued]>
[2025-04-22T11:57:01.095+0000] {taskinstance.py:2614} INFO - Dependencies all met for dep_context=requeueable deps ti=<TaskInstance: compress_file_on_upload.wait_for_file scheduled__2025-04-22T11:43:00+00:00 [queued]>
[2025-04-22T11:57:01.096+0000] {taskinstance.py:2867} INFO - Starting attempt 2 of 2
[2025-04-22T11:57:01.351+0000] {taskinstance.py:2890} INFO - Executing <Task(PythonSensor): wait_for_file> on 2025-04-22 11:43:00+00:00
[2025-04-22T11:57:01.365+0000] {warnings.py:112} WARNING - /home/***/.local/lib/python3.12/site-packages/***/task/task_runner/standard_task_runner.py:70: DeprecationWarning: This process (pid=2079) is multi-threaded, use of fork() may lead to deadlocks in the child.
  pid = os.fork()

[2025-04-22T11:57:01.365+0000] {standard_task_runner.py:104} INFO - Running: ['***', 'tasks', 'run', 'compress_file_on_upload', 'wait_for_file', 'scheduled__2025-04-22T11:43:00+00:00', '--job-id', '427', '--raw', '--subdir', 'DAGS_FOLDER/minio_file_compression_and_email.py', '--cfg-path', '/tmp/tmp3coxojru']
[2025-04-22T11:57:01.368+0000] {standard_task_runner.py:72} INFO - Started process 2095 to run task
[2025-04-22T11:57:01.368+0000] {standard_task_runner.py:105} INFO - Job 427: Subtask wait_for_file
[2025-04-22T11:57:01.458+0000] {task_command.py:467} INFO - Running <TaskInstance: compress_file_on_upload.wait_for_file scheduled__2025-04-22T11:43:00+00:00 [running]> on host 218dff27a00b
[2025-04-22T11:57:01.578+0000] {taskinstance.py:3134} INFO - Exporting env vars: AIRFLOW_CTX_DAG_OWNER='***' AIRFLOW_CTX_DAG_ID='compress_file_on_upload' AIRFLOW_CTX_TASK_ID='wait_for_file' AIRFLOW_CTX_EXECUTION_DATE='2025-04-22T11:43:00+00:00' AIRFLOW_CTX_TRY_NUMBER='2' AIRFLOW_CTX_DAG_RUN_ID='scheduled__2025-04-22T11:43:00+00:00'
[2025-04-22T11:57:01.580+0000] {logging_mixin.py:190} INFO - Task instance is in running state
[2025-04-22T11:57:01.581+0000] {logging_mixin.py:190} INFO -  Previous state of the Task instance: queued
[2025-04-22T11:57:01.584+0000] {logging_mixin.py:190} INFO - Current task name:wait_for_file state:running start_date:2025-04-22 11:57:01.083182+00:00
[2025-04-22T11:57:01.587+0000] {logging_mixin.py:190} INFO - Dag name:compress_file_on_upload and current dag run status:running
[2025-04-22T11:57:01.589+0000] {taskinstance.py:732} INFO - ::endgroup::
[2025-04-22T11:57:01.603+0000] {python.py:75} INFO - Poking callable: <function check_for_files at 0x7fc60c122480>
[2025-04-22T11:58:43.953+0000] {job.py:229} INFO - Heartbeat recovered after 102.99 seconds
[2025-04-22T11:58:44.210+0000] {minio_file_compression_and_email.py:44} INFO - Listing objects in bucket: my-bucket, prefix: uploads/
