[2025-04-21T11:33:01.753+0000] {processor.py:186} INFO - Started process (PID=5034) to work on /opt/airflow/dags/example.py
[2025-04-21T11:33:01.754+0000] {processor.py:914} INFO - Processing file /opt/airflow/dags/example.py for tasks to queue
[2025-04-21T11:33:01.756+0000] {logging_mixin.py:190} INFO - [2025-04-21T11:33:01.756+0000] {dagbag.py:588} INFO - Filling up the DagBag from /opt/airflow/dags/example.py
[2025-04-21T11:33:01.765+0000] {processor.py:925} INFO - DAG(s) 'my_dag' retrieved from /opt/airflow/dags/example.py
[2025-04-21T11:33:01.840+0000] {logging_mixin.py:190} INFO - [2025-04-21T11:33:01.839+0000] {override.py:1912} INFO - Created Permission View: can edit on DAG:my_dag
[2025-04-21T11:33:01.847+0000] {logging_mixin.py:190} INFO - [2025-04-21T11:33:01.847+0000] {override.py:1912} INFO - Created Permission View: can read on DAG:my_dag
[2025-04-21T11:33:01.854+0000] {logging_mixin.py:190} INFO - [2025-04-21T11:33:01.853+0000] {override.py:1912} INFO - Created Permission View: can delete on DAG:my_dag
[2025-04-21T11:33:01.863+0000] {logging_mixin.py:190} INFO - [2025-04-21T11:33:01.863+0000] {override.py:1912} INFO - Created Permission View: menu access on DAG Run:my_dag
[2025-04-21T11:33:01.868+0000] {logging_mixin.py:190} INFO - [2025-04-21T11:33:01.867+0000] {override.py:1912} INFO - Created Permission View: can create on DAG Run:my_dag
[2025-04-21T11:33:01.872+0000] {logging_mixin.py:190} INFO - [2025-04-21T11:33:01.872+0000] {override.py:1912} INFO - Created Permission View: can read on DAG Run:my_dag
[2025-04-21T11:33:01.878+0000] {logging_mixin.py:190} INFO - [2025-04-21T11:33:01.878+0000] {override.py:1912} INFO - Created Permission View: can delete on DAG Run:my_dag
[2025-04-21T11:33:01.879+0000] {logging_mixin.py:190} INFO - [2025-04-21T11:33:01.879+0000] {dag.py:3239} INFO - Sync 1 DAGs
[2025-04-21T11:33:01.889+0000] {logging_mixin.py:190} INFO - [2025-04-21T11:33:01.888+0000] {dag.py:3262} INFO - Creating ORM DAG for my_dag
[2025-04-21T11:33:01.896+0000] {logging_mixin.py:190} INFO - [2025-04-21T11:33:01.896+0000] {dag.py:4180} INFO - Setting next_dagrun for my_dag to 2025-04-20 00:00:00+00:00, run_after=2025-04-21 00:00:00+00:00
[2025-04-21T11:33:01.908+0000] {processor.py:208} INFO - Processing /opt/airflow/dags/example.py took 0.159 seconds
[2025-04-21T11:33:32.178+0000] {processor.py:186} INFO - Started process (PID=5098) to work on /opt/airflow/dags/example.py
[2025-04-21T11:33:32.179+0000] {processor.py:914} INFO - Processing file /opt/airflow/dags/example.py for tasks to queue
[2025-04-21T11:33:32.181+0000] {logging_mixin.py:190} INFO - [2025-04-21T11:33:32.181+0000] {dagbag.py:588} INFO - Filling up the DagBag from /opt/airflow/dags/example.py
[2025-04-21T11:33:32.189+0000] {processor.py:925} INFO - DAG(s) 'my_dag' retrieved from /opt/airflow/dags/example.py
[2025-04-21T11:33:32.204+0000] {logging_mixin.py:190} INFO - [2025-04-21T11:33:32.204+0000] {dag.py:3239} INFO - Sync 1 DAGs
[2025-04-21T11:33:32.221+0000] {logging_mixin.py:190} INFO - [2025-04-21T11:33:32.220+0000] {dag.py:4180} INFO - Setting next_dagrun for my_dag to 2025-04-20 00:00:00+00:00, run_after=2025-04-21 00:00:00+00:00
[2025-04-21T11:33:32.234+0000] {processor.py:208} INFO - Processing /opt/airflow/dags/example.py took 0.060 seconds
[2025-04-21T11:34:02.666+0000] {processor.py:186} INFO - Started process (PID=5162) to work on /opt/airflow/dags/example.py
[2025-04-21T11:34:02.667+0000] {processor.py:914} INFO - Processing file /opt/airflow/dags/example.py for tasks to queue
[2025-04-21T11:34:02.669+0000] {logging_mixin.py:190} INFO - [2025-04-21T11:34:02.669+0000] {dagbag.py:588} INFO - Filling up the DagBag from /opt/airflow/dags/example.py
[2025-04-21T11:34:02.677+0000] {processor.py:925} INFO - DAG(s) 'my_dag' retrieved from /opt/airflow/dags/example.py
[2025-04-21T11:34:02.692+0000] {logging_mixin.py:190} INFO - [2025-04-21T11:34:02.691+0000] {dag.py:3239} INFO - Sync 1 DAGs
[2025-04-21T11:34:02.709+0000] {logging_mixin.py:190} INFO - [2025-04-21T11:34:02.709+0000] {dag.py:4180} INFO - Setting next_dagrun for my_dag to 2025-04-20 00:00:00+00:00, run_after=2025-04-21 00:00:00+00:00
[2025-04-21T11:34:02.726+0000] {processor.py:208} INFO - Processing /opt/airflow/dags/example.py took 0.064 seconds
[2025-04-21T11:34:32.920+0000] {processor.py:186} INFO - Started process (PID=5226) to work on /opt/airflow/dags/example.py
[2025-04-21T11:34:32.921+0000] {processor.py:914} INFO - Processing file /opt/airflow/dags/example.py for tasks to queue
[2025-04-21T11:34:32.923+0000] {logging_mixin.py:190} INFO - [2025-04-21T11:34:32.923+0000] {dagbag.py:588} INFO - Filling up the DagBag from /opt/airflow/dags/example.py
[2025-04-21T11:34:32.932+0000] {processor.py:925} INFO - DAG(s) 'my_dag' retrieved from /opt/airflow/dags/example.py
[2025-04-21T11:34:32.950+0000] {logging_mixin.py:190} INFO - [2025-04-21T11:34:32.950+0000] {dag.py:3239} INFO - Sync 1 DAGs
[2025-04-21T11:34:32.972+0000] {logging_mixin.py:190} INFO - [2025-04-21T11:34:32.972+0000] {dag.py:4180} INFO - Setting next_dagrun for my_dag to 2025-04-20 00:00:00+00:00, run_after=2025-04-21 00:00:00+00:00
[2025-04-21T11:34:32.990+0000] {processor.py:208} INFO - Processing /opt/airflow/dags/example.py took 0.075 seconds
[2025-04-21T11:35:03.283+0000] {processor.py:186} INFO - Started process (PID=5290) to work on /opt/airflow/dags/example.py
[2025-04-21T11:35:03.284+0000] {processor.py:914} INFO - Processing file /opt/airflow/dags/example.py for tasks to queue
[2025-04-21T11:35:03.286+0000] {logging_mixin.py:190} INFO - [2025-04-21T11:35:03.286+0000] {dagbag.py:588} INFO - Filling up the DagBag from /opt/airflow/dags/example.py
[2025-04-21T11:35:03.295+0000] {processor.py:925} INFO - DAG(s) 'my_dag' retrieved from /opt/airflow/dags/example.py
[2025-04-21T11:35:03.310+0000] {logging_mixin.py:190} INFO - [2025-04-21T11:35:03.310+0000] {dag.py:3239} INFO - Sync 1 DAGs
[2025-04-21T11:35:03.328+0000] {logging_mixin.py:190} INFO - [2025-04-21T11:35:03.328+0000] {dag.py:4180} INFO - Setting next_dagrun for my_dag to 2025-04-20 00:00:00+00:00, run_after=2025-04-21 00:00:00+00:00
[2025-04-21T11:35:03.342+0000] {processor.py:208} INFO - Processing /opt/airflow/dags/example.py took 0.063 seconds
[2025-04-21T11:35:33.439+0000] {processor.py:186} INFO - Started process (PID=5354) to work on /opt/airflow/dags/example.py
[2025-04-21T11:35:33.440+0000] {processor.py:914} INFO - Processing file /opt/airflow/dags/example.py for tasks to queue
[2025-04-21T11:35:33.442+0000] {logging_mixin.py:190} INFO - [2025-04-21T11:35:33.442+0000] {dagbag.py:588} INFO - Filling up the DagBag from /opt/airflow/dags/example.py
[2025-04-21T11:35:33.450+0000] {processor.py:925} INFO - DAG(s) 'my_dag' retrieved from /opt/airflow/dags/example.py
[2025-04-21T11:35:33.466+0000] {logging_mixin.py:190} INFO - [2025-04-21T11:35:33.466+0000] {dag.py:3239} INFO - Sync 1 DAGs
[2025-04-21T11:35:33.488+0000] {logging_mixin.py:190} INFO - [2025-04-21T11:35:33.488+0000] {dag.py:4180} INFO - Setting next_dagrun for my_dag to 2025-04-20 00:00:00+00:00, run_after=2025-04-21 00:00:00+00:00
[2025-04-21T11:35:33.506+0000] {processor.py:208} INFO - Processing /opt/airflow/dags/example.py took 0.072 seconds
[2025-04-21T11:36:04.203+0000] {processor.py:186} INFO - Started process (PID=5418) to work on /opt/airflow/dags/example.py
[2025-04-21T11:36:04.204+0000] {processor.py:914} INFO - Processing file /opt/airflow/dags/example.py for tasks to queue
[2025-04-21T11:36:04.206+0000] {logging_mixin.py:190} INFO - [2025-04-21T11:36:04.206+0000] {dagbag.py:588} INFO - Filling up the DagBag from /opt/airflow/dags/example.py
[2025-04-21T11:36:04.215+0000] {processor.py:925} INFO - DAG(s) 'my_dag' retrieved from /opt/airflow/dags/example.py
[2025-04-21T11:36:04.233+0000] {logging_mixin.py:190} INFO - [2025-04-21T11:36:04.232+0000] {dag.py:3239} INFO - Sync 1 DAGs
[2025-04-21T11:36:04.252+0000] {logging_mixin.py:190} INFO - [2025-04-21T11:36:04.252+0000] {dag.py:4180} INFO - Setting next_dagrun for my_dag to 2025-04-20 00:00:00+00:00, run_after=2025-04-21 00:00:00+00:00
[2025-04-21T11:36:04.270+0000] {processor.py:208} INFO - Processing /opt/airflow/dags/example.py took 0.070 seconds
[2025-04-21T11:36:34.917+0000] {processor.py:186} INFO - Started process (PID=5482) to work on /opt/airflow/dags/example.py
[2025-04-21T11:36:34.919+0000] {processor.py:914} INFO - Processing file /opt/airflow/dags/example.py for tasks to queue
[2025-04-21T11:36:34.921+0000] {logging_mixin.py:190} INFO - [2025-04-21T11:36:34.921+0000] {dagbag.py:588} INFO - Filling up the DagBag from /opt/airflow/dags/example.py
[2025-04-21T11:36:34.928+0000] {processor.py:925} INFO - DAG(s) 'my_dag' retrieved from /opt/airflow/dags/example.py
[2025-04-21T11:36:34.944+0000] {logging_mixin.py:190} INFO - [2025-04-21T11:36:34.943+0000] {dag.py:3239} INFO - Sync 1 DAGs
[2025-04-21T11:36:34.960+0000] {logging_mixin.py:190} INFO - [2025-04-21T11:36:34.960+0000] {dag.py:4180} INFO - Setting next_dagrun for my_dag to 2025-04-20 00:00:00+00:00, run_after=2025-04-21 00:00:00+00:00
[2025-04-21T11:36:34.973+0000] {processor.py:208} INFO - Processing /opt/airflow/dags/example.py took 0.059 seconds
[2025-04-21T11:37:05.567+0000] {processor.py:186} INFO - Started process (PID=5546) to work on /opt/airflow/dags/example.py
[2025-04-21T11:37:05.568+0000] {processor.py:914} INFO - Processing file /opt/airflow/dags/example.py for tasks to queue
[2025-04-21T11:37:05.570+0000] {logging_mixin.py:190} INFO - [2025-04-21T11:37:05.570+0000] {dagbag.py:588} INFO - Filling up the DagBag from /opt/airflow/dags/example.py
[2025-04-21T11:37:05.578+0000] {processor.py:925} INFO - DAG(s) 'my_dag' retrieved from /opt/airflow/dags/example.py
[2025-04-21T11:37:05.595+0000] {logging_mixin.py:190} INFO - [2025-04-21T11:37:05.594+0000] {dag.py:3239} INFO - Sync 1 DAGs
[2025-04-21T11:37:05.616+0000] {logging_mixin.py:190} INFO - [2025-04-21T11:37:05.616+0000] {dag.py:4180} INFO - Setting next_dagrun for my_dag to 2025-04-20 00:00:00+00:00, run_after=2025-04-21 00:00:00+00:00
[2025-04-21T11:37:05.633+0000] {processor.py:208} INFO - Processing /opt/airflow/dags/example.py took 0.069 seconds
[2025-04-21T11:37:36.037+0000] {processor.py:186} INFO - Started process (PID=5610) to work on /opt/airflow/dags/example.py
[2025-04-21T11:37:36.038+0000] {processor.py:914} INFO - Processing file /opt/airflow/dags/example.py for tasks to queue
[2025-04-21T11:37:36.040+0000] {logging_mixin.py:190} INFO - [2025-04-21T11:37:36.040+0000] {dagbag.py:588} INFO - Filling up the DagBag from /opt/airflow/dags/example.py
[2025-04-21T11:37:36.048+0000] {processor.py:925} INFO - DAG(s) 'my_dag' retrieved from /opt/airflow/dags/example.py
[2025-04-21T11:37:36.063+0000] {logging_mixin.py:190} INFO - [2025-04-21T11:37:36.063+0000] {dag.py:3239} INFO - Sync 1 DAGs
[2025-04-21T11:37:36.081+0000] {logging_mixin.py:190} INFO - [2025-04-21T11:37:36.081+0000] {dag.py:4180} INFO - Setting next_dagrun for my_dag to 2025-04-20 00:00:00+00:00, run_after=2025-04-21 00:00:00+00:00
[2025-04-21T11:37:36.096+0000] {processor.py:208} INFO - Processing /opt/airflow/dags/example.py took 0.062 seconds
[2025-04-21T11:38:07.070+0000] {processor.py:186} INFO - Started process (PID=5674) to work on /opt/airflow/dags/example.py
[2025-04-21T11:38:07.070+0000] {processor.py:914} INFO - Processing file /opt/airflow/dags/example.py for tasks to queue
[2025-04-21T11:38:07.072+0000] {logging_mixin.py:190} INFO - [2025-04-21T11:38:07.072+0000] {dagbag.py:588} INFO - Filling up the DagBag from /opt/airflow/dags/example.py
[2025-04-21T11:38:07.080+0000] {processor.py:925} INFO - DAG(s) 'my_dag' retrieved from /opt/airflow/dags/example.py
[2025-04-21T11:38:07.094+0000] {logging_mixin.py:190} INFO - [2025-04-21T11:38:07.094+0000] {dag.py:3239} INFO - Sync 1 DAGs
[2025-04-21T11:38:07.112+0000] {logging_mixin.py:190} INFO - [2025-04-21T11:38:07.112+0000] {dag.py:4180} INFO - Setting next_dagrun for my_dag to 2025-04-20 00:00:00+00:00, run_after=2025-04-21 00:00:00+00:00
[2025-04-21T11:38:07.125+0000] {processor.py:208} INFO - Processing /opt/airflow/dags/example.py took 0.059 seconds
[2025-04-21T11:38:37.514+0000] {processor.py:186} INFO - Started process (PID=5738) to work on /opt/airflow/dags/example.py
[2025-04-21T11:38:37.514+0000] {processor.py:914} INFO - Processing file /opt/airflow/dags/example.py for tasks to queue
[2025-04-21T11:38:37.516+0000] {logging_mixin.py:190} INFO - [2025-04-21T11:38:37.516+0000] {dagbag.py:588} INFO - Filling up the DagBag from /opt/airflow/dags/example.py
[2025-04-21T11:38:37.524+0000] {processor.py:925} INFO - DAG(s) 'my_dag' retrieved from /opt/airflow/dags/example.py
[2025-04-21T11:38:37.538+0000] {logging_mixin.py:190} INFO - [2025-04-21T11:38:37.538+0000] {dag.py:3239} INFO - Sync 1 DAGs
[2025-04-21T11:38:37.556+0000] {logging_mixin.py:190} INFO - [2025-04-21T11:38:37.556+0000] {dag.py:4180} INFO - Setting next_dagrun for my_dag to 2025-04-20 00:00:00+00:00, run_after=2025-04-21 00:00:00+00:00
[2025-04-21T11:38:37.569+0000] {processor.py:208} INFO - Processing /opt/airflow/dags/example.py took 0.059 seconds
[2025-04-21T11:39:08.577+0000] {processor.py:186} INFO - Started process (PID=5808) to work on /opt/airflow/dags/example.py
[2025-04-21T11:39:08.578+0000] {processor.py:914} INFO - Processing file /opt/airflow/dags/example.py for tasks to queue
[2025-04-21T11:39:08.580+0000] {logging_mixin.py:190} INFO - [2025-04-21T11:39:08.579+0000] {dagbag.py:588} INFO - Filling up the DagBag from /opt/airflow/dags/example.py
[2025-04-21T11:39:08.592+0000] {processor.py:925} INFO - DAG(s) 'my_dag' retrieved from /opt/airflow/dags/example.py
[2025-04-21T11:39:08.607+0000] {logging_mixin.py:190} INFO - [2025-04-21T11:39:08.606+0000] {dag.py:3239} INFO - Sync 1 DAGs
[2025-04-21T11:39:08.626+0000] {logging_mixin.py:190} INFO - [2025-04-21T11:39:08.626+0000] {dag.py:4180} INFO - Setting next_dagrun for my_dag to 2025-04-20 00:00:00+00:00, run_after=2025-04-21 00:00:00+00:00
[2025-04-21T11:39:08.643+0000] {processor.py:208} INFO - Processing /opt/airflow/dags/example.py took 0.070 seconds
[2025-04-21T11:39:39.431+0000] {processor.py:186} INFO - Started process (PID=5872) to work on /opt/airflow/dags/example.py
[2025-04-21T11:39:39.432+0000] {processor.py:914} INFO - Processing file /opt/airflow/dags/example.py for tasks to queue
[2025-04-21T11:39:39.434+0000] {logging_mixin.py:190} INFO - [2025-04-21T11:39:39.434+0000] {dagbag.py:588} INFO - Filling up the DagBag from /opt/airflow/dags/example.py
[2025-04-21T11:39:39.442+0000] {processor.py:925} INFO - DAG(s) 'my_dag' retrieved from /opt/airflow/dags/example.py
[2025-04-21T11:39:39.457+0000] {logging_mixin.py:190} INFO - [2025-04-21T11:39:39.457+0000] {dag.py:3239} INFO - Sync 1 DAGs
[2025-04-21T11:39:39.475+0000] {logging_mixin.py:190} INFO - [2025-04-21T11:39:39.474+0000] {dag.py:4180} INFO - Setting next_dagrun for my_dag to 2025-04-20 00:00:00+00:00, run_after=2025-04-21 00:00:00+00:00
[2025-04-21T11:39:39.488+0000] {processor.py:208} INFO - Processing /opt/airflow/dags/example.py took 0.062 seconds
[2025-04-21T11:40:10.212+0000] {processor.py:186} INFO - Started process (PID=5936) to work on /opt/airflow/dags/example.py
[2025-04-21T11:40:10.213+0000] {processor.py:914} INFO - Processing file /opt/airflow/dags/example.py for tasks to queue
[2025-04-21T11:40:10.215+0000] {logging_mixin.py:190} INFO - [2025-04-21T11:40:10.214+0000] {dagbag.py:588} INFO - Filling up the DagBag from /opt/airflow/dags/example.py
[2025-04-21T11:40:10.223+0000] {processor.py:925} INFO - DAG(s) 'my_dag' retrieved from /opt/airflow/dags/example.py
[2025-04-21T11:40:10.238+0000] {logging_mixin.py:190} INFO - [2025-04-21T11:40:10.238+0000] {dag.py:3239} INFO - Sync 1 DAGs
[2025-04-21T11:40:10.258+0000] {logging_mixin.py:190} INFO - [2025-04-21T11:40:10.258+0000] {dag.py:4180} INFO - Setting next_dagrun for my_dag to 2025-04-20 00:00:00+00:00, run_after=2025-04-21 00:00:00+00:00
[2025-04-21T11:40:10.273+0000] {processor.py:208} INFO - Processing /opt/airflow/dags/example.py took 0.065 seconds
[2025-04-21T11:40:40.433+0000] {processor.py:186} INFO - Started process (PID=6000) to work on /opt/airflow/dags/example.py
[2025-04-21T11:40:40.433+0000] {processor.py:914} INFO - Processing file /opt/airflow/dags/example.py for tasks to queue
[2025-04-21T11:40:40.436+0000] {logging_mixin.py:190} INFO - [2025-04-21T11:40:40.436+0000] {dagbag.py:588} INFO - Filling up the DagBag from /opt/airflow/dags/example.py
[2025-04-21T11:40:40.445+0000] {processor.py:925} INFO - DAG(s) 'my_dag' retrieved from /opt/airflow/dags/example.py
[2025-04-21T11:40:40.462+0000] {logging_mixin.py:190} INFO - [2025-04-21T11:40:40.462+0000] {dag.py:3239} INFO - Sync 1 DAGs
[2025-04-21T11:40:40.480+0000] {logging_mixin.py:190} INFO - [2025-04-21T11:40:40.480+0000] {dag.py:4180} INFO - Setting next_dagrun for my_dag to 2025-04-20 00:00:00+00:00, run_after=2025-04-21 00:00:00+00:00
[2025-04-21T11:40:40.495+0000] {processor.py:208} INFO - Processing /opt/airflow/dags/example.py took 0.067 seconds
[2025-04-21T11:41:10.611+0000] {processor.py:186} INFO - Started process (PID=6064) to work on /opt/airflow/dags/example.py
[2025-04-21T11:41:10.612+0000] {processor.py:914} INFO - Processing file /opt/airflow/dags/example.py for tasks to queue
[2025-04-21T11:41:10.614+0000] {logging_mixin.py:190} INFO - [2025-04-21T11:41:10.614+0000] {dagbag.py:588} INFO - Filling up the DagBag from /opt/airflow/dags/example.py
[2025-04-21T11:41:10.622+0000] {processor.py:925} INFO - DAG(s) 'my_dag' retrieved from /opt/airflow/dags/example.py
[2025-04-21T11:41:10.639+0000] {logging_mixin.py:190} INFO - [2025-04-21T11:41:10.639+0000] {dag.py:3239} INFO - Sync 1 DAGs
[2025-04-21T11:41:10.659+0000] {logging_mixin.py:190} INFO - [2025-04-21T11:41:10.659+0000] {dag.py:4180} INFO - Setting next_dagrun for my_dag to 2025-04-20 00:00:00+00:00, run_after=2025-04-21 00:00:00+00:00
[2025-04-21T11:41:10.674+0000] {processor.py:208} INFO - Processing /opt/airflow/dags/example.py took 0.068 seconds
[2025-04-21T11:41:40.912+0000] {processor.py:186} INFO - Started process (PID=6128) to work on /opt/airflow/dags/example.py
[2025-04-21T11:41:40.913+0000] {processor.py:914} INFO - Processing file /opt/airflow/dags/example.py for tasks to queue
[2025-04-21T11:41:40.916+0000] {logging_mixin.py:190} INFO - [2025-04-21T11:41:40.916+0000] {dagbag.py:588} INFO - Filling up the DagBag from /opt/airflow/dags/example.py
[2025-04-21T11:41:40.928+0000] {processor.py:925} INFO - DAG(s) 'my_dag' retrieved from /opt/airflow/dags/example.py
[2025-04-21T11:41:40.945+0000] {logging_mixin.py:190} INFO - [2025-04-21T11:41:40.945+0000] {dag.py:3239} INFO - Sync 1 DAGs
[2025-04-21T11:41:40.966+0000] {logging_mixin.py:190} INFO - [2025-04-21T11:41:40.966+0000] {dag.py:4180} INFO - Setting next_dagrun for my_dag to 2025-04-20 00:00:00+00:00, run_after=2025-04-21 00:00:00+00:00
[2025-04-21T11:41:40.982+0000] {processor.py:208} INFO - Processing /opt/airflow/dags/example.py took 0.075 seconds
[2025-04-21T11:42:11.799+0000] {processor.py:186} INFO - Started process (PID=6192) to work on /opt/airflow/dags/example.py
[2025-04-21T11:42:11.799+0000] {processor.py:914} INFO - Processing file /opt/airflow/dags/example.py for tasks to queue
[2025-04-21T11:42:11.801+0000] {logging_mixin.py:190} INFO - [2025-04-21T11:42:11.801+0000] {dagbag.py:588} INFO - Filling up the DagBag from /opt/airflow/dags/example.py
[2025-04-21T11:42:11.810+0000] {processor.py:925} INFO - DAG(s) 'my_dag' retrieved from /opt/airflow/dags/example.py
[2025-04-21T11:42:11.826+0000] {logging_mixin.py:190} INFO - [2025-04-21T11:42:11.825+0000] {dag.py:3239} INFO - Sync 1 DAGs
[2025-04-21T11:42:11.842+0000] {logging_mixin.py:190} INFO - [2025-04-21T11:42:11.842+0000] {dag.py:4180} INFO - Setting next_dagrun for my_dag to 2025-04-20 00:00:00+00:00, run_after=2025-04-21 00:00:00+00:00
[2025-04-21T11:42:11.859+0000] {processor.py:208} INFO - Processing /opt/airflow/dags/example.py took 0.065 seconds
[2025-04-21T11:42:42.684+0000] {processor.py:186} INFO - Started process (PID=6256) to work on /opt/airflow/dags/example.py
[2025-04-21T11:42:42.685+0000] {processor.py:914} INFO - Processing file /opt/airflow/dags/example.py for tasks to queue
[2025-04-21T11:42:42.688+0000] {logging_mixin.py:190} INFO - [2025-04-21T11:42:42.687+0000] {dagbag.py:588} INFO - Filling up the DagBag from /opt/airflow/dags/example.py
[2025-04-21T11:42:42.696+0000] {processor.py:925} INFO - DAG(s) 'my_dag' retrieved from /opt/airflow/dags/example.py
[2025-04-21T11:42:42.713+0000] {logging_mixin.py:190} INFO - [2025-04-21T11:42:42.713+0000] {dag.py:3239} INFO - Sync 1 DAGs
[2025-04-21T11:42:42.735+0000] {logging_mixin.py:190} INFO - [2025-04-21T11:42:42.735+0000] {dag.py:4180} INFO - Setting next_dagrun for my_dag to 2025-04-20 00:00:00+00:00, run_after=2025-04-21 00:00:00+00:00
[2025-04-21T11:42:42.752+0000] {processor.py:208} INFO - Processing /opt/airflow/dags/example.py took 0.071 seconds
[2025-04-21T11:43:13.053+0000] {processor.py:186} INFO - Started process (PID=6320) to work on /opt/airflow/dags/example.py
[2025-04-21T11:43:13.054+0000] {processor.py:914} INFO - Processing file /opt/airflow/dags/example.py for tasks to queue
[2025-04-21T11:43:13.058+0000] {logging_mixin.py:190} INFO - [2025-04-21T11:43:13.058+0000] {dagbag.py:588} INFO - Filling up the DagBag from /opt/airflow/dags/example.py
[2025-04-21T11:43:13.073+0000] {processor.py:925} INFO - DAG(s) 'my_dag' retrieved from /opt/airflow/dags/example.py
[2025-04-21T11:43:13.107+0000] {logging_mixin.py:190} INFO - [2025-04-21T11:43:13.107+0000] {dag.py:3239} INFO - Sync 1 DAGs
[2025-04-21T11:43:13.147+0000] {logging_mixin.py:190} INFO - [2025-04-21T11:43:13.146+0000] {dag.py:4180} INFO - Setting next_dagrun for my_dag to 2025-04-20 00:00:00+00:00, run_after=2025-04-21 00:00:00+00:00
[2025-04-21T11:43:13.175+0000] {processor.py:208} INFO - Processing /opt/airflow/dags/example.py took 0.133 seconds
[2025-04-21T11:43:43.272+0000] {processor.py:186} INFO - Started process (PID=6384) to work on /opt/airflow/dags/example.py
[2025-04-21T11:43:43.273+0000] {processor.py:914} INFO - Processing file /opt/airflow/dags/example.py for tasks to queue
[2025-04-21T11:43:43.277+0000] {logging_mixin.py:190} INFO - [2025-04-21T11:43:43.277+0000] {dagbag.py:588} INFO - Filling up the DagBag from /opt/airflow/dags/example.py
[2025-04-21T11:43:43.296+0000] {processor.py:925} INFO - DAG(s) 'my_dag' retrieved from /opt/airflow/dags/example.py
[2025-04-21T11:43:43.345+0000] {logging_mixin.py:190} INFO - [2025-04-21T11:43:43.344+0000] {dag.py:3239} INFO - Sync 1 DAGs
[2025-04-21T11:43:43.380+0000] {logging_mixin.py:190} INFO - [2025-04-21T11:43:43.379+0000] {dag.py:4180} INFO - Setting next_dagrun for my_dag to 2025-04-20 00:00:00+00:00, run_after=2025-04-21 00:00:00+00:00
[2025-04-21T11:43:43.405+0000] {processor.py:208} INFO - Processing /opt/airflow/dags/example.py took 0.147 seconds
[2025-04-21T11:44:13.968+0000] {processor.py:186} INFO - Started process (PID=6448) to work on /opt/airflow/dags/example.py
[2025-04-21T11:44:13.969+0000] {processor.py:914} INFO - Processing file /opt/airflow/dags/example.py for tasks to queue
[2025-04-21T11:44:13.973+0000] {logging_mixin.py:190} INFO - [2025-04-21T11:44:13.972+0000] {dagbag.py:588} INFO - Filling up the DagBag from /opt/airflow/dags/example.py
[2025-04-21T11:44:13.985+0000] {processor.py:925} INFO - DAG(s) 'my_dag' retrieved from /opt/airflow/dags/example.py
[2025-04-21T11:44:14.009+0000] {logging_mixin.py:190} INFO - [2025-04-21T11:44:14.009+0000] {dag.py:3239} INFO - Sync 1 DAGs
[2025-04-21T11:44:14.039+0000] {logging_mixin.py:190} INFO - [2025-04-21T11:44:14.038+0000] {dag.py:4180} INFO - Setting next_dagrun for my_dag to 2025-04-20 00:00:00+00:00, run_after=2025-04-21 00:00:00+00:00
[2025-04-21T11:44:14.060+0000] {processor.py:208} INFO - Processing /opt/airflow/dags/example.py took 0.099 seconds
[2025-04-21T11:44:44.476+0000] {processor.py:186} INFO - Started process (PID=6512) to work on /opt/airflow/dags/example.py
[2025-04-21T11:44:44.477+0000] {processor.py:914} INFO - Processing file /opt/airflow/dags/example.py for tasks to queue
[2025-04-21T11:44:44.483+0000] {logging_mixin.py:190} INFO - [2025-04-21T11:44:44.481+0000] {dagbag.py:588} INFO - Filling up the DagBag from /opt/airflow/dags/example.py
[2025-04-21T11:44:44.502+0000] {processor.py:925} INFO - DAG(s) 'my_dag' retrieved from /opt/airflow/dags/example.py
[2025-04-21T11:44:44.537+0000] {logging_mixin.py:190} INFO - [2025-04-21T11:44:44.536+0000] {dag.py:3239} INFO - Sync 1 DAGs
[2025-04-21T11:44:44.589+0000] {logging_mixin.py:190} INFO - [2025-04-21T11:44:44.589+0000] {dag.py:4180} INFO - Setting next_dagrun for my_dag to 2025-04-20 00:00:00+00:00, run_after=2025-04-21 00:00:00+00:00
[2025-04-21T11:44:44.619+0000] {processor.py:208} INFO - Processing /opt/airflow/dags/example.py took 0.155 seconds
[2025-04-21T11:45:15.221+0000] {processor.py:186} INFO - Started process (PID=6574) to work on /opt/airflow/dags/example.py
[2025-04-21T11:45:15.223+0000] {processor.py:914} INFO - Processing file /opt/airflow/dags/example.py for tasks to queue
[2025-04-21T11:45:15.227+0000] {logging_mixin.py:190} INFO - [2025-04-21T11:45:15.227+0000] {dagbag.py:588} INFO - Filling up the DagBag from /opt/airflow/dags/example.py
[2025-04-21T11:45:15.250+0000] {processor.py:925} INFO - DAG(s) 'my_dag' retrieved from /opt/airflow/dags/example.py
[2025-04-21T11:45:15.291+0000] {logging_mixin.py:190} INFO - [2025-04-21T11:45:15.290+0000] {dag.py:3239} INFO - Sync 1 DAGs
[2025-04-21T11:45:15.328+0000] {logging_mixin.py:190} INFO - [2025-04-21T11:45:15.327+0000] {dag.py:4180} INFO - Setting next_dagrun for my_dag to 2025-04-20 00:00:00+00:00, run_after=2025-04-21 00:00:00+00:00
[2025-04-21T11:45:15.363+0000] {processor.py:208} INFO - Processing /opt/airflow/dags/example.py took 0.149 seconds
[2025-04-21T11:45:46.270+0000] {processor.py:186} INFO - Started process (PID=6638) to work on /opt/airflow/dags/example.py
[2025-04-21T11:45:46.272+0000] {processor.py:914} INFO - Processing file /opt/airflow/dags/example.py for tasks to queue
[2025-04-21T11:45:46.276+0000] {logging_mixin.py:190} INFO - [2025-04-21T11:45:46.275+0000] {dagbag.py:588} INFO - Filling up the DagBag from /opt/airflow/dags/example.py
[2025-04-21T11:45:46.295+0000] {processor.py:925} INFO - DAG(s) 'my_dag' retrieved from /opt/airflow/dags/example.py
[2025-04-21T11:45:46.328+0000] {logging_mixin.py:190} INFO - [2025-04-21T11:45:46.328+0000] {dag.py:3239} INFO - Sync 1 DAGs
[2025-04-21T11:45:46.384+0000] {logging_mixin.py:190} INFO - [2025-04-21T11:45:46.384+0000] {dag.py:4180} INFO - Setting next_dagrun for my_dag to 2025-04-20 00:00:00+00:00, run_after=2025-04-21 00:00:00+00:00
[2025-04-21T11:45:46.426+0000] {processor.py:208} INFO - Processing /opt/airflow/dags/example.py took 0.167 seconds
[2025-04-21T11:46:16.879+0000] {processor.py:186} INFO - Started process (PID=6702) to work on /opt/airflow/dags/example.py
[2025-04-21T11:46:16.880+0000] {processor.py:914} INFO - Processing file /opt/airflow/dags/example.py for tasks to queue
[2025-04-21T11:46:16.885+0000] {logging_mixin.py:190} INFO - [2025-04-21T11:46:16.885+0000] {dagbag.py:588} INFO - Filling up the DagBag from /opt/airflow/dags/example.py
[2025-04-21T11:46:16.905+0000] {processor.py:925} INFO - DAG(s) 'my_dag' retrieved from /opt/airflow/dags/example.py
[2025-04-21T11:46:16.945+0000] {logging_mixin.py:190} INFO - [2025-04-21T11:46:16.944+0000] {dag.py:3239} INFO - Sync 1 DAGs
[2025-04-21T11:46:17.000+0000] {logging_mixin.py:190} INFO - [2025-04-21T11:46:17.000+0000] {dag.py:4180} INFO - Setting next_dagrun for my_dag to 2025-04-20 00:00:00+00:00, run_after=2025-04-21 00:00:00+00:00
[2025-04-21T11:46:17.039+0000] {processor.py:208} INFO - Processing /opt/airflow/dags/example.py took 0.170 seconds
[2025-04-21T11:46:47.386+0000] {processor.py:186} INFO - Started process (PID=6766) to work on /opt/airflow/dags/example.py
[2025-04-21T11:46:47.388+0000] {processor.py:914} INFO - Processing file /opt/airflow/dags/example.py for tasks to queue
[2025-04-21T11:46:47.392+0000] {logging_mixin.py:190} INFO - [2025-04-21T11:46:47.391+0000] {dagbag.py:588} INFO - Filling up the DagBag from /opt/airflow/dags/example.py
[2025-04-21T11:46:47.412+0000] {processor.py:925} INFO - DAG(s) 'my_dag' retrieved from /opt/airflow/dags/example.py
[2025-04-21T11:46:47.446+0000] {logging_mixin.py:190} INFO - [2025-04-21T11:46:47.445+0000] {dag.py:3239} INFO - Sync 1 DAGs
[2025-04-21T11:46:47.487+0000] {logging_mixin.py:190} INFO - [2025-04-21T11:46:47.486+0000] {dag.py:4180} INFO - Setting next_dagrun for my_dag to 2025-04-20 00:00:00+00:00, run_after=2025-04-21 00:00:00+00:00
[2025-04-21T11:46:47.523+0000] {processor.py:208} INFO - Processing /opt/airflow/dags/example.py took 0.144 seconds
[2025-04-21T11:47:19.165+0000] {processor.py:186} INFO - Started process (PID=6824) to work on /opt/airflow/dags/example.py
[2025-04-21T11:47:19.167+0000] {processor.py:914} INFO - Processing file /opt/airflow/dags/example.py for tasks to queue
[2025-04-21T11:47:19.173+0000] {logging_mixin.py:190} INFO - [2025-04-21T11:47:19.172+0000] {dagbag.py:588} INFO - Filling up the DagBag from /opt/airflow/dags/example.py
[2025-04-21T11:47:19.192+0000] {processor.py:925} INFO - DAG(s) 'my_dag' retrieved from /opt/airflow/dags/example.py
[2025-04-21T11:47:19.225+0000] {logging_mixin.py:190} INFO - [2025-04-21T11:47:19.224+0000] {dag.py:3239} INFO - Sync 1 DAGs
[2025-04-21T11:47:19.271+0000] {logging_mixin.py:190} INFO - [2025-04-21T11:47:19.270+0000] {dag.py:4180} INFO - Setting next_dagrun for my_dag to 2025-04-20 00:00:00+00:00, run_after=2025-04-21 00:00:00+00:00
[2025-04-21T11:47:19.318+0000] {processor.py:208} INFO - Processing /opt/airflow/dags/example.py took 0.169 seconds
[2025-04-21T11:47:50.355+0000] {processor.py:186} INFO - Started process (PID=6887) to work on /opt/airflow/dags/example.py
[2025-04-21T11:47:50.356+0000] {processor.py:914} INFO - Processing file /opt/airflow/dags/example.py for tasks to queue
[2025-04-21T11:47:50.361+0000] {logging_mixin.py:190} INFO - [2025-04-21T11:47:50.360+0000] {dagbag.py:588} INFO - Filling up the DagBag from /opt/airflow/dags/example.py
[2025-04-21T11:47:50.384+0000] {processor.py:925} INFO - DAG(s) 'my_dag' retrieved from /opt/airflow/dags/example.py
[2025-04-21T11:47:50.411+0000] {logging_mixin.py:190} INFO - [2025-04-21T11:47:50.410+0000] {dag.py:3239} INFO - Sync 1 DAGs
[2025-04-21T11:47:50.444+0000] {logging_mixin.py:190} INFO - [2025-04-21T11:47:50.444+0000] {dag.py:4180} INFO - Setting next_dagrun for my_dag to 2025-04-20 00:00:00+00:00, run_after=2025-04-21 00:00:00+00:00
[2025-04-21T11:47:50.469+0000] {processor.py:208} INFO - Processing /opt/airflow/dags/example.py took 0.126 seconds
[2025-04-21T11:48:21.988+0000] {processor.py:186} INFO - Started process (PID=6951) to work on /opt/airflow/dags/example.py
[2025-04-21T11:48:21.991+0000] {processor.py:914} INFO - Processing file /opt/airflow/dags/example.py for tasks to queue
[2025-04-21T11:48:21.997+0000] {logging_mixin.py:190} INFO - [2025-04-21T11:48:21.996+0000] {dagbag.py:588} INFO - Filling up the DagBag from /opt/airflow/dags/example.py
[2025-04-21T11:48:22.021+0000] {processor.py:925} INFO - DAG(s) 'my_dag' retrieved from /opt/airflow/dags/example.py
[2025-04-21T11:48:22.065+0000] {logging_mixin.py:190} INFO - [2025-04-21T11:48:22.065+0000] {dag.py:3239} INFO - Sync 1 DAGs
[2025-04-21T11:48:22.115+0000] {logging_mixin.py:190} INFO - [2025-04-21T11:48:22.115+0000] {dag.py:4180} INFO - Setting next_dagrun for my_dag to 2025-04-20 00:00:00+00:00, run_after=2025-04-21 00:00:00+00:00
[2025-04-21T11:48:22.156+0000] {processor.py:208} INFO - Processing /opt/airflow/dags/example.py took 0.180 seconds
[2025-04-21T11:48:53.835+0000] {processor.py:186} INFO - Started process (PID=7015) to work on /opt/airflow/dags/example.py
[2025-04-21T11:48:53.837+0000] {processor.py:914} INFO - Processing file /opt/airflow/dags/example.py for tasks to queue
[2025-04-21T11:48:53.843+0000] {logging_mixin.py:190} INFO - [2025-04-21T11:48:53.842+0000] {dagbag.py:588} INFO - Filling up the DagBag from /opt/airflow/dags/example.py
[2025-04-21T11:48:53.865+0000] {processor.py:925} INFO - DAG(s) 'my_dag' retrieved from /opt/airflow/dags/example.py
[2025-04-21T11:48:53.909+0000] {logging_mixin.py:190} INFO - [2025-04-21T11:48:53.908+0000] {dag.py:3239} INFO - Sync 1 DAGs
[2025-04-21T11:48:53.958+0000] {logging_mixin.py:190} INFO - [2025-04-21T11:48:53.958+0000] {dag.py:4180} INFO - Setting next_dagrun for my_dag to 2025-04-20 00:00:00+00:00, run_after=2025-04-21 00:00:00+00:00
[2025-04-21T11:48:53.991+0000] {processor.py:208} INFO - Processing /opt/airflow/dags/example.py took 0.168 seconds
[2025-04-21T11:49:25.008+0000] {processor.py:186} INFO - Started process (PID=7077) to work on /opt/airflow/dags/example.py
[2025-04-21T11:49:25.010+0000] {processor.py:914} INFO - Processing file /opt/airflow/dags/example.py for tasks to queue
[2025-04-21T11:49:25.013+0000] {logging_mixin.py:190} INFO - [2025-04-21T11:49:25.013+0000] {dagbag.py:588} INFO - Filling up the DagBag from /opt/airflow/dags/example.py
[2025-04-21T11:49:25.030+0000] {processor.py:925} INFO - DAG(s) 'my_dag' retrieved from /opt/airflow/dags/example.py
[2025-04-21T11:49:25.072+0000] {logging_mixin.py:190} INFO - [2025-04-21T11:49:25.072+0000] {dag.py:3239} INFO - Sync 1 DAGs
[2025-04-21T11:49:25.106+0000] {logging_mixin.py:190} INFO - [2025-04-21T11:49:25.106+0000] {dag.py:4180} INFO - Setting next_dagrun for my_dag to 2025-04-20 00:00:00+00:00, run_after=2025-04-21 00:00:00+00:00
[2025-04-21T11:49:25.136+0000] {processor.py:208} INFO - Processing /opt/airflow/dags/example.py took 0.135 seconds
[2025-04-21T11:49:55.600+0000] {processor.py:186} INFO - Started process (PID=7139) to work on /opt/airflow/dags/example.py
[2025-04-21T11:49:55.602+0000] {processor.py:914} INFO - Processing file /opt/airflow/dags/example.py for tasks to queue
[2025-04-21T11:49:55.609+0000] {logging_mixin.py:190} INFO - [2025-04-21T11:49:55.609+0000] {dagbag.py:588} INFO - Filling up the DagBag from /opt/airflow/dags/example.py
[2025-04-21T11:49:55.633+0000] {processor.py:925} INFO - DAG(s) 'my_dag' retrieved from /opt/airflow/dags/example.py
[2025-04-21T11:49:55.679+0000] {logging_mixin.py:190} INFO - [2025-04-21T11:49:55.678+0000] {dag.py:3239} INFO - Sync 1 DAGs
[2025-04-21T11:49:55.734+0000] {logging_mixin.py:190} INFO - [2025-04-21T11:49:55.733+0000] {dag.py:4180} INFO - Setting next_dagrun for my_dag to 2025-04-20 00:00:00+00:00, run_after=2025-04-21 00:00:00+00:00
[2025-04-21T11:49:55.776+0000] {processor.py:208} INFO - Processing /opt/airflow/dags/example.py took 0.187 seconds
[2025-04-21T11:50:25.898+0000] {processor.py:186} INFO - Started process (PID=7202) to work on /opt/airflow/dags/example.py
[2025-04-21T11:50:25.899+0000] {processor.py:914} INFO - Processing file /opt/airflow/dags/example.py for tasks to queue
[2025-04-21T11:50:25.903+0000] {logging_mixin.py:190} INFO - [2025-04-21T11:50:25.902+0000] {dagbag.py:588} INFO - Filling up the DagBag from /opt/airflow/dags/example.py
[2025-04-21T11:50:25.921+0000] {processor.py:925} INFO - DAG(s) 'my_dag' retrieved from /opt/airflow/dags/example.py
[2025-04-21T11:50:25.952+0000] {logging_mixin.py:190} INFO - [2025-04-21T11:50:25.951+0000] {dag.py:3239} INFO - Sync 1 DAGs
[2025-04-21T11:50:25.999+0000] {logging_mixin.py:190} INFO - [2025-04-21T11:50:25.999+0000] {dag.py:4180} INFO - Setting next_dagrun for my_dag to 2025-04-20 00:00:00+00:00, run_after=2025-04-21 00:00:00+00:00
[2025-04-21T11:50:26.029+0000] {processor.py:208} INFO - Processing /opt/airflow/dags/example.py took 0.142 seconds
[2025-04-21T11:50:56.167+0000] {processor.py:186} INFO - Started process (PID=7265) to work on /opt/airflow/dags/example.py
[2025-04-21T11:50:56.169+0000] {processor.py:914} INFO - Processing file /opt/airflow/dags/example.py for tasks to queue
[2025-04-21T11:50:56.175+0000] {logging_mixin.py:190} INFO - [2025-04-21T11:50:56.175+0000] {dagbag.py:588} INFO - Filling up the DagBag from /opt/airflow/dags/example.py
[2025-04-21T11:50:56.191+0000] {processor.py:925} INFO - DAG(s) 'my_dag' retrieved from /opt/airflow/dags/example.py
[2025-04-21T11:50:56.235+0000] {logging_mixin.py:190} INFO - [2025-04-21T11:50:56.235+0000] {dag.py:3239} INFO - Sync 1 DAGs
[2025-04-21T11:50:56.288+0000] {logging_mixin.py:190} INFO - [2025-04-21T11:50:56.287+0000] {dag.py:4180} INFO - Setting next_dagrun for my_dag to 2025-04-20 00:00:00+00:00, run_after=2025-04-21 00:00:00+00:00
[2025-04-21T11:50:56.323+0000] {processor.py:208} INFO - Processing /opt/airflow/dags/example.py took 0.169 seconds
[2025-04-21T11:51:26.407+0000] {processor.py:186} INFO - Started process (PID=7329) to work on /opt/airflow/dags/example.py
[2025-04-21T11:51:26.410+0000] {processor.py:914} INFO - Processing file /opt/airflow/dags/example.py for tasks to queue
[2025-04-21T11:51:26.416+0000] {logging_mixin.py:190} INFO - [2025-04-21T11:51:26.415+0000] {dagbag.py:588} INFO - Filling up the DagBag from /opt/airflow/dags/example.py
[2025-04-21T11:51:26.435+0000] {processor.py:925} INFO - DAG(s) 'my_dag' retrieved from /opt/airflow/dags/example.py
[2025-04-21T11:51:26.481+0000] {logging_mixin.py:190} INFO - [2025-04-21T11:51:26.480+0000] {dag.py:3239} INFO - Sync 1 DAGs
[2025-04-21T11:51:26.533+0000] {logging_mixin.py:190} INFO - [2025-04-21T11:51:26.533+0000] {dag.py:4180} INFO - Setting next_dagrun for my_dag to 2025-04-20 00:00:00+00:00, run_after=2025-04-21 00:00:00+00:00
[2025-04-21T11:51:26.572+0000] {processor.py:208} INFO - Processing /opt/airflow/dags/example.py took 0.172 seconds
[2025-04-21T11:51:56.703+0000] {processor.py:186} INFO - Started process (PID=7393) to work on /opt/airflow/dags/example.py
[2025-04-21T11:51:56.705+0000] {processor.py:914} INFO - Processing file /opt/airflow/dags/example.py for tasks to queue
[2025-04-21T11:51:56.713+0000] {logging_mixin.py:190} INFO - [2025-04-21T11:51:56.712+0000] {dagbag.py:588} INFO - Filling up the DagBag from /opt/airflow/dags/example.py
[2025-04-21T11:51:56.739+0000] {processor.py:925} INFO - DAG(s) 'my_dag' retrieved from /opt/airflow/dags/example.py
[2025-04-21T11:51:56.789+0000] {logging_mixin.py:190} INFO - [2025-04-21T11:51:56.789+0000] {dag.py:3239} INFO - Sync 1 DAGs
[2025-04-21T11:51:56.844+0000] {logging_mixin.py:190} INFO - [2025-04-21T11:51:56.843+0000] {dag.py:4180} INFO - Setting next_dagrun for my_dag to 2025-04-20 00:00:00+00:00, run_after=2025-04-21 00:00:00+00:00
[2025-04-21T11:51:56.886+0000] {processor.py:208} INFO - Processing /opt/airflow/dags/example.py took 0.194 seconds
[2025-04-21T11:52:26.949+0000] {processor.py:186} INFO - Started process (PID=7457) to work on /opt/airflow/dags/example.py
[2025-04-21T11:52:26.951+0000] {processor.py:914} INFO - Processing file /opt/airflow/dags/example.py for tasks to queue
[2025-04-21T11:52:26.957+0000] {logging_mixin.py:190} INFO - [2025-04-21T11:52:26.956+0000] {dagbag.py:588} INFO - Filling up the DagBag from /opt/airflow/dags/example.py
[2025-04-21T11:52:26.979+0000] {processor.py:925} INFO - DAG(s) 'my_dag' retrieved from /opt/airflow/dags/example.py
[2025-04-21T11:52:27.028+0000] {logging_mixin.py:190} INFO - [2025-04-21T11:52:27.027+0000] {dag.py:3239} INFO - Sync 1 DAGs
[2025-04-21T11:52:27.081+0000] {logging_mixin.py:190} INFO - [2025-04-21T11:52:27.081+0000] {dag.py:4180} INFO - Setting next_dagrun for my_dag to 2025-04-20 00:00:00+00:00, run_after=2025-04-21 00:00:00+00:00
[2025-04-21T11:52:27.126+0000] {processor.py:208} INFO - Processing /opt/airflow/dags/example.py took 0.190 seconds
[2025-04-21T11:52:57.423+0000] {processor.py:186} INFO - Started process (PID=7521) to work on /opt/airflow/dags/example.py
[2025-04-21T11:52:57.425+0000] {processor.py:914} INFO - Processing file /opt/airflow/dags/example.py for tasks to queue
[2025-04-21T11:52:57.430+0000] {logging_mixin.py:190} INFO - [2025-04-21T11:52:57.429+0000] {dagbag.py:588} INFO - Filling up the DagBag from /opt/airflow/dags/example.py
[2025-04-21T11:52:57.451+0000] {processor.py:925} INFO - DAG(s) 'my_dag' retrieved from /opt/airflow/dags/example.py
[2025-04-21T11:52:57.489+0000] {logging_mixin.py:190} INFO - [2025-04-21T11:52:57.488+0000] {dag.py:3239} INFO - Sync 1 DAGs
[2025-04-21T11:52:57.534+0000] {logging_mixin.py:190} INFO - [2025-04-21T11:52:57.534+0000] {dag.py:4180} INFO - Setting next_dagrun for my_dag to 2025-04-20 00:00:00+00:00, run_after=2025-04-21 00:00:00+00:00
[2025-04-21T11:52:57.572+0000] {processor.py:208} INFO - Processing /opt/airflow/dags/example.py took 0.160 seconds
[2025-04-21T11:53:27.918+0000] {processor.py:186} INFO - Started process (PID=7585) to work on /opt/airflow/dags/example.py
[2025-04-21T11:53:27.920+0000] {processor.py:914} INFO - Processing file /opt/airflow/dags/example.py for tasks to queue
[2025-04-21T11:53:27.926+0000] {logging_mixin.py:190} INFO - [2025-04-21T11:53:27.925+0000] {dagbag.py:588} INFO - Filling up the DagBag from /opt/airflow/dags/example.py
[2025-04-21T11:53:27.949+0000] {processor.py:925} INFO - DAG(s) 'my_dag' retrieved from /opt/airflow/dags/example.py
[2025-04-21T11:53:27.999+0000] {logging_mixin.py:190} INFO - [2025-04-21T11:53:27.998+0000] {dag.py:3239} INFO - Sync 1 DAGs
[2025-04-21T11:53:28.055+0000] {logging_mixin.py:190} INFO - [2025-04-21T11:53:28.054+0000] {dag.py:4180} INFO - Setting next_dagrun for my_dag to 2025-04-20 00:00:00+00:00, run_after=2025-04-21 00:00:00+00:00
[2025-04-21T11:53:28.095+0000] {processor.py:208} INFO - Processing /opt/airflow/dags/example.py took 0.189 seconds
[2025-04-21T11:53:58.212+0000] {processor.py:186} INFO - Started process (PID=7649) to work on /opt/airflow/dags/example.py
[2025-04-21T11:53:58.215+0000] {processor.py:914} INFO - Processing file /opt/airflow/dags/example.py for tasks to queue
[2025-04-21T11:53:58.221+0000] {logging_mixin.py:190} INFO - [2025-04-21T11:53:58.220+0000] {dagbag.py:588} INFO - Filling up the DagBag from /opt/airflow/dags/example.py
[2025-04-21T11:53:58.249+0000] {processor.py:925} INFO - DAG(s) 'my_dag' retrieved from /opt/airflow/dags/example.py
[2025-04-21T11:53:58.302+0000] {logging_mixin.py:190} INFO - [2025-04-21T11:53:58.302+0000] {dag.py:3239} INFO - Sync 1 DAGs
[2025-04-21T11:53:58.356+0000] {logging_mixin.py:190} INFO - [2025-04-21T11:53:58.355+0000] {dag.py:4180} INFO - Setting next_dagrun for my_dag to 2025-04-20 00:00:00+00:00, run_after=2025-04-21 00:00:00+00:00
[2025-04-21T11:53:58.394+0000] {processor.py:208} INFO - Processing /opt/airflow/dags/example.py took 0.195 seconds
[2025-04-21T11:54:28.704+0000] {processor.py:186} INFO - Started process (PID=7713) to work on /opt/airflow/dags/example.py
[2025-04-21T11:54:28.705+0000] {processor.py:914} INFO - Processing file /opt/airflow/dags/example.py for tasks to queue
[2025-04-21T11:54:28.709+0000] {logging_mixin.py:190} INFO - [2025-04-21T11:54:28.708+0000] {dagbag.py:588} INFO - Filling up the DagBag from /opt/airflow/dags/example.py
[2025-04-21T11:54:28.728+0000] {processor.py:925} INFO - DAG(s) 'my_dag' retrieved from /opt/airflow/dags/example.py
[2025-04-21T11:54:28.766+0000] {logging_mixin.py:190} INFO - [2025-04-21T11:54:28.765+0000] {dag.py:3239} INFO - Sync 1 DAGs
[2025-04-21T11:54:28.799+0000] {logging_mixin.py:190} INFO - [2025-04-21T11:54:28.798+0000] {dag.py:4180} INFO - Setting next_dagrun for my_dag to 2025-04-20 00:00:00+00:00, run_after=2025-04-21 00:00:00+00:00
[2025-04-21T11:54:28.836+0000] {processor.py:208} INFO - Processing /opt/airflow/dags/example.py took 0.142 seconds
[2025-04-21T11:54:59.122+0000] {processor.py:186} INFO - Started process (PID=7777) to work on /opt/airflow/dags/example.py
[2025-04-21T11:54:59.123+0000] {processor.py:914} INFO - Processing file /opt/airflow/dags/example.py for tasks to queue
[2025-04-21T11:54:59.129+0000] {logging_mixin.py:190} INFO - [2025-04-21T11:54:59.128+0000] {dagbag.py:588} INFO - Filling up the DagBag from /opt/airflow/dags/example.py
[2025-04-21T11:54:59.149+0000] {processor.py:925} INFO - DAG(s) 'my_dag' retrieved from /opt/airflow/dags/example.py
[2025-04-21T11:54:59.197+0000] {logging_mixin.py:190} INFO - [2025-04-21T11:54:59.196+0000] {dag.py:3239} INFO - Sync 1 DAGs
[2025-04-21T11:54:59.245+0000] {logging_mixin.py:190} INFO - [2025-04-21T11:54:59.244+0000] {dag.py:4180} INFO - Setting next_dagrun for my_dag to 2025-04-20 00:00:00+00:00, run_after=2025-04-21 00:00:00+00:00
[2025-04-21T11:54:59.270+0000] {processor.py:208} INFO - Processing /opt/airflow/dags/example.py took 0.159 seconds
[2025-04-21T11:55:29.423+0000] {processor.py:186} INFO - Started process (PID=7841) to work on /opt/airflow/dags/example.py
[2025-04-21T11:55:29.425+0000] {processor.py:914} INFO - Processing file /opt/airflow/dags/example.py for tasks to queue
[2025-04-21T11:55:29.431+0000] {logging_mixin.py:190} INFO - [2025-04-21T11:55:29.430+0000] {dagbag.py:588} INFO - Filling up the DagBag from /opt/airflow/dags/example.py
[2025-04-21T11:55:29.453+0000] {processor.py:925} INFO - DAG(s) 'my_dag' retrieved from /opt/airflow/dags/example.py
[2025-04-21T11:55:29.495+0000] {logging_mixin.py:190} INFO - [2025-04-21T11:55:29.495+0000] {dag.py:3239} INFO - Sync 1 DAGs
[2025-04-21T11:55:29.554+0000] {logging_mixin.py:190} INFO - [2025-04-21T11:55:29.553+0000] {dag.py:4180} INFO - Setting next_dagrun for my_dag to 2025-04-20 00:00:00+00:00, run_after=2025-04-21 00:00:00+00:00
[2025-04-21T11:55:29.593+0000] {processor.py:208} INFO - Processing /opt/airflow/dags/example.py took 0.183 seconds
[2025-04-21T11:56:00.254+0000] {processor.py:186} INFO - Started process (PID=7905) to work on /opt/airflow/dags/example.py
[2025-04-21T11:56:00.257+0000] {processor.py:914} INFO - Processing file /opt/airflow/dags/example.py for tasks to queue
[2025-04-21T11:56:00.262+0000] {logging_mixin.py:190} INFO - [2025-04-21T11:56:00.262+0000] {dagbag.py:588} INFO - Filling up the DagBag from /opt/airflow/dags/example.py
[2025-04-21T11:56:00.283+0000] {processor.py:925} INFO - DAG(s) 'my_dag' retrieved from /opt/airflow/dags/example.py
[2025-04-21T11:56:00.331+0000] {logging_mixin.py:190} INFO - [2025-04-21T11:56:00.330+0000] {dag.py:3239} INFO - Sync 1 DAGs
[2025-04-21T11:56:00.379+0000] {logging_mixin.py:190} INFO - [2025-04-21T11:56:00.378+0000] {dag.py:4180} INFO - Setting next_dagrun for my_dag to 2025-04-20 00:00:00+00:00, run_after=2025-04-21 00:00:00+00:00
[2025-04-21T11:56:00.419+0000] {processor.py:208} INFO - Processing /opt/airflow/dags/example.py took 0.177 seconds
[2025-04-21T11:56:30.506+0000] {processor.py:186} INFO - Started process (PID=7969) to work on /opt/airflow/dags/example.py
[2025-04-21T11:56:30.508+0000] {processor.py:914} INFO - Processing file /opt/airflow/dags/example.py for tasks to queue
[2025-04-21T11:56:30.510+0000] {logging_mixin.py:190} INFO - [2025-04-21T11:56:30.510+0000] {dagbag.py:588} INFO - Filling up the DagBag from /opt/airflow/dags/example.py
[2025-04-21T11:56:30.522+0000] {processor.py:925} INFO - DAG(s) 'my_dag' retrieved from /opt/airflow/dags/example.py
[2025-04-21T11:56:30.546+0000] {logging_mixin.py:190} INFO - [2025-04-21T11:56:30.546+0000] {dag.py:3239} INFO - Sync 1 DAGs
[2025-04-21T11:56:30.575+0000] {logging_mixin.py:190} INFO - [2025-04-21T11:56:30.575+0000] {dag.py:4180} INFO - Setting next_dagrun for my_dag to 2025-04-20 00:00:00+00:00, run_after=2025-04-21 00:00:00+00:00
[2025-04-21T11:56:30.595+0000] {processor.py:208} INFO - Processing /opt/airflow/dags/example.py took 0.095 seconds
[2025-04-21T11:57:01.234+0000] {processor.py:186} INFO - Started process (PID=8033) to work on /opt/airflow/dags/example.py
[2025-04-21T11:57:01.236+0000] {processor.py:914} INFO - Processing file /opt/airflow/dags/example.py for tasks to queue
[2025-04-21T11:57:01.240+0000] {logging_mixin.py:190} INFO - [2025-04-21T11:57:01.239+0000] {dagbag.py:588} INFO - Filling up the DagBag from /opt/airflow/dags/example.py
[2025-04-21T11:57:01.261+0000] {processor.py:925} INFO - DAG(s) 'my_dag' retrieved from /opt/airflow/dags/example.py
[2025-04-21T11:57:01.302+0000] {logging_mixin.py:190} INFO - [2025-04-21T11:57:01.302+0000] {dag.py:3239} INFO - Sync 1 DAGs
[2025-04-21T11:57:01.350+0000] {logging_mixin.py:190} INFO - [2025-04-21T11:57:01.350+0000] {dag.py:4180} INFO - Setting next_dagrun for my_dag to 2025-04-20 00:00:00+00:00, run_after=2025-04-21 00:00:00+00:00
[2025-04-21T11:57:01.392+0000] {processor.py:208} INFO - Processing /opt/airflow/dags/example.py took 0.170 seconds
[2025-04-21T11:57:31.874+0000] {processor.py:186} INFO - Started process (PID=8097) to work on /opt/airflow/dags/example.py
[2025-04-21T11:57:31.876+0000] {processor.py:914} INFO - Processing file /opt/airflow/dags/example.py for tasks to queue
[2025-04-21T11:57:31.882+0000] {logging_mixin.py:190} INFO - [2025-04-21T11:57:31.881+0000] {dagbag.py:588} INFO - Filling up the DagBag from /opt/airflow/dags/example.py
[2025-04-21T11:57:31.911+0000] {processor.py:925} INFO - DAG(s) 'my_dag' retrieved from /opt/airflow/dags/example.py
[2025-04-21T11:57:31.961+0000] {logging_mixin.py:190} INFO - [2025-04-21T11:57:31.961+0000] {dag.py:3239} INFO - Sync 1 DAGs
[2025-04-21T11:57:32.015+0000] {logging_mixin.py:190} INFO - [2025-04-21T11:57:32.014+0000] {dag.py:4180} INFO - Setting next_dagrun for my_dag to 2025-04-20 00:00:00+00:00, run_after=2025-04-21 00:00:00+00:00
[2025-04-21T11:57:32.057+0000] {processor.py:208} INFO - Processing /opt/airflow/dags/example.py took 0.196 seconds
[2025-04-21T11:58:02.595+0000] {processor.py:186} INFO - Started process (PID=8161) to work on /opt/airflow/dags/example.py
[2025-04-21T11:58:02.597+0000] {processor.py:914} INFO - Processing file /opt/airflow/dags/example.py for tasks to queue
[2025-04-21T11:58:02.602+0000] {logging_mixin.py:190} INFO - [2025-04-21T11:58:02.602+0000] {dagbag.py:588} INFO - Filling up the DagBag from /opt/airflow/dags/example.py
[2025-04-21T11:58:02.629+0000] {processor.py:925} INFO - DAG(s) 'my_dag' retrieved from /opt/airflow/dags/example.py
[2025-04-21T11:58:02.679+0000] {logging_mixin.py:190} INFO - [2025-04-21T11:58:02.679+0000] {dag.py:3239} INFO - Sync 1 DAGs
[2025-04-21T11:58:02.740+0000] {logging_mixin.py:190} INFO - [2025-04-21T11:58:02.739+0000] {dag.py:4180} INFO - Setting next_dagrun for my_dag to 2025-04-20 00:00:00+00:00, run_after=2025-04-21 00:00:00+00:00
[2025-04-21T11:58:02.778+0000] {processor.py:208} INFO - Processing /opt/airflow/dags/example.py took 0.195 seconds
[2025-04-21T11:58:33.003+0000] {processor.py:186} INFO - Started process (PID=8225) to work on /opt/airflow/dags/example.py
[2025-04-21T11:58:33.004+0000] {processor.py:914} INFO - Processing file /opt/airflow/dags/example.py for tasks to queue
[2025-04-21T11:58:33.010+0000] {logging_mixin.py:190} INFO - [2025-04-21T11:58:33.009+0000] {dagbag.py:588} INFO - Filling up the DagBag from /opt/airflow/dags/example.py
[2025-04-21T11:58:33.029+0000] {processor.py:925} INFO - DAG(s) 'my_dag' retrieved from /opt/airflow/dags/example.py
[2025-04-21T11:58:33.063+0000] {logging_mixin.py:190} INFO - [2025-04-21T11:58:33.062+0000] {dag.py:3239} INFO - Sync 1 DAGs
[2025-04-21T11:58:33.107+0000] {logging_mixin.py:190} INFO - [2025-04-21T11:58:33.106+0000] {dag.py:4180} INFO - Setting next_dagrun for my_dag to 2025-04-20 00:00:00+00:00, run_after=2025-04-21 00:00:00+00:00
[2025-04-21T11:58:33.145+0000] {processor.py:208} INFO - Processing /opt/airflow/dags/example.py took 0.155 seconds
[2025-04-21T11:59:03.310+0000] {processor.py:186} INFO - Started process (PID=8289) to work on /opt/airflow/dags/example.py
[2025-04-21T11:59:03.312+0000] {processor.py:914} INFO - Processing file /opt/airflow/dags/example.py for tasks to queue
[2025-04-21T11:59:03.316+0000] {logging_mixin.py:190} INFO - [2025-04-21T11:59:03.316+0000] {dagbag.py:588} INFO - Filling up the DagBag from /opt/airflow/dags/example.py
[2025-04-21T11:59:03.342+0000] {processor.py:925} INFO - DAG(s) 'my_dag' retrieved from /opt/airflow/dags/example.py
[2025-04-21T11:59:03.384+0000] {logging_mixin.py:190} INFO - [2025-04-21T11:59:03.384+0000] {dag.py:3239} INFO - Sync 1 DAGs
[2025-04-21T11:59:03.440+0000] {logging_mixin.py:190} INFO - [2025-04-21T11:59:03.440+0000] {dag.py:4180} INFO - Setting next_dagrun for my_dag to 2025-04-20 00:00:00+00:00, run_after=2025-04-21 00:00:00+00:00
[2025-04-21T11:59:03.471+0000] {processor.py:208} INFO - Processing /opt/airflow/dags/example.py took 0.174 seconds
[2025-04-21T11:59:34.112+0000] {processor.py:186} INFO - Started process (PID=8352) to work on /opt/airflow/dags/example.py
[2025-04-21T11:59:34.114+0000] {processor.py:914} INFO - Processing file /opt/airflow/dags/example.py for tasks to queue
[2025-04-21T11:59:34.121+0000] {logging_mixin.py:190} INFO - [2025-04-21T11:59:34.120+0000] {dagbag.py:588} INFO - Filling up the DagBag from /opt/airflow/dags/example.py
[2025-04-21T11:59:34.147+0000] {processor.py:925} INFO - DAG(s) 'my_dag' retrieved from /opt/airflow/dags/example.py
[2025-04-21T11:59:34.182+0000] {logging_mixin.py:190} INFO - [2025-04-21T11:59:34.182+0000] {dag.py:3239} INFO - Sync 1 DAGs
[2025-04-21T11:59:34.229+0000] {logging_mixin.py:190} INFO - [2025-04-21T11:59:34.228+0000] {dag.py:4180} INFO - Setting next_dagrun for my_dag to 2025-04-20 00:00:00+00:00, run_after=2025-04-21 00:00:00+00:00
[2025-04-21T11:59:34.260+0000] {processor.py:208} INFO - Processing /opt/airflow/dags/example.py took 0.160 seconds
[2025-04-21T12:00:04.618+0000] {processor.py:186} INFO - Started process (PID=8415) to work on /opt/airflow/dags/example.py
[2025-04-21T12:00:04.620+0000] {processor.py:914} INFO - Processing file /opt/airflow/dags/example.py for tasks to queue
[2025-04-21T12:00:04.626+0000] {logging_mixin.py:190} INFO - [2025-04-21T12:00:04.625+0000] {dagbag.py:588} INFO - Filling up the DagBag from /opt/airflow/dags/example.py
[2025-04-21T12:00:04.645+0000] {processor.py:925} INFO - DAG(s) 'my_dag' retrieved from /opt/airflow/dags/example.py
[2025-04-21T12:00:04.697+0000] {logging_mixin.py:190} INFO - [2025-04-21T12:00:04.696+0000] {dag.py:3239} INFO - Sync 1 DAGs
[2025-04-21T12:00:04.752+0000] {logging_mixin.py:190} INFO - [2025-04-21T12:00:04.751+0000] {dag.py:4180} INFO - Setting next_dagrun for my_dag to 2025-04-20 00:00:00+00:00, run_after=2025-04-21 00:00:00+00:00
[2025-04-21T12:00:04.793+0000] {processor.py:208} INFO - Processing /opt/airflow/dags/example.py took 0.182 seconds
[2025-04-21T12:00:35.709+0000] {processor.py:186} INFO - Started process (PID=8479) to work on /opt/airflow/dags/example.py
[2025-04-21T12:00:35.711+0000] {processor.py:914} INFO - Processing file /opt/airflow/dags/example.py for tasks to queue
[2025-04-21T12:00:35.717+0000] {logging_mixin.py:190} INFO - [2025-04-21T12:00:35.716+0000] {dagbag.py:588} INFO - Filling up the DagBag from /opt/airflow/dags/example.py
[2025-04-21T12:00:35.734+0000] {processor.py:925} INFO - DAG(s) 'my_dag' retrieved from /opt/airflow/dags/example.py
[2025-04-21T12:00:35.772+0000] {logging_mixin.py:190} INFO - [2025-04-21T12:00:35.771+0000] {dag.py:3239} INFO - Sync 1 DAGs
[2025-04-21T12:00:35.821+0000] {logging_mixin.py:190} INFO - [2025-04-21T12:00:35.821+0000] {dag.py:4180} INFO - Setting next_dagrun for my_dag to 2025-04-20 00:00:00+00:00, run_after=2025-04-21 00:00:00+00:00
[2025-04-21T12:00:35.852+0000] {processor.py:208} INFO - Processing /opt/airflow/dags/example.py took 0.154 seconds
[2025-04-21T12:01:06.003+0000] {processor.py:186} INFO - Started process (PID=8543) to work on /opt/airflow/dags/example.py
[2025-04-21T12:01:06.004+0000] {processor.py:914} INFO - Processing file /opt/airflow/dags/example.py for tasks to queue
[2025-04-21T12:01:06.010+0000] {logging_mixin.py:190} INFO - [2025-04-21T12:01:06.009+0000] {dagbag.py:588} INFO - Filling up the DagBag from /opt/airflow/dags/example.py
[2025-04-21T12:01:06.033+0000] {processor.py:925} INFO - DAG(s) 'my_dag' retrieved from /opt/airflow/dags/example.py
[2025-04-21T12:01:06.082+0000] {logging_mixin.py:190} INFO - [2025-04-21T12:01:06.081+0000] {dag.py:3239} INFO - Sync 1 DAGs
[2025-04-21T12:01:06.136+0000] {logging_mixin.py:190} INFO - [2025-04-21T12:01:06.135+0000] {dag.py:4180} INFO - Setting next_dagrun for my_dag to 2025-04-20 00:00:00+00:00, run_after=2025-04-21 00:00:00+00:00
[2025-04-21T12:01:06.176+0000] {processor.py:208} INFO - Processing /opt/airflow/dags/example.py took 0.185 seconds
[2025-04-21T12:01:36.762+0000] {processor.py:186} INFO - Started process (PID=8607) to work on /opt/airflow/dags/example.py
[2025-04-21T12:01:36.765+0000] {processor.py:914} INFO - Processing file /opt/airflow/dags/example.py for tasks to queue
[2025-04-21T12:01:36.771+0000] {logging_mixin.py:190} INFO - [2025-04-21T12:01:36.770+0000] {dagbag.py:588} INFO - Filling up the DagBag from /opt/airflow/dags/example.py
[2025-04-21T12:01:36.798+0000] {processor.py:925} INFO - DAG(s) 'my_dag' retrieved from /opt/airflow/dags/example.py
[2025-04-21T12:01:36.848+0000] {logging_mixin.py:190} INFO - [2025-04-21T12:01:36.847+0000] {dag.py:3239} INFO - Sync 1 DAGs
[2025-04-21T12:01:36.906+0000] {logging_mixin.py:190} INFO - [2025-04-21T12:01:36.905+0000] {dag.py:4180} INFO - Setting next_dagrun for my_dag to 2025-04-20 00:00:00+00:00, run_after=2025-04-21 00:00:00+00:00
[2025-04-21T12:01:36.947+0000] {processor.py:208} INFO - Processing /opt/airflow/dags/example.py took 0.199 seconds
[2025-04-21T12:02:07.559+0000] {processor.py:186} INFO - Started process (PID=8671) to work on /opt/airflow/dags/example.py
[2025-04-21T12:02:07.561+0000] {processor.py:914} INFO - Processing file /opt/airflow/dags/example.py for tasks to queue
[2025-04-21T12:02:07.567+0000] {logging_mixin.py:190} INFO - [2025-04-21T12:02:07.566+0000] {dagbag.py:588} INFO - Filling up the DagBag from /opt/airflow/dags/example.py
[2025-04-21T12:02:07.591+0000] {processor.py:925} INFO - DAG(s) 'my_dag' retrieved from /opt/airflow/dags/example.py
[2025-04-21T12:02:07.638+0000] {logging_mixin.py:190} INFO - [2025-04-21T12:02:07.638+0000] {dag.py:3239} INFO - Sync 1 DAGs
[2025-04-21T12:02:07.681+0000] {logging_mixin.py:190} INFO - [2025-04-21T12:02:07.681+0000] {dag.py:4180} INFO - Setting next_dagrun for my_dag to 2025-04-20 00:00:00+00:00, run_after=2025-04-21 00:00:00+00:00
[2025-04-21T12:02:07.725+0000] {processor.py:208} INFO - Processing /opt/airflow/dags/example.py took 0.177 seconds
[2025-04-21T12:02:38.081+0000] {processor.py:186} INFO - Started process (PID=8735) to work on /opt/airflow/dags/example.py
[2025-04-21T12:02:38.083+0000] {processor.py:914} INFO - Processing file /opt/airflow/dags/example.py for tasks to queue
[2025-04-21T12:02:38.089+0000] {logging_mixin.py:190} INFO - [2025-04-21T12:02:38.088+0000] {dagbag.py:588} INFO - Filling up the DagBag from /opt/airflow/dags/example.py
[2025-04-21T12:02:38.107+0000] {processor.py:925} INFO - DAG(s) 'my_dag' retrieved from /opt/airflow/dags/example.py
[2025-04-21T12:02:38.148+0000] {logging_mixin.py:190} INFO - [2025-04-21T12:02:38.148+0000] {dag.py:3239} INFO - Sync 1 DAGs
[2025-04-21T12:02:38.185+0000] {logging_mixin.py:190} INFO - [2025-04-21T12:02:38.184+0000] {dag.py:4180} INFO - Setting next_dagrun for my_dag to 2025-04-20 00:00:00+00:00, run_after=2025-04-21 00:00:00+00:00
[2025-04-21T12:02:38.210+0000] {processor.py:208} INFO - Processing /opt/airflow/dags/example.py took 0.141 seconds
[2025-04-21T12:03:08.329+0000] {processor.py:186} INFO - Started process (PID=8795) to work on /opt/airflow/dags/example.py
[2025-04-21T12:03:08.331+0000] {processor.py:914} INFO - Processing file /opt/airflow/dags/example.py for tasks to queue
[2025-04-21T12:03:08.335+0000] {logging_mixin.py:190} INFO - [2025-04-21T12:03:08.334+0000] {dagbag.py:588} INFO - Filling up the DagBag from /opt/airflow/dags/example.py
[2025-04-21T12:03:08.352+0000] {processor.py:925} INFO - DAG(s) 'my_dag' retrieved from /opt/airflow/dags/example.py
[2025-04-21T12:03:08.391+0000] {logging_mixin.py:190} INFO - [2025-04-21T12:03:08.391+0000] {dag.py:3239} INFO - Sync 1 DAGs
[2025-04-21T12:03:08.439+0000] {logging_mixin.py:190} INFO - [2025-04-21T12:03:08.438+0000] {dag.py:4180} INFO - Setting next_dagrun for my_dag to 2025-04-20 00:00:00+00:00, run_after=2025-04-21 00:00:00+00:00
[2025-04-21T12:03:08.472+0000] {processor.py:208} INFO - Processing /opt/airflow/dags/example.py took 0.157 seconds
