[2025-04-22T09:01:53.727+0000] {local_task_job_runner.py:123} INFO - ::group::Pre task execution logs
[2025-04-22T09:01:53.790+0000] {taskinstance.py:2614} INFO - Dependencies all met for dep_context=non-requeueable deps ti=<TaskInstance: minio_file_monitoring_compression_dag.check_file_detected manual__2025-04-22T08:55:56.938100+00:00 [queued]>
[2025-04-22T09:01:53.811+0000] {taskinstance.py:2614} INFO - Dependencies all met for dep_context=requeueable deps ti=<TaskInstance: minio_file_monitoring_compression_dag.check_file_detected manual__2025-04-22T08:55:56.938100+00:00 [queued]>
[2025-04-22T09:01:53.812+0000] {taskinstance.py:2867} INFO - Starting attempt 1 of 2
[2025-04-22T09:01:54.095+0000] {taskinstance.py:2890} INFO - Executing <Task(ShortCircuitOperator): check_file_detected> on 2025-04-22 08:55:56.938100+00:00
[2025-04-22T09:01:54.114+0000] {warnings.py:112} WARNING - /home/***/.local/lib/python3.12/site-packages/***/task/task_runner/standard_task_runner.py:70: DeprecationWarning: This process (pid=465) is multi-threaded, use of fork() may lead to deadlocks in the child.
  pid = os.fork()

[2025-04-22T09:01:54.117+0000] {standard_task_runner.py:72} INFO - Started process 469 to run task
[2025-04-22T09:01:54.121+0000] {standard_task_runner.py:104} INFO - Running: ['***', 'tasks', 'run', 'minio_file_monitoring_compression_dag', 'check_file_detected', 'manual__2025-04-22T08:55:56.938100+00:00', '--job-id', '29', '--raw', '--subdir', 'DAGS_FOLDER/minio_file_compression_and_email.py', '--cfg-path', '/tmp/tmpb7wkgkha']
[2025-04-22T09:01:54.123+0000] {standard_task_runner.py:105} INFO - Job 29: Subtask check_file_detected
[2025-04-22T09:01:54.350+0000] {task_command.py:467} INFO - Running <TaskInstance: minio_file_monitoring_compression_dag.check_file_detected manual__2025-04-22T08:55:56.938100+00:00 [running]> on host 00ea650ea0df
[2025-04-22T09:01:54.779+0000] {taskinstance.py:3134} INFO - Exporting env vars: AIRFLOW_CTX_DAG_EMAIL='krishtaltiwari@gmail.com' AIRFLOW_CTX_DAG_OWNER='***' AIRFLOW_CTX_DAG_ID='minio_file_monitoring_compression_dag' AIRFLOW_CTX_TASK_ID='check_file_detected' AIRFLOW_CTX_EXECUTION_DATE='2025-04-22T08:55:56.938100+00:00' AIRFLOW_CTX_TRY_NUMBER='1' AIRFLOW_CTX_DAG_RUN_ID='manual__2025-04-22T08:55:56.938100+00:00'
[2025-04-22T09:01:54.785+0000] {logging_mixin.py:190} INFO - Task instance is in running state
[2025-04-22T09:01:54.786+0000] {logging_mixin.py:190} INFO -  Previous state of the Task instance: queued
[2025-04-22T09:01:54.786+0000] {logging_mixin.py:190} INFO - Current task name:check_file_detected state:running start_date:2025-04-22 09:01:53.791065+00:00
[2025-04-22T09:01:54.787+0000] {logging_mixin.py:190} INFO - Dag name:minio_file_monitoring_compression_dag and current dag run status:running
[2025-04-22T09:01:54.788+0000] {taskinstance.py:732} INFO - ::endgroup::
[2025-04-22T09:01:54.789+0000] {baseoperator.py:423} WARNING - ShortCircuitOperator.execute cannot be called outside TaskInstance!
[2025-04-22T09:01:54.830+0000] {python.py:240} INFO - Done. Returned value was: False
[2025-04-22T09:01:54.834+0000] {python.py:309} INFO - Condition result is False
[2025-04-22T09:01:54.834+0000] {python.py:336} INFO - Skipping downstream tasks
[2025-04-22T09:01:54.930+0000] {python.py:344} INFO - Done.
[2025-04-22T09:01:55.092+0000] {taskinstance.py:341} INFO - ::group::Post task execution logs
[2025-04-22T09:01:55.099+0000] {taskinstance.py:353} INFO - Marking task as SUCCESS. dag_id=minio_file_monitoring_compression_dag, task_id=check_file_detected, run_id=manual__2025-04-22T08:55:56.938100+00:00, execution_date=20250422T085556, start_date=20250422T090153, end_date=20250422T090155
[2025-04-22T09:01:55.369+0000] {logging_mixin.py:190} INFO - Task instance in success state
[2025-04-22T09:01:55.371+0000] {logging_mixin.py:190} INFO -  Previous state of the Task instance: running
[2025-04-22T09:01:55.372+0000] {logging_mixin.py:190} INFO - Dag name:minio_file_monitoring_compression_dag queued_at:2025-04-22 08:55:56.982154+00:00
[2025-04-22T09:01:55.372+0000] {logging_mixin.py:190} INFO - Task hostname:00ea650ea0df operator:ShortCircuitOperator
[2025-04-22T09:01:55.391+0000] {local_task_job_runner.py:266} INFO - Task exited with return code 0
[2025-04-22T09:01:55.458+0000] {taskinstance.py:3901} INFO - 0 downstream tasks scheduled from follow-on schedule check
[2025-04-22T09:01:55.467+0000] {local_task_job_runner.py:245} INFO - ::endgroup::
