[2025-04-22T09:59:32.076+0000] {local_task_job_runner.py:123} INFO - ::group::Pre task execution logs
[2025-04-22T09:59:32.099+0000] {taskinstance.py:2614} INFO - Dependencies all met for dep_context=non-requeueable deps ti=<TaskInstance: compress_file_on_upload.wait_for_file manual__2025-04-22T09:59:28.348436+00:00 [queued]>
[2025-04-22T09:59:32.109+0000] {taskinstance.py:2614} INFO - Dependencies all met for dep_context=requeueable deps ti=<TaskInstance: compress_file_on_upload.wait_for_file manual__2025-04-22T09:59:28.348436+00:00 [queued]>
[2025-04-22T09:59:32.109+0000] {taskinstance.py:2867} INFO - Starting attempt 1 of 2
[2025-04-22T09:59:32.126+0000] {taskinstance.py:2890} INFO - Executing <Task(S3KeySensor): wait_for_file> on 2025-04-22 09:59:28.348436+00:00
[2025-04-22T09:59:32.134+0000] {warnings.py:112} WARNING - /home/***/.local/lib/python3.12/site-packages/***/task/task_runner/standard_task_runner.py:70: DeprecationWarning: This process (pid=196) is multi-threaded, use of fork() may lead to deadlocks in the child.
  pid = os.fork()

[2025-04-22T09:59:32.136+0000] {standard_task_runner.py:72} INFO - Started process 205 to run task
[2025-04-22T09:59:32.136+0000] {standard_task_runner.py:104} INFO - Running: ['***', 'tasks', 'run', 'compress_file_on_upload', 'wait_for_file', 'manual__2025-04-22T09:59:28.348436+00:00', '--job-id', '173', '--raw', '--subdir', 'DAGS_FOLDER/minio_file_compression_and_email.py', '--cfg-path', '/tmp/tmpdbfzfn0e']
[2025-04-22T09:59:32.138+0000] {standard_task_runner.py:105} INFO - Job 173: Subtask wait_for_file
[2025-04-22T09:59:32.428+0000] {task_command.py:467} INFO - Running <TaskInstance: compress_file_on_upload.wait_for_file manual__2025-04-22T09:59:28.348436+00:00 [running]> on host 218dff27a00b
[2025-04-22T09:59:32.505+0000] {taskinstance.py:3134} INFO - Exporting env vars: AIRFLOW_CTX_DAG_OWNER='***' AIRFLOW_CTX_DAG_ID='compress_file_on_upload' AIRFLOW_CTX_TASK_ID='wait_for_file' AIRFLOW_CTX_EXECUTION_DATE='2025-04-22T09:59:28.348436+00:00' AIRFLOW_CTX_TRY_NUMBER='1' AIRFLOW_CTX_DAG_RUN_ID='manual__2025-04-22T09:59:28.348436+00:00'
[2025-04-22T09:59:32.506+0000] {logging_mixin.py:190} INFO - Task instance is in running state
[2025-04-22T09:59:32.506+0000] {logging_mixin.py:190} INFO -  Previous state of the Task instance: queued
[2025-04-22T09:59:32.506+0000] {logging_mixin.py:190} INFO - Current task name:wait_for_file state:running start_date:2025-04-22 09:59:32.100103+00:00
[2025-04-22T09:59:32.507+0000] {logging_mixin.py:190} INFO - Dag name:compress_file_on_upload and current dag run status:running
[2025-04-22T09:59:32.507+0000] {taskinstance.py:732} INFO - ::endgroup::
[2025-04-22T09:59:32.507+0000] {baseoperator.py:423} WARNING - S3KeySensor.execute cannot be called outside TaskInstance!
[2025-04-22T09:59:32.516+0000] {s3.py:117} INFO - Poking for key : s3://my-bucket/uploads/*
[2025-04-22T09:59:32.526+0000] {base.py:84} INFO - Retrieving connection 'minio_s3'
[2025-04-22T09:59:32.526+0000] {connection_wrapper.py:325} INFO - AWS Connection (conn_id='minio_s3', conn_type='aws') credentials retrieved from login and password.
[2025-04-22T09:59:33.481+0000] {base.py:339} INFO - Success criteria met. Exiting.
[2025-04-22T09:59:33.496+0000] {taskinstance.py:341} INFO - ::group::Post task execution logs
[2025-04-22T09:59:33.497+0000] {taskinstance.py:353} INFO - Marking task as SUCCESS. dag_id=compress_file_on_upload, task_id=wait_for_file, run_id=manual__2025-04-22T09:59:28.348436+00:00, execution_date=20250422T095928, start_date=20250422T095932, end_date=20250422T095933
[2025-04-22T09:59:33.525+0000] {logging_mixin.py:190} INFO - Task instance in success state
[2025-04-22T09:59:33.526+0000] {logging_mixin.py:190} INFO -  Previous state of the Task instance: running
[2025-04-22T09:59:33.526+0000] {logging_mixin.py:190} INFO - Dag name:compress_file_on_upload queued_at:2025-04-22 09:59:28.364836+00:00
[2025-04-22T09:59:33.526+0000] {logging_mixin.py:190} INFO - Task hostname:218dff27a00b operator:S3KeySensor
[2025-04-22T09:59:33.552+0000] {local_task_job_runner.py:266} INFO - Task exited with return code 0
[2025-04-22T09:59:33.781+0000] {taskinstance.py:3901} INFO - 1 downstream tasks scheduled from follow-on schedule check
[2025-04-22T09:59:33.784+0000] {local_task_job_runner.py:245} INFO - ::endgroup::
