[2025-04-22T11:20:01.674+0000] {local_task_job_runner.py:123} INFO - ::group::Pre task execution logs
[2025-04-22T11:20:01.693+0000] {taskinstance.py:2614} INFO - Dependencies all met for dep_context=non-requeueable deps ti=<TaskInstance: compress_file_on_upload.wait_for_file scheduled__2025-04-22T11:19:00+00:00 [queued]>
[2025-04-22T11:20:01.705+0000] {taskinstance.py:2614} INFO - Dependencies all met for dep_context=requeueable deps ti=<TaskInstance: compress_file_on_upload.wait_for_file scheduled__2025-04-22T11:19:00+00:00 [queued]>
[2025-04-22T11:20:01.705+0000] {taskinstance.py:2867} INFO - Starting attempt 1 of 2
[2025-04-22T11:20:01.898+0000] {taskinstance.py:2890} INFO - Executing <Task(PythonSensor): wait_for_file> on 2025-04-22 11:19:00+00:00
[2025-04-22T11:20:01.907+0000] {warnings.py:112} WARNING - /home/***/.local/lib/python3.12/site-packages/***/task/task_runner/standard_task_runner.py:70: DeprecationWarning: This process (pid=1353) is multi-threaded, use of fork() may lead to deadlocks in the child.
  pid = os.fork()

[2025-04-22T11:20:01.908+0000] {standard_task_runner.py:72} INFO - Started process 1371 to run task
[2025-04-22T11:20:01.909+0000] {standard_task_runner.py:104} INFO - Running: ['***', 'tasks', 'run', 'compress_file_on_upload', 'wait_for_file', 'scheduled__2025-04-22T11:19:00+00:00', '--job-id', '292', '--raw', '--subdir', 'DAGS_FOLDER/minio_file_compression_and_email.py', '--cfg-path', '/tmp/tmpgsuldg8e']
[2025-04-22T11:20:01.910+0000] {standard_task_runner.py:105} INFO - Job 292: Subtask wait_for_file
[2025-04-22T11:20:01.970+0000] {task_command.py:467} INFO - Running <TaskInstance: compress_file_on_upload.wait_for_file scheduled__2025-04-22T11:19:00+00:00 [running]> on host 218dff27a00b
[2025-04-22T11:20:02.074+0000] {taskinstance.py:3134} INFO - Exporting env vars: AIRFLOW_CTX_DAG_OWNER='***' AIRFLOW_CTX_DAG_ID='compress_file_on_upload' AIRFLOW_CTX_TASK_ID='wait_for_file' AIRFLOW_CTX_EXECUTION_DATE='2025-04-22T11:19:00+00:00' AIRFLOW_CTX_TRY_NUMBER='1' AIRFLOW_CTX_DAG_RUN_ID='scheduled__2025-04-22T11:19:00+00:00'
[2025-04-22T11:20:02.076+0000] {logging_mixin.py:190} INFO - Task instance is in running state
[2025-04-22T11:20:02.076+0000] {logging_mixin.py:190} INFO -  Previous state of the Task instance: queued
[2025-04-22T11:20:02.077+0000] {logging_mixin.py:190} INFO - Current task name:wait_for_file state:running start_date:2025-04-22 11:20:01.693813+00:00
[2025-04-22T11:20:02.077+0000] {logging_mixin.py:190} INFO - Dag name:compress_file_on_upload and current dag run status:running
[2025-04-22T11:20:02.078+0000] {taskinstance.py:732} INFO - ::endgroup::
[2025-04-22T11:20:02.090+0000] {python.py:75} INFO - Poking callable: <function check_for_files at 0x7fc60c122480>
[2025-04-22T11:20:02.221+0000] {minio_file_compression_and_email.py:44} INFO - Listing objects in bucket: my-bucket, prefix: uploads/
[2025-04-22T11:20:02.239+0000] {minio_file_compression_and_email.py:46} INFO - Raw response from MinIO: {'ResponseMetadata': {'RequestId': '1838A005C4620CC1', 'HostId': 'dd9025bab4ad464b049177c95eb6ebf374d3b3fd1af9251148b658df7ac2e3e8', 'HTTPStatusCode': 200, 'HTTPHeaders': {'accept-ranges': 'bytes', 'content-length': '280', 'content-type': 'application/xml', 'server': 'MinIO', 'strict-transport-security': 'max-age=31536000; includeSubDomains', 'vary': 'Origin, Accept-Encoding', 'x-amz-id-2': 'dd9025bab4ad464b049177c95eb6ebf374d3b3fd1af9251148b658df7ac2e3e8', 'x-amz-request-id': '1838A005C4620CC1', 'x-content-type-options': 'nosniff', 'x-ratelimit-limit': '856', 'x-ratelimit-remaining': '856', 'x-xss-protection': '1; mode=block', 'date': 'Tue, 22 Apr 2025 11:20:02 GMT'}, 'RetryAttempts': 0}, 'IsTruncated': False, 'Name': 'my-bucket', 'Prefix': 'uploads/', 'MaxKeys': 1000, 'EncodingType': 'url', 'KeyCount': 0}
[2025-04-22T11:20:02.240+0000] {minio_file_compression_and_email.py:49} INFO - No 'Contents' key in response. Bucket might be empty or prefix incorrect.
[2025-04-22T11:20:02.268+0000] {taskinstance.py:310} INFO - Rescheduling task, marking task as UP_FOR_RESCHEDULE
[2025-04-22T11:20:02.269+0000] {taskinstance.py:341} INFO - ::group::Post task execution logs
[2025-04-22T11:20:02.295+0000] {local_task_job_runner.py:266} INFO - Task exited with return code 0
[2025-04-22T11:20:02.325+0000] {taskinstance.py:3901} INFO - 0 downstream tasks scheduled from follow-on schedule check
[2025-04-22T11:20:02.328+0000] {local_task_job_runner.py:245} INFO - ::endgroup::
[2025-04-22T11:20:05.657+0000] {local_task_job_runner.py:123} INFO - ::group::Pre task execution logs
[2025-04-22T11:20:05.676+0000] {taskinstance.py:2614} INFO - Dependencies all met for dep_context=non-requeueable deps ti=<TaskInstance: compress_file_on_upload.wait_for_file scheduled__2025-04-22T11:19:00+00:00 [queued]>
[2025-04-22T11:20:05.686+0000] {taskinstance.py:2614} INFO - Dependencies all met for dep_context=requeueable deps ti=<TaskInstance: compress_file_on_upload.wait_for_file scheduled__2025-04-22T11:19:00+00:00 [queued]>
[2025-04-22T11:20:05.686+0000] {taskinstance.py:2867} INFO - Starting attempt 1 of 2
[2025-04-22T11:20:05.868+0000] {taskinstance.py:2890} INFO - Executing <Task(PythonSensor): wait_for_file> on 2025-04-22 11:19:00+00:00
[2025-04-22T11:20:05.876+0000] {warnings.py:112} WARNING - /home/***/.local/lib/python3.12/site-packages/***/task/task_runner/standard_task_runner.py:70: DeprecationWarning: This process (pid=1379) is multi-threaded, use of fork() may lead to deadlocks in the child.
  pid = os.fork()

[2025-04-22T11:20:05.878+0000] {standard_task_runner.py:72} INFO - Started process 1390 to run task
[2025-04-22T11:20:05.878+0000] {standard_task_runner.py:104} INFO - Running: ['***', 'tasks', 'run', 'compress_file_on_upload', 'wait_for_file', 'scheduled__2025-04-22T11:19:00+00:00', '--job-id', '297', '--raw', '--subdir', 'DAGS_FOLDER/minio_file_compression_and_email.py', '--cfg-path', '/tmp/tmpkh06hw26']
[2025-04-22T11:20:05.879+0000] {standard_task_runner.py:105} INFO - Job 297: Subtask wait_for_file
[2025-04-22T11:20:05.925+0000] {task_command.py:467} INFO - Running <TaskInstance: compress_file_on_upload.wait_for_file scheduled__2025-04-22T11:19:00+00:00 [running]> on host 218dff27a00b
[2025-04-22T11:20:06.005+0000] {taskinstance.py:3134} INFO - Exporting env vars: AIRFLOW_CTX_DAG_OWNER='***' AIRFLOW_CTX_DAG_ID='compress_file_on_upload' AIRFLOW_CTX_TASK_ID='wait_for_file' AIRFLOW_CTX_EXECUTION_DATE='2025-04-22T11:19:00+00:00' AIRFLOW_CTX_TRY_NUMBER='1' AIRFLOW_CTX_DAG_RUN_ID='scheduled__2025-04-22T11:19:00+00:00'
[2025-04-22T11:20:06.007+0000] {logging_mixin.py:190} INFO - Task instance is in running state
[2025-04-22T11:20:06.008+0000] {logging_mixin.py:190} INFO -  Previous state of the Task instance: queued
[2025-04-22T11:20:06.008+0000] {logging_mixin.py:190} INFO - Current task name:wait_for_file state:running start_date:2025-04-22 11:20:05.676667+00:00
[2025-04-22T11:20:06.008+0000] {logging_mixin.py:190} INFO - Dag name:compress_file_on_upload and current dag run status:running
[2025-04-22T11:20:06.008+0000] {taskinstance.py:732} INFO - ::endgroup::
[2025-04-22T11:20:06.017+0000] {python.py:75} INFO - Poking callable: <function check_for_files at 0x7fc60c1223e0>
[2025-04-22T11:20:06.154+0000] {minio_file_compression_and_email.py:44} INFO - Listing objects in bucket: my-bucket, prefix: uploads/
[2025-04-22T11:20:06.168+0000] {minio_file_compression_and_email.py:46} INFO - Raw response from MinIO: {'ResponseMetadata': {'RequestId': '1838A006AE91D0E6', 'HostId': 'dd9025bab4ad464b049177c95eb6ebf374d3b3fd1af9251148b658df7ac2e3e8', 'HTTPStatusCode': 200, 'HTTPHeaders': {'accept-ranges': 'bytes', 'content-length': '280', 'content-type': 'application/xml', 'server': 'MinIO', 'strict-transport-security': 'max-age=31536000; includeSubDomains', 'vary': 'Origin, Accept-Encoding', 'x-amz-id-2': 'dd9025bab4ad464b049177c95eb6ebf374d3b3fd1af9251148b658df7ac2e3e8', 'x-amz-request-id': '1838A006AE91D0E6', 'x-content-type-options': 'nosniff', 'x-ratelimit-limit': '856', 'x-ratelimit-remaining': '855', 'x-xss-protection': '1; mode=block', 'date': 'Tue, 22 Apr 2025 11:20:06 GMT'}, 'RetryAttempts': 0}, 'IsTruncated': False, 'Name': 'my-bucket', 'Prefix': 'uploads/', 'MaxKeys': 1000, 'EncodingType': 'url', 'KeyCount': 0}
[2025-04-22T11:20:06.168+0000] {minio_file_compression_and_email.py:49} INFO - No 'Contents' key in response. Bucket might be empty or prefix incorrect.
[2025-04-22T11:20:06.190+0000] {taskinstance.py:310} INFO - Rescheduling task, marking task as UP_FOR_RESCHEDULE
[2025-04-22T11:20:06.191+0000] {taskinstance.py:341} INFO - ::group::Post task execution logs
[2025-04-22T11:20:06.224+0000] {local_task_job_runner.py:266} INFO - Task exited with return code 0
[2025-04-22T11:20:06.262+0000] {taskinstance.py:3901} INFO - 0 downstream tasks scheduled from follow-on schedule check
[2025-04-22T11:20:06.265+0000] {local_task_job_runner.py:245} INFO - ::endgroup::
[2025-04-22T11:20:09.028+0000] {local_task_job_runner.py:123} INFO - ::group::Pre task execution logs
[2025-04-22T11:20:09.047+0000] {taskinstance.py:2614} INFO - Dependencies all met for dep_context=non-requeueable deps ti=<TaskInstance: compress_file_on_upload.wait_for_file scheduled__2025-04-22T11:19:00+00:00 [queued]>
[2025-04-22T11:20:09.055+0000] {taskinstance.py:2614} INFO - Dependencies all met for dep_context=requeueable deps ti=<TaskInstance: compress_file_on_upload.wait_for_file scheduled__2025-04-22T11:19:00+00:00 [queued]>
[2025-04-22T11:20:09.056+0000] {taskinstance.py:2867} INFO - Starting attempt 1 of 2
[2025-04-22T11:20:09.227+0000] {taskinstance.py:2890} INFO - Executing <Task(PythonSensor): wait_for_file> on 2025-04-22 11:19:00+00:00
[2025-04-22T11:20:09.234+0000] {warnings.py:112} WARNING - /home/***/.local/lib/python3.12/site-packages/***/task/task_runner/standard_task_runner.py:70: DeprecationWarning: This process (pid=1400) is multi-threaded, use of fork() may lead to deadlocks in the child.
  pid = os.fork()

[2025-04-22T11:20:09.235+0000] {standard_task_runner.py:72} INFO - Started process 1411 to run task
[2025-04-22T11:20:09.236+0000] {standard_task_runner.py:104} INFO - Running: ['***', 'tasks', 'run', 'compress_file_on_upload', 'wait_for_file', 'scheduled__2025-04-22T11:19:00+00:00', '--job-id', '302', '--raw', '--subdir', 'DAGS_FOLDER/minio_file_compression_and_email.py', '--cfg-path', '/tmp/tmpfow4ufiw']
[2025-04-22T11:20:09.238+0000] {standard_task_runner.py:105} INFO - Job 302: Subtask wait_for_file
[2025-04-22T11:20:09.286+0000] {task_command.py:467} INFO - Running <TaskInstance: compress_file_on_upload.wait_for_file scheduled__2025-04-22T11:19:00+00:00 [running]> on host 218dff27a00b
[2025-04-22T11:20:09.366+0000] {taskinstance.py:3134} INFO - Exporting env vars: AIRFLOW_CTX_DAG_OWNER='***' AIRFLOW_CTX_DAG_ID='compress_file_on_upload' AIRFLOW_CTX_TASK_ID='wait_for_file' AIRFLOW_CTX_EXECUTION_DATE='2025-04-22T11:19:00+00:00' AIRFLOW_CTX_TRY_NUMBER='1' AIRFLOW_CTX_DAG_RUN_ID='scheduled__2025-04-22T11:19:00+00:00'
[2025-04-22T11:20:09.368+0000] {logging_mixin.py:190} INFO - Task instance is in running state
[2025-04-22T11:20:09.368+0000] {logging_mixin.py:190} INFO -  Previous state of the Task instance: queued
[2025-04-22T11:20:09.369+0000] {logging_mixin.py:190} INFO - Current task name:wait_for_file state:running start_date:2025-04-22 11:20:09.047852+00:00
[2025-04-22T11:20:09.369+0000] {logging_mixin.py:190} INFO - Dag name:compress_file_on_upload and current dag run status:running
[2025-04-22T11:20:09.369+0000] {taskinstance.py:732} INFO - ::endgroup::
[2025-04-22T11:20:09.378+0000] {python.py:75} INFO - Poking callable: <function check_for_files at 0x7fc60c1223e0>
[2025-04-22T11:20:09.482+0000] {minio_file_compression_and_email.py:44} INFO - Listing objects in bucket: my-bucket, prefix: uploads/
[2025-04-22T11:20:09.494+0000] {minio_file_compression_and_email.py:46} INFO - Raw response from MinIO: {'ResponseMetadata': {'RequestId': '1838A00774D1665B', 'HostId': 'dd9025bab4ad464b049177c95eb6ebf374d3b3fd1af9251148b658df7ac2e3e8', 'HTTPStatusCode': 200, 'HTTPHeaders': {'accept-ranges': 'bytes', 'content-length': '280', 'content-type': 'application/xml', 'server': 'MinIO', 'strict-transport-security': 'max-age=31536000; includeSubDomains', 'vary': 'Origin, Accept-Encoding', 'x-amz-id-2': 'dd9025bab4ad464b049177c95eb6ebf374d3b3fd1af9251148b658df7ac2e3e8', 'x-amz-request-id': '1838A00774D1665B', 'x-content-type-options': 'nosniff', 'x-ratelimit-limit': '856', 'x-ratelimit-remaining': '856', 'x-xss-protection': '1; mode=block', 'date': 'Tue, 22 Apr 2025 11:20:09 GMT'}, 'RetryAttempts': 0}, 'IsTruncated': False, 'Name': 'my-bucket', 'Prefix': 'uploads/', 'MaxKeys': 1000, 'EncodingType': 'url', 'KeyCount': 0}
[2025-04-22T11:20:09.495+0000] {minio_file_compression_and_email.py:49} INFO - No 'Contents' key in response. Bucket might be empty or prefix incorrect.
[2025-04-22T11:20:09.516+0000] {taskinstance.py:310} INFO - Rescheduling task, marking task as UP_FOR_RESCHEDULE
[2025-04-22T11:20:09.516+0000] {taskinstance.py:341} INFO - ::group::Post task execution logs
[2025-04-22T11:20:09.541+0000] {local_task_job_runner.py:266} INFO - Task exited with return code 0
[2025-04-22T11:20:09.578+0000] {taskinstance.py:3901} INFO - 0 downstream tasks scheduled from follow-on schedule check
[2025-04-22T11:20:09.581+0000] {local_task_job_runner.py:245} INFO - ::endgroup::
[2025-04-22T11:20:12.798+0000] {local_task_job_runner.py:123} INFO - ::group::Pre task execution logs
[2025-04-22T11:20:12.815+0000] {taskinstance.py:2614} INFO - Dependencies all met for dep_context=non-requeueable deps ti=<TaskInstance: compress_file_on_upload.wait_for_file scheduled__2025-04-22T11:19:00+00:00 [queued]>
[2025-04-22T11:20:12.822+0000] {taskinstance.py:2614} INFO - Dependencies all met for dep_context=requeueable deps ti=<TaskInstance: compress_file_on_upload.wait_for_file scheduled__2025-04-22T11:19:00+00:00 [queued]>
[2025-04-22T11:20:12.822+0000] {taskinstance.py:2867} INFO - Starting attempt 1 of 2
[2025-04-22T11:20:13.001+0000] {taskinstance.py:2890} INFO - Executing <Task(PythonSensor): wait_for_file> on 2025-04-22 11:19:00+00:00
[2025-04-22T11:20:13.008+0000] {warnings.py:112} WARNING - /home/***/.local/lib/python3.12/site-packages/***/task/task_runner/standard_task_runner.py:70: DeprecationWarning: This process (pid=1419) is multi-threaded, use of fork() may lead to deadlocks in the child.
  pid = os.fork()

[2025-04-22T11:20:13.010+0000] {standard_task_runner.py:72} INFO - Started process 1429 to run task
[2025-04-22T11:20:13.011+0000] {standard_task_runner.py:104} INFO - Running: ['***', 'tasks', 'run', 'compress_file_on_upload', 'wait_for_file', 'scheduled__2025-04-22T11:19:00+00:00', '--job-id', '306', '--raw', '--subdir', 'DAGS_FOLDER/minio_file_compression_and_email.py', '--cfg-path', '/tmp/tmpx4n_2mr9']
[2025-04-22T11:20:13.012+0000] {standard_task_runner.py:105} INFO - Job 306: Subtask wait_for_file
[2025-04-22T11:20:13.058+0000] {task_command.py:467} INFO - Running <TaskInstance: compress_file_on_upload.wait_for_file scheduled__2025-04-22T11:19:00+00:00 [running]> on host 218dff27a00b
[2025-04-22T11:20:13.142+0000] {taskinstance.py:3134} INFO - Exporting env vars: AIRFLOW_CTX_DAG_OWNER='***' AIRFLOW_CTX_DAG_ID='compress_file_on_upload' AIRFLOW_CTX_TASK_ID='wait_for_file' AIRFLOW_CTX_EXECUTION_DATE='2025-04-22T11:19:00+00:00' AIRFLOW_CTX_TRY_NUMBER='1' AIRFLOW_CTX_DAG_RUN_ID='scheduled__2025-04-22T11:19:00+00:00'
[2025-04-22T11:20:13.144+0000] {logging_mixin.py:190} INFO - Task instance is in running state
[2025-04-22T11:20:13.144+0000] {logging_mixin.py:190} INFO -  Previous state of the Task instance: queued
[2025-04-22T11:20:13.145+0000] {logging_mixin.py:190} INFO - Current task name:wait_for_file state:running start_date:2025-04-22 11:20:12.815641+00:00
[2025-04-22T11:20:13.145+0000] {logging_mixin.py:190} INFO - Dag name:compress_file_on_upload and current dag run status:running
[2025-04-22T11:20:13.145+0000] {taskinstance.py:732} INFO - ::endgroup::
[2025-04-22T11:20:13.155+0000] {python.py:75} INFO - Poking callable: <function check_for_files at 0x7fc60c12ea20>
[2025-04-22T11:20:13.265+0000] {minio_file_compression_and_email.py:44} INFO - Listing objects in bucket: my-bucket, prefix: uploads/
[2025-04-22T11:20:13.276+0000] {minio_file_compression_and_email.py:46} INFO - Raw response from MinIO: {'ResponseMetadata': {'RequestId': '1838A0085647B246', 'HostId': 'dd9025bab4ad464b049177c95eb6ebf374d3b3fd1af9251148b658df7ac2e3e8', 'HTTPStatusCode': 200, 'HTTPHeaders': {'accept-ranges': 'bytes', 'content-length': '280', 'content-type': 'application/xml', 'server': 'MinIO', 'strict-transport-security': 'max-age=31536000; includeSubDomains', 'vary': 'Origin, Accept-Encoding', 'x-amz-id-2': 'dd9025bab4ad464b049177c95eb6ebf374d3b3fd1af9251148b658df7ac2e3e8', 'x-amz-request-id': '1838A0085647B246', 'x-content-type-options': 'nosniff', 'x-ratelimit-limit': '856', 'x-ratelimit-remaining': '856', 'x-xss-protection': '1; mode=block', 'date': 'Tue, 22 Apr 2025 11:20:13 GMT'}, 'RetryAttempts': 0}, 'IsTruncated': False, 'Name': 'my-bucket', 'Prefix': 'uploads/', 'MaxKeys': 1000, 'EncodingType': 'url', 'KeyCount': 0}
[2025-04-22T11:20:13.277+0000] {minio_file_compression_and_email.py:49} INFO - No 'Contents' key in response. Bucket might be empty or prefix incorrect.
[2025-04-22T11:20:13.298+0000] {taskinstance.py:310} INFO - Rescheduling task, marking task as UP_FOR_RESCHEDULE
[2025-04-22T11:20:13.298+0000] {taskinstance.py:341} INFO - ::group::Post task execution logs
[2025-04-22T11:20:13.314+0000] {local_task_job_runner.py:266} INFO - Task exited with return code 0
[2025-04-22T11:20:13.342+0000] {taskinstance.py:3901} INFO - 0 downstream tasks scheduled from follow-on schedule check
[2025-04-22T11:20:13.347+0000] {local_task_job_runner.py:245} INFO - ::endgroup::
[2025-04-22T11:20:16.798+0000] {local_task_job_runner.py:123} INFO - ::group::Pre task execution logs
[2025-04-22T11:20:16.815+0000] {taskinstance.py:2614} INFO - Dependencies all met for dep_context=non-requeueable deps ti=<TaskInstance: compress_file_on_upload.wait_for_file scheduled__2025-04-22T11:19:00+00:00 [queued]>
[2025-04-22T11:20:16.824+0000] {taskinstance.py:2614} INFO - Dependencies all met for dep_context=requeueable deps ti=<TaskInstance: compress_file_on_upload.wait_for_file scheduled__2025-04-22T11:19:00+00:00 [queued]>
[2025-04-22T11:20:16.825+0000] {taskinstance.py:2867} INFO - Starting attempt 1 of 2
[2025-04-22T11:20:17.001+0000] {taskinstance.py:2890} INFO - Executing <Task(PythonSensor): wait_for_file> on 2025-04-22 11:19:00+00:00
[2025-04-22T11:20:17.008+0000] {warnings.py:112} WARNING - /home/***/.local/lib/python3.12/site-packages/***/task/task_runner/standard_task_runner.py:70: DeprecationWarning: This process (pid=1440) is multi-threaded, use of fork() may lead to deadlocks in the child.
  pid = os.fork()

[2025-04-22T11:20:17.010+0000] {standard_task_runner.py:72} INFO - Started process 1451 to run task
[2025-04-22T11:20:17.011+0000] {standard_task_runner.py:104} INFO - Running: ['***', 'tasks', 'run', 'compress_file_on_upload', 'wait_for_file', 'scheduled__2025-04-22T11:19:00+00:00', '--job-id', '312', '--raw', '--subdir', 'DAGS_FOLDER/minio_file_compression_and_email.py', '--cfg-path', '/tmp/tmpazc2jzpy']
[2025-04-22T11:20:17.012+0000] {standard_task_runner.py:105} INFO - Job 312: Subtask wait_for_file
[2025-04-22T11:20:17.058+0000] {task_command.py:467} INFO - Running <TaskInstance: compress_file_on_upload.wait_for_file scheduled__2025-04-22T11:19:00+00:00 [running]> on host 218dff27a00b
[2025-04-22T11:20:17.144+0000] {taskinstance.py:3134} INFO - Exporting env vars: AIRFLOW_CTX_DAG_OWNER='***' AIRFLOW_CTX_DAG_ID='compress_file_on_upload' AIRFLOW_CTX_TASK_ID='wait_for_file' AIRFLOW_CTX_EXECUTION_DATE='2025-04-22T11:19:00+00:00' AIRFLOW_CTX_TRY_NUMBER='1' AIRFLOW_CTX_DAG_RUN_ID='scheduled__2025-04-22T11:19:00+00:00'
[2025-04-22T11:20:17.145+0000] {logging_mixin.py:190} INFO - Task instance is in running state
[2025-04-22T11:20:17.146+0000] {logging_mixin.py:190} INFO -  Previous state of the Task instance: queued
[2025-04-22T11:20:17.146+0000] {logging_mixin.py:190} INFO - Current task name:wait_for_file state:running start_date:2025-04-22 11:20:16.816344+00:00
[2025-04-22T11:20:17.146+0000] {logging_mixin.py:190} INFO - Dag name:compress_file_on_upload and current dag run status:running
[2025-04-22T11:20:17.147+0000] {taskinstance.py:732} INFO - ::endgroup::
[2025-04-22T11:20:17.156+0000] {python.py:75} INFO - Poking callable: <function check_for_files at 0x7fc60c1223e0>
[2025-04-22T11:20:17.262+0000] {minio_file_compression_and_email.py:44} INFO - Listing objects in bucket: my-bucket, prefix: uploads/
[2025-04-22T11:20:17.273+0000] {minio_file_compression_and_email.py:46} INFO - Raw response from MinIO: {'ResponseMetadata': {'RequestId': '1838A00944857920', 'HostId': 'dd9025bab4ad464b049177c95eb6ebf374d3b3fd1af9251148b658df7ac2e3e8', 'HTTPStatusCode': 200, 'HTTPHeaders': {'accept-ranges': 'bytes', 'content-length': '280', 'content-type': 'application/xml', 'server': 'MinIO', 'strict-transport-security': 'max-age=31536000; includeSubDomains', 'vary': 'Origin, Accept-Encoding', 'x-amz-id-2': 'dd9025bab4ad464b049177c95eb6ebf374d3b3fd1af9251148b658df7ac2e3e8', 'x-amz-request-id': '1838A00944857920', 'x-content-type-options': 'nosniff', 'x-ratelimit-limit': '856', 'x-ratelimit-remaining': '856', 'x-xss-protection': '1; mode=block', 'date': 'Tue, 22 Apr 2025 11:20:17 GMT'}, 'RetryAttempts': 0}, 'IsTruncated': False, 'Name': 'my-bucket', 'Prefix': 'uploads/', 'MaxKeys': 1000, 'EncodingType': 'url', 'KeyCount': 0}
[2025-04-22T11:20:17.273+0000] {minio_file_compression_and_email.py:49} INFO - No 'Contents' key in response. Bucket might be empty or prefix incorrect.
[2025-04-22T11:20:17.291+0000] {taskinstance.py:310} INFO - Rescheduling task, marking task as UP_FOR_RESCHEDULE
[2025-04-22T11:20:17.292+0000] {taskinstance.py:341} INFO - ::group::Post task execution logs
[2025-04-22T11:20:17.314+0000] {local_task_job_runner.py:266} INFO - Task exited with return code 0
[2025-04-22T11:20:17.339+0000] {taskinstance.py:3901} INFO - 0 downstream tasks scheduled from follow-on schedule check
[2025-04-22T11:20:17.342+0000] {local_task_job_runner.py:245} INFO - ::endgroup::
[2025-04-22T11:20:20.606+0000] {local_task_job_runner.py:123} INFO - ::group::Pre task execution logs
[2025-04-22T11:20:20.625+0000] {taskinstance.py:2614} INFO - Dependencies all met for dep_context=non-requeueable deps ti=<TaskInstance: compress_file_on_upload.wait_for_file scheduled__2025-04-22T11:19:00+00:00 [queued]>
[2025-04-22T11:20:20.632+0000] {taskinstance.py:2614} INFO - Dependencies all met for dep_context=requeueable deps ti=<TaskInstance: compress_file_on_upload.wait_for_file scheduled__2025-04-22T11:19:00+00:00 [queued]>
[2025-04-22T11:20:20.632+0000] {taskinstance.py:2867} INFO - Starting attempt 1 of 2
[2025-04-22T11:20:20.805+0000] {taskinstance.py:2890} INFO - Executing <Task(PythonSensor): wait_for_file> on 2025-04-22 11:19:00+00:00
[2025-04-22T11:20:20.812+0000] {warnings.py:112} WARNING - /home/***/.local/lib/python3.12/site-packages/***/task/task_runner/standard_task_runner.py:70: DeprecationWarning: This process (pid=1460) is multi-threaded, use of fork() may lead to deadlocks in the child.
  pid = os.fork()

[2025-04-22T11:20:20.814+0000] {standard_task_runner.py:72} INFO - Started process 1469 to run task
[2025-04-22T11:20:20.814+0000] {standard_task_runner.py:104} INFO - Running: ['***', 'tasks', 'run', 'compress_file_on_upload', 'wait_for_file', 'scheduled__2025-04-22T11:19:00+00:00', '--job-id', '316', '--raw', '--subdir', 'DAGS_FOLDER/minio_file_compression_and_email.py', '--cfg-path', '/tmp/tmptc4w085v']
[2025-04-22T11:20:20.815+0000] {standard_task_runner.py:105} INFO - Job 316: Subtask wait_for_file
[2025-04-22T11:20:20.859+0000] {task_command.py:467} INFO - Running <TaskInstance: compress_file_on_upload.wait_for_file scheduled__2025-04-22T11:19:00+00:00 [running]> on host 218dff27a00b
[2025-04-22T11:20:20.938+0000] {taskinstance.py:3134} INFO - Exporting env vars: AIRFLOW_CTX_DAG_OWNER='***' AIRFLOW_CTX_DAG_ID='compress_file_on_upload' AIRFLOW_CTX_TASK_ID='wait_for_file' AIRFLOW_CTX_EXECUTION_DATE='2025-04-22T11:19:00+00:00' AIRFLOW_CTX_TRY_NUMBER='1' AIRFLOW_CTX_DAG_RUN_ID='scheduled__2025-04-22T11:19:00+00:00'
[2025-04-22T11:20:20.942+0000] {logging_mixin.py:190} INFO - Task instance is in running state
[2025-04-22T11:20:20.942+0000] {logging_mixin.py:190} INFO -  Previous state of the Task instance: queued
[2025-04-22T11:20:20.942+0000] {logging_mixin.py:190} INFO - Current task name:wait_for_file state:running start_date:2025-04-22 11:20:20.625519+00:00
[2025-04-22T11:20:20.943+0000] {logging_mixin.py:190} INFO - Dag name:compress_file_on_upload and current dag run status:running
[2025-04-22T11:20:20.943+0000] {taskinstance.py:732} INFO - ::endgroup::
[2025-04-22T11:20:20.952+0000] {python.py:75} INFO - Poking callable: <function check_for_files at 0x7fc60c126480>
[2025-04-22T11:20:21.053+0000] {minio_file_compression_and_email.py:44} INFO - Listing objects in bucket: my-bucket, prefix: uploads/
[2025-04-22T11:20:21.063+0000] {minio_file_compression_and_email.py:46} INFO - Raw response from MinIO: {'ResponseMetadata': {'RequestId': '1838A00A266FB10E', 'HostId': 'dd9025bab4ad464b049177c95eb6ebf374d3b3fd1af9251148b658df7ac2e3e8', 'HTTPStatusCode': 200, 'HTTPHeaders': {'accept-ranges': 'bytes', 'content-length': '280', 'content-type': 'application/xml', 'server': 'MinIO', 'strict-transport-security': 'max-age=31536000; includeSubDomains', 'vary': 'Origin, Accept-Encoding', 'x-amz-id-2': 'dd9025bab4ad464b049177c95eb6ebf374d3b3fd1af9251148b658df7ac2e3e8', 'x-amz-request-id': '1838A00A266FB10E', 'x-content-type-options': 'nosniff', 'x-ratelimit-limit': '856', 'x-ratelimit-remaining': '856', 'x-xss-protection': '1; mode=block', 'date': 'Tue, 22 Apr 2025 11:20:21 GMT'}, 'RetryAttempts': 0}, 'IsTruncated': False, 'Name': 'my-bucket', 'Prefix': 'uploads/', 'MaxKeys': 1000, 'EncodingType': 'url', 'KeyCount': 0}
[2025-04-22T11:20:21.063+0000] {minio_file_compression_and_email.py:49} INFO - No 'Contents' key in response. Bucket might be empty or prefix incorrect.
[2025-04-22T11:20:21.085+0000] {taskinstance.py:310} INFO - Rescheduling task, marking task as UP_FOR_RESCHEDULE
[2025-04-22T11:20:21.086+0000] {taskinstance.py:341} INFO - ::group::Post task execution logs
[2025-04-22T11:20:21.118+0000] {local_task_job_runner.py:266} INFO - Task exited with return code 0
[2025-04-22T11:20:21.145+0000] {taskinstance.py:3901} INFO - 0 downstream tasks scheduled from follow-on schedule check
[2025-04-22T11:20:21.150+0000] {local_task_job_runner.py:245} INFO - ::endgroup::
[2025-04-22T11:20:24.162+0000] {local_task_job_runner.py:123} INFO - ::group::Pre task execution logs
[2025-04-22T11:20:24.179+0000] {taskinstance.py:2614} INFO - Dependencies all met for dep_context=non-requeueable deps ti=<TaskInstance: compress_file_on_upload.wait_for_file scheduled__2025-04-22T11:19:00+00:00 [queued]>
[2025-04-22T11:20:24.186+0000] {taskinstance.py:2614} INFO - Dependencies all met for dep_context=requeueable deps ti=<TaskInstance: compress_file_on_upload.wait_for_file scheduled__2025-04-22T11:19:00+00:00 [queued]>
[2025-04-22T11:20:24.187+0000] {taskinstance.py:2867} INFO - Starting attempt 1 of 2
[2025-04-22T11:20:24.367+0000] {taskinstance.py:2890} INFO - Executing <Task(PythonSensor): wait_for_file> on 2025-04-22 11:19:00+00:00
[2025-04-22T11:20:24.375+0000] {warnings.py:112} WARNING - /home/***/.local/lib/python3.12/site-packages/***/task/task_runner/standard_task_runner.py:70: DeprecationWarning: This process (pid=1480) is multi-threaded, use of fork() may lead to deadlocks in the child.
  pid = os.fork()

[2025-04-22T11:20:24.377+0000] {standard_task_runner.py:72} INFO - Started process 1491 to run task
[2025-04-22T11:20:24.378+0000] {standard_task_runner.py:104} INFO - Running: ['***', 'tasks', 'run', 'compress_file_on_upload', 'wait_for_file', 'scheduled__2025-04-22T11:19:00+00:00', '--job-id', '323', '--raw', '--subdir', 'DAGS_FOLDER/minio_file_compression_and_email.py', '--cfg-path', '/tmp/tmpvy82v5nv']
[2025-04-22T11:20:24.379+0000] {standard_task_runner.py:105} INFO - Job 323: Subtask wait_for_file
[2025-04-22T11:20:24.424+0000] {task_command.py:467} INFO - Running <TaskInstance: compress_file_on_upload.wait_for_file scheduled__2025-04-22T11:19:00+00:00 [running]> on host 218dff27a00b
[2025-04-22T11:20:24.502+0000] {taskinstance.py:3134} INFO - Exporting env vars: AIRFLOW_CTX_DAG_OWNER='***' AIRFLOW_CTX_DAG_ID='compress_file_on_upload' AIRFLOW_CTX_TASK_ID='wait_for_file' AIRFLOW_CTX_EXECUTION_DATE='2025-04-22T11:19:00+00:00' AIRFLOW_CTX_TRY_NUMBER='1' AIRFLOW_CTX_DAG_RUN_ID='scheduled__2025-04-22T11:19:00+00:00'
[2025-04-22T11:20:24.503+0000] {logging_mixin.py:190} INFO - Task instance is in running state
[2025-04-22T11:20:24.503+0000] {logging_mixin.py:190} INFO -  Previous state of the Task instance: queued
[2025-04-22T11:20:24.504+0000] {logging_mixin.py:190} INFO - Current task name:wait_for_file state:running start_date:2025-04-22 11:20:24.180471+00:00
[2025-04-22T11:20:24.504+0000] {logging_mixin.py:190} INFO - Dag name:compress_file_on_upload and current dag run status:running
[2025-04-22T11:20:24.504+0000] {taskinstance.py:732} INFO - ::endgroup::
[2025-04-22T11:20:24.512+0000] {python.py:75} INFO - Poking callable: <function check_for_files at 0x7fc60c126480>
[2025-04-22T11:20:24.612+0000] {minio_file_compression_and_email.py:44} INFO - Listing objects in bucket: my-bucket, prefix: uploads/
[2025-04-22T11:20:24.623+0000] {minio_file_compression_and_email.py:46} INFO - Raw response from MinIO: {'ResponseMetadata': {'RequestId': '1838A00AFAA318D8', 'HostId': 'dd9025bab4ad464b049177c95eb6ebf374d3b3fd1af9251148b658df7ac2e3e8', 'HTTPStatusCode': 200, 'HTTPHeaders': {'accept-ranges': 'bytes', 'content-length': '280', 'content-type': 'application/xml', 'server': 'MinIO', 'strict-transport-security': 'max-age=31536000; includeSubDomains', 'vary': 'Origin, Accept-Encoding', 'x-amz-id-2': 'dd9025bab4ad464b049177c95eb6ebf374d3b3fd1af9251148b658df7ac2e3e8', 'x-amz-request-id': '1838A00AFAA318D8', 'x-content-type-options': 'nosniff', 'x-ratelimit-limit': '856', 'x-ratelimit-remaining': '856', 'x-xss-protection': '1; mode=block', 'date': 'Tue, 22 Apr 2025 11:20:24 GMT'}, 'RetryAttempts': 0}, 'IsTruncated': False, 'Name': 'my-bucket', 'Prefix': 'uploads/', 'MaxKeys': 1000, 'EncodingType': 'url', 'KeyCount': 0}
[2025-04-22T11:20:24.624+0000] {minio_file_compression_and_email.py:49} INFO - No 'Contents' key in response. Bucket might be empty or prefix incorrect.
[2025-04-22T11:20:24.644+0000] {taskinstance.py:310} INFO - Rescheduling task, marking task as UP_FOR_RESCHEDULE
[2025-04-22T11:20:24.645+0000] {taskinstance.py:341} INFO - ::group::Post task execution logs
[2025-04-22T11:20:24.681+0000] {local_task_job_runner.py:266} INFO - Task exited with return code 0
[2025-04-22T11:20:24.702+0000] {taskinstance.py:3901} INFO - 0 downstream tasks scheduled from follow-on schedule check
[2025-04-22T11:20:24.707+0000] {local_task_job_runner.py:245} INFO - ::endgroup::
[2025-04-22T11:20:28.057+0000] {local_task_job_runner.py:123} INFO - ::group::Pre task execution logs
[2025-04-22T11:20:28.073+0000] {taskinstance.py:2614} INFO - Dependencies all met for dep_context=non-requeueable deps ti=<TaskInstance: compress_file_on_upload.wait_for_file scheduled__2025-04-22T11:19:00+00:00 [queued]>
[2025-04-22T11:20:28.081+0000] {taskinstance.py:2614} INFO - Dependencies all met for dep_context=requeueable deps ti=<TaskInstance: compress_file_on_upload.wait_for_file scheduled__2025-04-22T11:19:00+00:00 [queued]>
[2025-04-22T11:20:28.081+0000] {taskinstance.py:2867} INFO - Starting attempt 1 of 2
[2025-04-22T11:20:28.258+0000] {taskinstance.py:2890} INFO - Executing <Task(PythonSensor): wait_for_file> on 2025-04-22 11:19:00+00:00
[2025-04-22T11:20:28.267+0000] {warnings.py:112} WARNING - /home/***/.local/lib/python3.12/site-packages/***/task/task_runner/standard_task_runner.py:70: DeprecationWarning: This process (pid=1500) is multi-threaded, use of fork() may lead to deadlocks in the child.
  pid = os.fork()

[2025-04-22T11:20:28.268+0000] {standard_task_runner.py:72} INFO - Started process 1509 to run task
[2025-04-22T11:20:28.269+0000] {standard_task_runner.py:104} INFO - Running: ['***', 'tasks', 'run', 'compress_file_on_upload', 'wait_for_file', 'scheduled__2025-04-22T11:19:00+00:00', '--job-id', '326', '--raw', '--subdir', 'DAGS_FOLDER/minio_file_compression_and_email.py', '--cfg-path', '/tmp/tmp7zb41vwd']
[2025-04-22T11:20:28.270+0000] {standard_task_runner.py:105} INFO - Job 326: Subtask wait_for_file
[2025-04-22T11:20:28.322+0000] {task_command.py:467} INFO - Running <TaskInstance: compress_file_on_upload.wait_for_file scheduled__2025-04-22T11:19:00+00:00 [running]> on host 218dff27a00b
[2025-04-22T11:20:28.405+0000] {taskinstance.py:3134} INFO - Exporting env vars: AIRFLOW_CTX_DAG_OWNER='***' AIRFLOW_CTX_DAG_ID='compress_file_on_upload' AIRFLOW_CTX_TASK_ID='wait_for_file' AIRFLOW_CTX_EXECUTION_DATE='2025-04-22T11:19:00+00:00' AIRFLOW_CTX_TRY_NUMBER='1' AIRFLOW_CTX_DAG_RUN_ID='scheduled__2025-04-22T11:19:00+00:00'
[2025-04-22T11:20:28.407+0000] {logging_mixin.py:190} INFO - Task instance is in running state
[2025-04-22T11:20:28.407+0000] {logging_mixin.py:190} INFO -  Previous state of the Task instance: queued
[2025-04-22T11:20:28.407+0000] {logging_mixin.py:190} INFO - Current task name:wait_for_file state:running start_date:2025-04-22 11:20:28.074326+00:00
[2025-04-22T11:20:28.408+0000] {logging_mixin.py:190} INFO - Dag name:compress_file_on_upload and current dag run status:running
[2025-04-22T11:20:28.408+0000] {taskinstance.py:732} INFO - ::endgroup::
[2025-04-22T11:20:28.418+0000] {python.py:75} INFO - Poking callable: <function check_for_files at 0x7fc60c1223e0>
[2025-04-22T11:20:28.532+0000] {minio_file_compression_and_email.py:44} INFO - Listing objects in bucket: my-bucket, prefix: uploads/
[2025-04-22T11:20:28.546+0000] {minio_file_compression_and_email.py:46} INFO - Raw response from MinIO: {'ResponseMetadata': {'RequestId': '1838A00BE461DDEB', 'HostId': 'dd9025bab4ad464b049177c95eb6ebf374d3b3fd1af9251148b658df7ac2e3e8', 'HTTPStatusCode': 200, 'HTTPHeaders': {'accept-ranges': 'bytes', 'content-length': '280', 'content-type': 'application/xml', 'server': 'MinIO', 'strict-transport-security': 'max-age=31536000; includeSubDomains', 'vary': 'Origin, Accept-Encoding', 'x-amz-id-2': 'dd9025bab4ad464b049177c95eb6ebf374d3b3fd1af9251148b658df7ac2e3e8', 'x-amz-request-id': '1838A00BE461DDEB', 'x-content-type-options': 'nosniff', 'x-ratelimit-limit': '856', 'x-ratelimit-remaining': '856', 'x-xss-protection': '1; mode=block', 'date': 'Tue, 22 Apr 2025 11:20:28 GMT'}, 'RetryAttempts': 0}, 'IsTruncated': False, 'Name': 'my-bucket', 'Prefix': 'uploads/', 'MaxKeys': 1000, 'EncodingType': 'url', 'KeyCount': 0}
[2025-04-22T11:20:28.547+0000] {minio_file_compression_and_email.py:49} INFO - No 'Contents' key in response. Bucket might be empty or prefix incorrect.
[2025-04-22T11:20:28.575+0000] {taskinstance.py:310} INFO - Rescheduling task, marking task as UP_FOR_RESCHEDULE
[2025-04-22T11:20:28.576+0000] {taskinstance.py:341} INFO - ::group::Post task execution logs
[2025-04-22T11:20:28.616+0000] {local_task_job_runner.py:266} INFO - Task exited with return code 0
[2025-04-22T11:20:28.647+0000] {taskinstance.py:3901} INFO - 0 downstream tasks scheduled from follow-on schedule check
[2025-04-22T11:20:28.650+0000] {local_task_job_runner.py:245} INFO - ::endgroup::
[2025-04-22T11:20:32.266+0000] {local_task_job_runner.py:123} INFO - ::group::Pre task execution logs
[2025-04-22T11:20:32.480+0000] {taskinstance.py:2614} INFO - Dependencies all met for dep_context=non-requeueable deps ti=<TaskInstance: compress_file_on_upload.wait_for_file scheduled__2025-04-22T11:19:00+00:00 [queued]>
[2025-04-22T11:20:32.490+0000] {taskinstance.py:2614} INFO - Dependencies all met for dep_context=requeueable deps ti=<TaskInstance: compress_file_on_upload.wait_for_file scheduled__2025-04-22T11:19:00+00:00 [queued]>
[2025-04-22T11:20:32.491+0000] {taskinstance.py:2867} INFO - Starting attempt 1 of 2
[2025-04-22T11:20:32.507+0000] {taskinstance.py:2890} INFO - Executing <Task(PythonSensor): wait_for_file> on 2025-04-22 11:19:00+00:00
[2025-04-22T11:20:32.516+0000] {warnings.py:112} WARNING - /home/***/.local/lib/python3.12/site-packages/***/task/task_runner/standard_task_runner.py:70: DeprecationWarning: This process (pid=1525) is multi-threaded, use of fork() may lead to deadlocks in the child.
  pid = os.fork()

[2025-04-22T11:20:32.517+0000] {standard_task_runner.py:72} INFO - Started process 1537 to run task
[2025-04-22T11:20:32.518+0000] {standard_task_runner.py:104} INFO - Running: ['***', 'tasks', 'run', 'compress_file_on_upload', 'wait_for_file', 'scheduled__2025-04-22T11:19:00+00:00', '--job-id', '333', '--raw', '--subdir', 'DAGS_FOLDER/minio_file_compression_and_email.py', '--cfg-path', '/tmp/tmpalb067ed']
[2025-04-22T11:20:32.520+0000] {standard_task_runner.py:105} INFO - Job 333: Subtask wait_for_file
[2025-04-22T11:20:32.578+0000] {task_command.py:467} INFO - Running <TaskInstance: compress_file_on_upload.wait_for_file scheduled__2025-04-22T11:19:00+00:00 [running]> on host 218dff27a00b
[2025-04-22T11:20:32.681+0000] {taskinstance.py:3134} INFO - Exporting env vars: AIRFLOW_CTX_DAG_OWNER='***' AIRFLOW_CTX_DAG_ID='compress_file_on_upload' AIRFLOW_CTX_TASK_ID='wait_for_file' AIRFLOW_CTX_EXECUTION_DATE='2025-04-22T11:19:00+00:00' AIRFLOW_CTX_TRY_NUMBER='1' AIRFLOW_CTX_DAG_RUN_ID='scheduled__2025-04-22T11:19:00+00:00'
[2025-04-22T11:20:32.683+0000] {logging_mixin.py:190} INFO - Task instance is in running state
[2025-04-22T11:20:32.683+0000] {logging_mixin.py:190} INFO -  Previous state of the Task instance: queued
[2025-04-22T11:20:32.684+0000] {logging_mixin.py:190} INFO - Current task name:wait_for_file state:running start_date:2025-04-22 11:20:32.481368+00:00
[2025-04-22T11:20:32.684+0000] {logging_mixin.py:190} INFO - Dag name:compress_file_on_upload and current dag run status:running
[2025-04-22T11:20:32.685+0000] {taskinstance.py:732} INFO - ::endgroup::
[2025-04-22T11:20:32.696+0000] {python.py:75} INFO - Poking callable: <function check_for_files at 0x7fc60c13e840>
[2025-04-22T11:20:32.875+0000] {minio_file_compression_and_email.py:44} INFO - Listing objects in bucket: my-bucket, prefix: uploads/
[2025-04-22T11:20:32.912+0000] {minio_file_compression_and_email.py:46} INFO - Raw response from MinIO: {'ResponseMetadata': {'RequestId': '1838A00CE7D7CB38', 'HostId': 'dd9025bab4ad464b049177c95eb6ebf374d3b3fd1af9251148b658df7ac2e3e8', 'HTTPStatusCode': 200, 'HTTPHeaders': {'accept-ranges': 'bytes', 'content-length': '280', 'content-type': 'application/xml', 'server': 'MinIO', 'strict-transport-security': 'max-age=31536000; includeSubDomains', 'vary': 'Origin, Accept-Encoding', 'x-amz-id-2': 'dd9025bab4ad464b049177c95eb6ebf374d3b3fd1af9251148b658df7ac2e3e8', 'x-amz-request-id': '1838A00CE7D7CB38', 'x-content-type-options': 'nosniff', 'x-ratelimit-limit': '856', 'x-ratelimit-remaining': '855', 'x-xss-protection': '1; mode=block', 'date': 'Tue, 22 Apr 2025 11:20:32 GMT'}, 'RetryAttempts': 0}, 'IsTruncated': False, 'Name': 'my-bucket', 'Prefix': 'uploads/', 'MaxKeys': 1000, 'EncodingType': 'url', 'KeyCount': 0}
[2025-04-22T11:20:32.913+0000] {minio_file_compression_and_email.py:49} INFO - No 'Contents' key in response. Bucket might be empty or prefix incorrect.
[2025-04-22T11:20:32.940+0000] {taskinstance.py:310} INFO - Rescheduling task, marking task as UP_FOR_RESCHEDULE
[2025-04-22T11:20:32.943+0000] {taskinstance.py:341} INFO - ::group::Post task execution logs
[2025-04-22T11:20:32.989+0000] {local_task_job_runner.py:266} INFO - Task exited with return code 0
[2025-04-22T11:20:33.024+0000] {taskinstance.py:3901} INFO - 0 downstream tasks scheduled from follow-on schedule check
[2025-04-22T11:20:33.030+0000] {local_task_job_runner.py:245} INFO - ::endgroup::
[2025-04-22T11:20:36.200+0000] {local_task_job_runner.py:123} INFO - ::group::Pre task execution logs
[2025-04-22T11:20:36.223+0000] {taskinstance.py:2614} INFO - Dependencies all met for dep_context=non-requeueable deps ti=<TaskInstance: compress_file_on_upload.wait_for_file scheduled__2025-04-22T11:19:00+00:00 [queued]>
[2025-04-22T11:20:36.234+0000] {taskinstance.py:2614} INFO - Dependencies all met for dep_context=requeueable deps ti=<TaskInstance: compress_file_on_upload.wait_for_file scheduled__2025-04-22T11:19:00+00:00 [queued]>
[2025-04-22T11:20:36.235+0000] {taskinstance.py:2867} INFO - Starting attempt 1 of 2
[2025-04-22T11:20:36.472+0000] {taskinstance.py:2890} INFO - Executing <Task(PythonSensor): wait_for_file> on 2025-04-22 11:19:00+00:00
[2025-04-22T11:20:36.485+0000] {warnings.py:112} WARNING - /home/***/.local/lib/python3.12/site-packages/***/task/task_runner/standard_task_runner.py:70: DeprecationWarning: This process (pid=1545) is multi-threaded, use of fork() may lead to deadlocks in the child.
  pid = os.fork()

[2025-04-22T11:20:36.487+0000] {standard_task_runner.py:72} INFO - Started process 1564 to run task
[2025-04-22T11:20:36.488+0000] {standard_task_runner.py:104} INFO - Running: ['***', 'tasks', 'run', 'compress_file_on_upload', 'wait_for_file', 'scheduled__2025-04-22T11:19:00+00:00', '--job-id', '338', '--raw', '--subdir', 'DAGS_FOLDER/minio_file_compression_and_email.py', '--cfg-path', '/tmp/tmple0__3u_']
[2025-04-22T11:20:36.489+0000] {standard_task_runner.py:105} INFO - Job 338: Subtask wait_for_file
[2025-04-22T11:20:36.560+0000] {task_command.py:467} INFO - Running <TaskInstance: compress_file_on_upload.wait_for_file scheduled__2025-04-22T11:19:00+00:00 [running]> on host 218dff27a00b
[2025-04-22T11:20:36.671+0000] {taskinstance.py:3134} INFO - Exporting env vars: AIRFLOW_CTX_DAG_OWNER='***' AIRFLOW_CTX_DAG_ID='compress_file_on_upload' AIRFLOW_CTX_TASK_ID='wait_for_file' AIRFLOW_CTX_EXECUTION_DATE='2025-04-22T11:19:00+00:00' AIRFLOW_CTX_TRY_NUMBER='1' AIRFLOW_CTX_DAG_RUN_ID='scheduled__2025-04-22T11:19:00+00:00'
[2025-04-22T11:20:36.673+0000] {logging_mixin.py:190} INFO - Task instance is in running state
[2025-04-22T11:20:36.673+0000] {logging_mixin.py:190} INFO -  Previous state of the Task instance: queued
[2025-04-22T11:20:36.674+0000] {logging_mixin.py:190} INFO - Current task name:wait_for_file state:running start_date:2025-04-22 11:20:36.224541+00:00
[2025-04-22T11:20:36.675+0000] {logging_mixin.py:190} INFO - Dag name:compress_file_on_upload and current dag run status:running
[2025-04-22T11:20:36.675+0000] {taskinstance.py:732} INFO - ::endgroup::
[2025-04-22T11:20:36.689+0000] {python.py:75} INFO - Poking callable: <function check_for_files at 0x7fc60c146f20>
[2025-04-22T11:20:36.985+0000] {minio_file_compression_and_email.py:44} INFO - Listing objects in bucket: my-bucket, prefix: uploads/
[2025-04-22T11:20:37.025+0000] {minio_file_compression_and_email.py:46} INFO - Raw response from MinIO: {'ResponseMetadata': {'RequestId': '1838A00DDCDFFA8F', 'HostId': 'dd9025bab4ad464b049177c95eb6ebf374d3b3fd1af9251148b658df7ac2e3e8', 'HTTPStatusCode': 200, 'HTTPHeaders': {'accept-ranges': 'bytes', 'content-length': '280', 'content-type': 'application/xml', 'server': 'MinIO', 'strict-transport-security': 'max-age=31536000; includeSubDomains', 'vary': 'Origin, Accept-Encoding', 'x-amz-id-2': 'dd9025bab4ad464b049177c95eb6ebf374d3b3fd1af9251148b658df7ac2e3e8', 'x-amz-request-id': '1838A00DDCDFFA8F', 'x-content-type-options': 'nosniff', 'x-ratelimit-limit': '856', 'x-ratelimit-remaining': '856', 'x-xss-protection': '1; mode=block', 'date': 'Tue, 22 Apr 2025 11:20:37 GMT'}, 'RetryAttempts': 0}, 'IsTruncated': False, 'Name': 'my-bucket', 'Prefix': 'uploads/', 'MaxKeys': 1000, 'EncodingType': 'url', 'KeyCount': 0}
[2025-04-22T11:20:37.026+0000] {minio_file_compression_and_email.py:49} INFO - No 'Contents' key in response. Bucket might be empty or prefix incorrect.
[2025-04-22T11:20:37.057+0000] {taskinstance.py:310} INFO - Rescheduling task, marking task as UP_FOR_RESCHEDULE
[2025-04-22T11:20:37.057+0000] {taskinstance.py:341} INFO - ::group::Post task execution logs
[2025-04-22T11:20:37.079+0000] {local_task_job_runner.py:266} INFO - Task exited with return code 0
[2025-04-22T11:20:37.130+0000] {taskinstance.py:3901} INFO - 0 downstream tasks scheduled from follow-on schedule check
[2025-04-22T11:20:37.134+0000] {local_task_job_runner.py:245} INFO - ::endgroup::
[2025-04-22T11:20:40.151+0000] {local_task_job_runner.py:123} INFO - ::group::Pre task execution logs
[2025-04-22T11:20:40.360+0000] {taskinstance.py:2614} INFO - Dependencies all met for dep_context=non-requeueable deps ti=<TaskInstance: compress_file_on_upload.wait_for_file scheduled__2025-04-22T11:19:00+00:00 [queued]>
[2025-04-22T11:20:40.371+0000] {taskinstance.py:2614} INFO - Dependencies all met for dep_context=requeueable deps ti=<TaskInstance: compress_file_on_upload.wait_for_file scheduled__2025-04-22T11:19:00+00:00 [queued]>
[2025-04-22T11:20:40.372+0000] {taskinstance.py:2867} INFO - Starting attempt 1 of 2
[2025-04-22T11:20:40.389+0000] {taskinstance.py:2890} INFO - Executing <Task(PythonSensor): wait_for_file> on 2025-04-22 11:19:00+00:00
[2025-04-22T11:20:40.396+0000] {warnings.py:112} WARNING - /home/***/.local/lib/python3.12/site-packages/***/task/task_runner/standard_task_runner.py:70: DeprecationWarning: This process (pid=1572) is multi-threaded, use of fork() may lead to deadlocks in the child.
  pid = os.fork()

[2025-04-22T11:20:40.398+0000] {standard_task_runner.py:72} INFO - Started process 1580 to run task
[2025-04-22T11:20:40.399+0000] {standard_task_runner.py:104} INFO - Running: ['***', 'tasks', 'run', 'compress_file_on_upload', 'wait_for_file', 'scheduled__2025-04-22T11:19:00+00:00', '--job-id', '343', '--raw', '--subdir', 'DAGS_FOLDER/minio_file_compression_and_email.py', '--cfg-path', '/tmp/tmp99vh9xf7']
[2025-04-22T11:20:40.400+0000] {standard_task_runner.py:105} INFO - Job 343: Subtask wait_for_file
[2025-04-22T11:20:40.450+0000] {task_command.py:467} INFO - Running <TaskInstance: compress_file_on_upload.wait_for_file scheduled__2025-04-22T11:19:00+00:00 [running]> on host 218dff27a00b
[2025-04-22T11:20:40.546+0000] {taskinstance.py:3134} INFO - Exporting env vars: AIRFLOW_CTX_DAG_OWNER='***' AIRFLOW_CTX_DAG_ID='compress_file_on_upload' AIRFLOW_CTX_TASK_ID='wait_for_file' AIRFLOW_CTX_EXECUTION_DATE='2025-04-22T11:19:00+00:00' AIRFLOW_CTX_TRY_NUMBER='1' AIRFLOW_CTX_DAG_RUN_ID='scheduled__2025-04-22T11:19:00+00:00'
[2025-04-22T11:20:40.548+0000] {logging_mixin.py:190} INFO - Task instance is in running state
[2025-04-22T11:20:40.548+0000] {logging_mixin.py:190} INFO -  Previous state of the Task instance: queued
[2025-04-22T11:20:40.549+0000] {logging_mixin.py:190} INFO - Current task name:wait_for_file state:running start_date:2025-04-22 11:20:40.361242+00:00
[2025-04-22T11:20:40.549+0000] {logging_mixin.py:190} INFO - Dag name:compress_file_on_upload and current dag run status:running
[2025-04-22T11:20:40.549+0000] {taskinstance.py:732} INFO - ::endgroup::
[2025-04-22T11:20:40.559+0000] {python.py:75} INFO - Poking callable: <function check_for_files at 0x7fc60c13e840>
[2025-04-22T11:20:40.784+0000] {minio_file_compression_and_email.py:44} INFO - Listing objects in bucket: my-bucket, prefix: uploads/
[2025-04-22T11:20:40.799+0000] {minio_file_compression_and_email.py:46} INFO - Raw response from MinIO: {'ResponseMetadata': {'RequestId': '1838A00EBEB2865F', 'HostId': 'dd9025bab4ad464b049177c95eb6ebf374d3b3fd1af9251148b658df7ac2e3e8', 'HTTPStatusCode': 200, 'HTTPHeaders': {'accept-ranges': 'bytes', 'content-length': '280', 'content-type': 'application/xml', 'server': 'MinIO', 'strict-transport-security': 'max-age=31536000; includeSubDomains', 'vary': 'Origin, Accept-Encoding', 'x-amz-id-2': 'dd9025bab4ad464b049177c95eb6ebf374d3b3fd1af9251148b658df7ac2e3e8', 'x-amz-request-id': '1838A00EBEB2865F', 'x-content-type-options': 'nosniff', 'x-ratelimit-limit': '856', 'x-ratelimit-remaining': '854', 'x-xss-protection': '1; mode=block', 'date': 'Tue, 22 Apr 2025 11:20:40 GMT'}, 'RetryAttempts': 0}, 'IsTruncated': False, 'Name': 'my-bucket', 'Prefix': 'uploads/', 'MaxKeys': 1000, 'EncodingType': 'url', 'KeyCount': 0}
[2025-04-22T11:20:40.800+0000] {minio_file_compression_and_email.py:49} INFO - No 'Contents' key in response. Bucket might be empty or prefix incorrect.
[2025-04-22T11:20:40.824+0000] {taskinstance.py:310} INFO - Rescheduling task, marking task as UP_FOR_RESCHEDULE
[2025-04-22T11:20:40.824+0000] {taskinstance.py:341} INFO - ::group::Post task execution logs
[2025-04-22T11:20:40.866+0000] {local_task_job_runner.py:266} INFO - Task exited with return code 0
[2025-04-22T11:20:40.897+0000] {taskinstance.py:3901} INFO - 0 downstream tasks scheduled from follow-on schedule check
[2025-04-22T11:20:40.900+0000] {local_task_job_runner.py:245} INFO - ::endgroup::
[2025-04-22T11:20:43.759+0000] {local_task_job_runner.py:123} INFO - ::group::Pre task execution logs
[2025-04-22T11:20:43.782+0000] {taskinstance.py:2614} INFO - Dependencies all met for dep_context=non-requeueable deps ti=<TaskInstance: compress_file_on_upload.wait_for_file scheduled__2025-04-22T11:19:00+00:00 [queued]>
[2025-04-22T11:20:43.792+0000] {taskinstance.py:2614} INFO - Dependencies all met for dep_context=requeueable deps ti=<TaskInstance: compress_file_on_upload.wait_for_file scheduled__2025-04-22T11:19:00+00:00 [queued]>
[2025-04-22T11:20:43.792+0000] {taskinstance.py:2867} INFO - Starting attempt 1 of 2
[2025-04-22T11:20:43.997+0000] {taskinstance.py:2890} INFO - Executing <Task(PythonSensor): wait_for_file> on 2025-04-22 11:19:00+00:00
[2025-04-22T11:20:44.005+0000] {warnings.py:112} WARNING - /home/***/.local/lib/python3.12/site-packages/***/task/task_runner/standard_task_runner.py:70: DeprecationWarning: This process (pid=1591) is multi-threaded, use of fork() may lead to deadlocks in the child.
  pid = os.fork()

[2025-04-22T11:20:44.007+0000] {standard_task_runner.py:72} INFO - Started process 1602 to run task
[2025-04-22T11:20:44.007+0000] {standard_task_runner.py:104} INFO - Running: ['***', 'tasks', 'run', 'compress_file_on_upload', 'wait_for_file', 'scheduled__2025-04-22T11:19:00+00:00', '--job-id', '346', '--raw', '--subdir', 'DAGS_FOLDER/minio_file_compression_and_email.py', '--cfg-path', '/tmp/tmp9xss1pjq']
[2025-04-22T11:20:44.008+0000] {standard_task_runner.py:105} INFO - Job 346: Subtask wait_for_file
[2025-04-22T11:20:44.053+0000] {task_command.py:467} INFO - Running <TaskInstance: compress_file_on_upload.wait_for_file scheduled__2025-04-22T11:19:00+00:00 [running]> on host 218dff27a00b
[2025-04-22T11:20:44.148+0000] {taskinstance.py:3134} INFO - Exporting env vars: AIRFLOW_CTX_DAG_OWNER='***' AIRFLOW_CTX_DAG_ID='compress_file_on_upload' AIRFLOW_CTX_TASK_ID='wait_for_file' AIRFLOW_CTX_EXECUTION_DATE='2025-04-22T11:19:00+00:00' AIRFLOW_CTX_TRY_NUMBER='1' AIRFLOW_CTX_DAG_RUN_ID='scheduled__2025-04-22T11:19:00+00:00'
[2025-04-22T11:20:44.149+0000] {logging_mixin.py:190} INFO - Task instance is in running state
[2025-04-22T11:20:44.150+0000] {logging_mixin.py:190} INFO -  Previous state of the Task instance: queued
[2025-04-22T11:20:44.150+0000] {logging_mixin.py:190} INFO - Current task name:wait_for_file state:running start_date:2025-04-22 11:20:43.782923+00:00
[2025-04-22T11:20:44.150+0000] {logging_mixin.py:190} INFO - Dag name:compress_file_on_upload and current dag run status:running
[2025-04-22T11:20:44.151+0000] {taskinstance.py:732} INFO - ::endgroup::
[2025-04-22T11:20:44.161+0000] {python.py:75} INFO - Poking callable: <function check_for_files at 0x7fc60c12ea20>
[2025-04-22T11:20:44.281+0000] {minio_file_compression_and_email.py:44} INFO - Listing objects in bucket: my-bucket, prefix: uploads/
[2025-04-22T11:20:44.294+0000] {minio_file_compression_and_email.py:46} INFO - Raw response from MinIO: {'ResponseMetadata': {'RequestId': '1838A00F8F123B41', 'HostId': 'dd9025bab4ad464b049177c95eb6ebf374d3b3fd1af9251148b658df7ac2e3e8', 'HTTPStatusCode': 200, 'HTTPHeaders': {'accept-ranges': 'bytes', 'content-length': '280', 'content-type': 'application/xml', 'server': 'MinIO', 'strict-transport-security': 'max-age=31536000; includeSubDomains', 'vary': 'Origin, Accept-Encoding', 'x-amz-id-2': 'dd9025bab4ad464b049177c95eb6ebf374d3b3fd1af9251148b658df7ac2e3e8', 'x-amz-request-id': '1838A00F8F123B41', 'x-content-type-options': 'nosniff', 'x-ratelimit-limit': '856', 'x-ratelimit-remaining': '856', 'x-xss-protection': '1; mode=block', 'date': 'Tue, 22 Apr 2025 11:20:44 GMT'}, 'RetryAttempts': 0}, 'IsTruncated': False, 'Name': 'my-bucket', 'Prefix': 'uploads/', 'MaxKeys': 1000, 'EncodingType': 'url', 'KeyCount': 0}
[2025-04-22T11:20:44.294+0000] {minio_file_compression_and_email.py:49} INFO - No 'Contents' key in response. Bucket might be empty or prefix incorrect.
[2025-04-22T11:20:44.317+0000] {taskinstance.py:310} INFO - Rescheduling task, marking task as UP_FOR_RESCHEDULE
[2025-04-22T11:20:44.318+0000] {taskinstance.py:341} INFO - ::group::Post task execution logs
[2025-04-22T11:20:44.352+0000] {local_task_job_runner.py:266} INFO - Task exited with return code 0
[2025-04-22T11:20:44.393+0000] {taskinstance.py:3901} INFO - 0 downstream tasks scheduled from follow-on schedule check
[2025-04-22T11:20:44.399+0000] {local_task_job_runner.py:245} INFO - ::endgroup::
[2025-04-22T11:20:47.442+0000] {local_task_job_runner.py:123} INFO - ::group::Pre task execution logs
[2025-04-22T11:20:47.465+0000] {taskinstance.py:2614} INFO - Dependencies all met for dep_context=non-requeueable deps ti=<TaskInstance: compress_file_on_upload.wait_for_file scheduled__2025-04-22T11:19:00+00:00 [queued]>
[2025-04-22T11:20:47.475+0000] {taskinstance.py:2614} INFO - Dependencies all met for dep_context=requeueable deps ti=<TaskInstance: compress_file_on_upload.wait_for_file scheduled__2025-04-22T11:19:00+00:00 [queued]>
[2025-04-22T11:20:47.476+0000] {taskinstance.py:2867} INFO - Starting attempt 1 of 2
[2025-04-22T11:20:47.679+0000] {taskinstance.py:2890} INFO - Executing <Task(PythonSensor): wait_for_file> on 2025-04-22 11:19:00+00:00
[2025-04-22T11:20:47.687+0000] {warnings.py:112} WARNING - /home/***/.local/lib/python3.12/site-packages/***/task/task_runner/standard_task_runner.py:70: DeprecationWarning: This process (pid=1611) is multi-threaded, use of fork() may lead to deadlocks in the child.
  pid = os.fork()

[2025-04-22T11:20:47.689+0000] {standard_task_runner.py:72} INFO - Started process 1620 to run task
[2025-04-22T11:20:47.690+0000] {standard_task_runner.py:104} INFO - Running: ['***', 'tasks', 'run', 'compress_file_on_upload', 'wait_for_file', 'scheduled__2025-04-22T11:19:00+00:00', '--job-id', '351', '--raw', '--subdir', 'DAGS_FOLDER/minio_file_compression_and_email.py', '--cfg-path', '/tmp/tmpofcdirky']
[2025-04-22T11:20:47.691+0000] {standard_task_runner.py:105} INFO - Job 351: Subtask wait_for_file
[2025-04-22T11:20:47.740+0000] {task_command.py:467} INFO - Running <TaskInstance: compress_file_on_upload.wait_for_file scheduled__2025-04-22T11:19:00+00:00 [running]> on host 218dff27a00b
[2025-04-22T11:20:47.828+0000] {taskinstance.py:3134} INFO - Exporting env vars: AIRFLOW_CTX_DAG_OWNER='***' AIRFLOW_CTX_DAG_ID='compress_file_on_upload' AIRFLOW_CTX_TASK_ID='wait_for_file' AIRFLOW_CTX_EXECUTION_DATE='2025-04-22T11:19:00+00:00' AIRFLOW_CTX_TRY_NUMBER='1' AIRFLOW_CTX_DAG_RUN_ID='scheduled__2025-04-22T11:19:00+00:00'
[2025-04-22T11:20:47.830+0000] {logging_mixin.py:190} INFO - Task instance is in running state
[2025-04-22T11:20:47.830+0000] {logging_mixin.py:190} INFO -  Previous state of the Task instance: queued
[2025-04-22T11:20:47.831+0000] {logging_mixin.py:190} INFO - Current task name:wait_for_file state:running start_date:2025-04-22 11:20:47.466243+00:00
[2025-04-22T11:20:47.831+0000] {logging_mixin.py:190} INFO - Dag name:compress_file_on_upload and current dag run status:running
[2025-04-22T11:20:47.831+0000] {taskinstance.py:732} INFO - ::endgroup::
[2025-04-22T11:20:47.842+0000] {python.py:75} INFO - Poking callable: <function check_for_files at 0x7fc60c12ea20>
[2025-04-22T11:20:47.958+0000] {minio_file_compression_and_email.py:44} INFO - Listing objects in bucket: my-bucket, prefix: uploads/
[2025-04-22T11:20:47.972+0000] {minio_file_compression_and_email.py:46} INFO - Raw response from MinIO: {'ResponseMetadata': {'RequestId': '1838A0106A563FD5', 'HostId': 'dd9025bab4ad464b049177c95eb6ebf374d3b3fd1af9251148b658df7ac2e3e8', 'HTTPStatusCode': 200, 'HTTPHeaders': {'accept-ranges': 'bytes', 'content-length': '280', 'content-type': 'application/xml', 'server': 'MinIO', 'strict-transport-security': 'max-age=31536000; includeSubDomains', 'vary': 'Origin, Accept-Encoding', 'x-amz-id-2': 'dd9025bab4ad464b049177c95eb6ebf374d3b3fd1af9251148b658df7ac2e3e8', 'x-amz-request-id': '1838A0106A563FD5', 'x-content-type-options': 'nosniff', 'x-ratelimit-limit': '856', 'x-ratelimit-remaining': '856', 'x-xss-protection': '1; mode=block', 'date': 'Tue, 22 Apr 2025 11:20:47 GMT'}, 'RetryAttempts': 0}, 'IsTruncated': False, 'Name': 'my-bucket', 'Prefix': 'uploads/', 'MaxKeys': 1000, 'EncodingType': 'url', 'KeyCount': 0}
[2025-04-22T11:20:47.973+0000] {minio_file_compression_and_email.py:49} INFO - No 'Contents' key in response. Bucket might be empty or prefix incorrect.
[2025-04-22T11:20:48.003+0000] {taskinstance.py:310} INFO - Rescheduling task, marking task as UP_FOR_RESCHEDULE
[2025-04-22T11:20:48.004+0000] {taskinstance.py:341} INFO - ::group::Post task execution logs
[2025-04-22T11:20:48.034+0000] {local_task_job_runner.py:266} INFO - Task exited with return code 0
[2025-04-22T11:20:48.063+0000] {taskinstance.py:3901} INFO - 0 downstream tasks scheduled from follow-on schedule check
[2025-04-22T11:20:48.066+0000] {local_task_job_runner.py:245} INFO - ::endgroup::
[2025-04-22T11:20:51.568+0000] {local_task_job_runner.py:123} INFO - ::group::Pre task execution logs
[2025-04-22T11:20:51.759+0000] {taskinstance.py:2614} INFO - Dependencies all met for dep_context=non-requeueable deps ti=<TaskInstance: compress_file_on_upload.wait_for_file scheduled__2025-04-22T11:19:00+00:00 [queued]>
[2025-04-22T11:20:51.767+0000] {taskinstance.py:2614} INFO - Dependencies all met for dep_context=requeueable deps ti=<TaskInstance: compress_file_on_upload.wait_for_file scheduled__2025-04-22T11:19:00+00:00 [queued]>
[2025-04-22T11:20:51.770+0000] {taskinstance.py:2867} INFO - Starting attempt 1 of 2
[2025-04-22T11:20:51.784+0000] {taskinstance.py:2890} INFO - Executing <Task(PythonSensor): wait_for_file> on 2025-04-22 11:19:00+00:00
[2025-04-22T11:20:51.792+0000] {warnings.py:112} WARNING - /home/***/.local/lib/python3.12/site-packages/***/task/task_runner/standard_task_runner.py:70: DeprecationWarning: This process (pid=1632) is multi-threaded, use of fork() may lead to deadlocks in the child.
  pid = os.fork()

[2025-04-22T11:20:51.794+0000] {standard_task_runner.py:72} INFO - Started process 1643 to run task
[2025-04-22T11:20:51.795+0000] {standard_task_runner.py:104} INFO - Running: ['***', 'tasks', 'run', 'compress_file_on_upload', 'wait_for_file', 'scheduled__2025-04-22T11:19:00+00:00', '--job-id', '358', '--raw', '--subdir', 'DAGS_FOLDER/minio_file_compression_and_email.py', '--cfg-path', '/tmp/tmp9cmijsck']
[2025-04-22T11:20:51.796+0000] {standard_task_runner.py:105} INFO - Job 358: Subtask wait_for_file
[2025-04-22T11:20:51.844+0000] {task_command.py:467} INFO - Running <TaskInstance: compress_file_on_upload.wait_for_file scheduled__2025-04-22T11:19:00+00:00 [running]> on host 218dff27a00b
[2025-04-22T11:20:51.949+0000] {taskinstance.py:3134} INFO - Exporting env vars: AIRFLOW_CTX_DAG_OWNER='***' AIRFLOW_CTX_DAG_ID='compress_file_on_upload' AIRFLOW_CTX_TASK_ID='wait_for_file' AIRFLOW_CTX_EXECUTION_DATE='2025-04-22T11:19:00+00:00' AIRFLOW_CTX_TRY_NUMBER='1' AIRFLOW_CTX_DAG_RUN_ID='scheduled__2025-04-22T11:19:00+00:00'
[2025-04-22T11:20:51.951+0000] {logging_mixin.py:190} INFO - Task instance is in running state
[2025-04-22T11:20:51.952+0000] {logging_mixin.py:190} INFO -  Previous state of the Task instance: queued
[2025-04-22T11:20:51.952+0000] {logging_mixin.py:190} INFO - Current task name:wait_for_file state:running start_date:2025-04-22 11:20:51.760277+00:00
[2025-04-22T11:20:51.953+0000] {logging_mixin.py:190} INFO - Dag name:compress_file_on_upload and current dag run status:running
[2025-04-22T11:20:51.953+0000] {taskinstance.py:732} INFO - ::endgroup::
[2025-04-22T11:20:51.965+0000] {python.py:75} INFO - Poking callable: <function check_for_files at 0x7fc60c13e840>
[2025-04-22T11:20:52.103+0000] {minio_file_compression_and_email.py:44} INFO - Listing objects in bucket: my-bucket, prefix: uploads/
[2025-04-22T11:20:52.116+0000] {minio_file_compression_and_email.py:46} INFO - Raw response from MinIO: {'ResponseMetadata': {'RequestId': '1838A0116145B43B', 'HostId': 'dd9025bab4ad464b049177c95eb6ebf374d3b3fd1af9251148b658df7ac2e3e8', 'HTTPStatusCode': 200, 'HTTPHeaders': {'accept-ranges': 'bytes', 'content-length': '280', 'content-type': 'application/xml', 'server': 'MinIO', 'strict-transport-security': 'max-age=31536000; includeSubDomains', 'vary': 'Origin, Accept-Encoding', 'x-amz-id-2': 'dd9025bab4ad464b049177c95eb6ebf374d3b3fd1af9251148b658df7ac2e3e8', 'x-amz-request-id': '1838A0116145B43B', 'x-content-type-options': 'nosniff', 'x-ratelimit-limit': '856', 'x-ratelimit-remaining': '856', 'x-xss-protection': '1; mode=block', 'date': 'Tue, 22 Apr 2025 11:20:52 GMT'}, 'RetryAttempts': 0}, 'IsTruncated': False, 'Name': 'my-bucket', 'Prefix': 'uploads/', 'MaxKeys': 1000, 'EncodingType': 'url', 'KeyCount': 0}
[2025-04-22T11:20:52.117+0000] {minio_file_compression_and_email.py:49} INFO - No 'Contents' key in response. Bucket might be empty or prefix incorrect.
[2025-04-22T11:20:52.147+0000] {taskinstance.py:310} INFO - Rescheduling task, marking task as UP_FOR_RESCHEDULE
[2025-04-22T11:20:52.147+0000] {taskinstance.py:341} INFO - ::group::Post task execution logs
[2025-04-22T11:20:52.180+0000] {local_task_job_runner.py:266} INFO - Task exited with return code 0
[2025-04-22T11:20:52.219+0000] {taskinstance.py:3901} INFO - 0 downstream tasks scheduled from follow-on schedule check
[2025-04-22T11:20:52.222+0000] {local_task_job_runner.py:245} INFO - ::endgroup::
[2025-04-22T11:20:55.028+0000] {local_task_job_runner.py:123} INFO - ::group::Pre task execution logs
[2025-04-22T11:20:55.222+0000] {taskinstance.py:2614} INFO - Dependencies all met for dep_context=non-requeueable deps ti=<TaskInstance: compress_file_on_upload.wait_for_file scheduled__2025-04-22T11:19:00+00:00 [queued]>
[2025-04-22T11:20:55.231+0000] {taskinstance.py:2614} INFO - Dependencies all met for dep_context=requeueable deps ti=<TaskInstance: compress_file_on_upload.wait_for_file scheduled__2025-04-22T11:19:00+00:00 [queued]>
[2025-04-22T11:20:55.232+0000] {taskinstance.py:2867} INFO - Starting attempt 1 of 2
[2025-04-22T11:20:55.249+0000] {taskinstance.py:2890} INFO - Executing <Task(PythonSensor): wait_for_file> on 2025-04-22 11:19:00+00:00
[2025-04-22T11:20:55.256+0000] {warnings.py:112} WARNING - /home/***/.local/lib/python3.12/site-packages/***/task/task_runner/standard_task_runner.py:70: DeprecationWarning: This process (pid=1652) is multi-threaded, use of fork() may lead to deadlocks in the child.
  pid = os.fork()

[2025-04-22T11:20:55.258+0000] {standard_task_runner.py:104} INFO - Running: ['***', 'tasks', 'run', 'compress_file_on_upload', 'wait_for_file', 'scheduled__2025-04-22T11:19:00+00:00', '--job-id', '363', '--raw', '--subdir', 'DAGS_FOLDER/minio_file_compression_and_email.py', '--cfg-path', '/tmp/tmpq8jj8q0o']
[2025-04-22T11:20:55.260+0000] {standard_task_runner.py:105} INFO - Job 363: Subtask wait_for_file
[2025-04-22T11:20:55.260+0000] {standard_task_runner.py:72} INFO - Started process 1664 to run task
[2025-04-22T11:20:55.306+0000] {task_command.py:467} INFO - Running <TaskInstance: compress_file_on_upload.wait_for_file scheduled__2025-04-22T11:19:00+00:00 [running]> on host 218dff27a00b
[2025-04-22T11:20:55.399+0000] {taskinstance.py:3134} INFO - Exporting env vars: AIRFLOW_CTX_DAG_OWNER='***' AIRFLOW_CTX_DAG_ID='compress_file_on_upload' AIRFLOW_CTX_TASK_ID='wait_for_file' AIRFLOW_CTX_EXECUTION_DATE='2025-04-22T11:19:00+00:00' AIRFLOW_CTX_TRY_NUMBER='1' AIRFLOW_CTX_DAG_RUN_ID='scheduled__2025-04-22T11:19:00+00:00'
[2025-04-22T11:20:55.400+0000] {logging_mixin.py:190} INFO - Task instance is in running state
[2025-04-22T11:20:55.401+0000] {logging_mixin.py:190} INFO -  Previous state of the Task instance: queued
[2025-04-22T11:20:55.401+0000] {logging_mixin.py:190} INFO - Current task name:wait_for_file state:running start_date:2025-04-22 11:20:55.222976+00:00
[2025-04-22T11:20:55.402+0000] {logging_mixin.py:190} INFO - Dag name:compress_file_on_upload and current dag run status:running
[2025-04-22T11:20:55.402+0000] {taskinstance.py:732} INFO - ::endgroup::
[2025-04-22T11:20:55.413+0000] {python.py:75} INFO - Poking callable: <function check_for_files at 0x7fc60c13e840>
[2025-04-22T11:20:55.525+0000] {minio_file_compression_and_email.py:44} INFO - Listing objects in bucket: my-bucket, prefix: uploads/
[2025-04-22T11:20:55.537+0000] {minio_file_compression_and_email.py:46} INFO - Raw response from MinIO: {'ResponseMetadata': {'RequestId': '1838A0122D38E5EC', 'HostId': 'dd9025bab4ad464b049177c95eb6ebf374d3b3fd1af9251148b658df7ac2e3e8', 'HTTPStatusCode': 200, 'HTTPHeaders': {'accept-ranges': 'bytes', 'content-length': '280', 'content-type': 'application/xml', 'server': 'MinIO', 'strict-transport-security': 'max-age=31536000; includeSubDomains', 'vary': 'Origin, Accept-Encoding', 'x-amz-id-2': 'dd9025bab4ad464b049177c95eb6ebf374d3b3fd1af9251148b658df7ac2e3e8', 'x-amz-request-id': '1838A0122D38E5EC', 'x-content-type-options': 'nosniff', 'x-ratelimit-limit': '856', 'x-ratelimit-remaining': '856', 'x-xss-protection': '1; mode=block', 'date': 'Tue, 22 Apr 2025 11:20:55 GMT'}, 'RetryAttempts': 0}, 'IsTruncated': False, 'Name': 'my-bucket', 'Prefix': 'uploads/', 'MaxKeys': 1000, 'EncodingType': 'url', 'KeyCount': 0}
[2025-04-22T11:20:55.538+0000] {minio_file_compression_and_email.py:49} INFO - No 'Contents' key in response. Bucket might be empty or prefix incorrect.
[2025-04-22T11:20:55.558+0000] {taskinstance.py:310} INFO - Rescheduling task, marking task as UP_FOR_RESCHEDULE
[2025-04-22T11:20:55.558+0000] {taskinstance.py:341} INFO - ::group::Post task execution logs
[2025-04-22T11:20:55.606+0000] {local_task_job_runner.py:266} INFO - Task exited with return code 0
[2025-04-22T11:20:55.634+0000] {taskinstance.py:3901} INFO - 0 downstream tasks scheduled from follow-on schedule check
[2025-04-22T11:20:55.637+0000] {local_task_job_runner.py:245} INFO - ::endgroup::
[2025-04-22T11:20:58.793+0000] {local_task_job_runner.py:123} INFO - ::group::Pre task execution logs
[2025-04-22T11:20:58.810+0000] {taskinstance.py:2614} INFO - Dependencies all met for dep_context=non-requeueable deps ti=<TaskInstance: compress_file_on_upload.wait_for_file scheduled__2025-04-22T11:19:00+00:00 [queued]>
[2025-04-22T11:20:58.818+0000] {taskinstance.py:2614} INFO - Dependencies all met for dep_context=requeueable deps ti=<TaskInstance: compress_file_on_upload.wait_for_file scheduled__2025-04-22T11:19:00+00:00 [queued]>
[2025-04-22T11:20:58.819+0000] {taskinstance.py:2867} INFO - Starting attempt 1 of 2
[2025-04-22T11:20:59.017+0000] {taskinstance.py:2890} INFO - Executing <Task(PythonSensor): wait_for_file> on 2025-04-22 11:19:00+00:00
[2025-04-22T11:20:59.027+0000] {warnings.py:112} WARNING - /home/***/.local/lib/python3.12/site-packages/***/task/task_runner/standard_task_runner.py:70: DeprecationWarning: This process (pid=1670) is multi-threaded, use of fork() may lead to deadlocks in the child.
  pid = os.fork()

[2025-04-22T11:20:59.029+0000] {standard_task_runner.py:72} INFO - Started process 1682 to run task
[2025-04-22T11:20:59.030+0000] {standard_task_runner.py:104} INFO - Running: ['***', 'tasks', 'run', 'compress_file_on_upload', 'wait_for_file', 'scheduled__2025-04-22T11:19:00+00:00', '--job-id', '367', '--raw', '--subdir', 'DAGS_FOLDER/minio_file_compression_and_email.py', '--cfg-path', '/tmp/tmpg_pftt46']
[2025-04-22T11:20:59.031+0000] {standard_task_runner.py:105} INFO - Job 367: Subtask wait_for_file
[2025-04-22T11:20:59.093+0000] {task_command.py:467} INFO - Running <TaskInstance: compress_file_on_upload.wait_for_file scheduled__2025-04-22T11:19:00+00:00 [running]> on host 218dff27a00b
[2025-04-22T11:20:59.196+0000] {taskinstance.py:3134} INFO - Exporting env vars: AIRFLOW_CTX_DAG_OWNER='***' AIRFLOW_CTX_DAG_ID='compress_file_on_upload' AIRFLOW_CTX_TASK_ID='wait_for_file' AIRFLOW_CTX_EXECUTION_DATE='2025-04-22T11:19:00+00:00' AIRFLOW_CTX_TRY_NUMBER='1' AIRFLOW_CTX_DAG_RUN_ID='scheduled__2025-04-22T11:19:00+00:00'
[2025-04-22T11:20:59.198+0000] {logging_mixin.py:190} INFO - Task instance is in running state
[2025-04-22T11:20:59.198+0000] {logging_mixin.py:190} INFO -  Previous state of the Task instance: queued
[2025-04-22T11:20:59.199+0000] {logging_mixin.py:190} INFO - Current task name:wait_for_file state:running start_date:2025-04-22 11:20:58.811193+00:00
[2025-04-22T11:20:59.199+0000] {logging_mixin.py:190} INFO - Dag name:compress_file_on_upload and current dag run status:running
[2025-04-22T11:20:59.199+0000] {taskinstance.py:732} INFO - ::endgroup::
[2025-04-22T11:20:59.210+0000] {python.py:75} INFO - Poking callable: <function check_for_files at 0x7fc60c12ea20>
[2025-04-22T11:20:59.404+0000] {minio_file_compression_and_email.py:44} INFO - Listing objects in bucket: my-bucket, prefix: uploads/
[2025-04-22T11:20:59.421+0000] {minio_file_compression_and_email.py:46} INFO - Raw response from MinIO: {'ResponseMetadata': {'RequestId': '1838A013148FFCBE', 'HostId': 'dd9025bab4ad464b049177c95eb6ebf374d3b3fd1af9251148b658df7ac2e3e8', 'HTTPStatusCode': 200, 'HTTPHeaders': {'accept-ranges': 'bytes', 'content-length': '280', 'content-type': 'application/xml', 'server': 'MinIO', 'strict-transport-security': 'max-age=31536000; includeSubDomains', 'vary': 'Origin, Accept-Encoding', 'x-amz-id-2': 'dd9025bab4ad464b049177c95eb6ebf374d3b3fd1af9251148b658df7ac2e3e8', 'x-amz-request-id': '1838A013148FFCBE', 'x-content-type-options': 'nosniff', 'x-ratelimit-limit': '856', 'x-ratelimit-remaining': '855', 'x-xss-protection': '1; mode=block', 'date': 'Tue, 22 Apr 2025 11:20:59 GMT'}, 'RetryAttempts': 0}, 'IsTruncated': False, 'Name': 'my-bucket', 'Prefix': 'uploads/', 'MaxKeys': 1000, 'EncodingType': 'url', 'KeyCount': 0}
[2025-04-22T11:20:59.422+0000] {minio_file_compression_and_email.py:49} INFO - No 'Contents' key in response. Bucket might be empty or prefix incorrect.
[2025-04-22T11:20:59.447+0000] {taskinstance.py:310} INFO - Rescheduling task, marking task as UP_FOR_RESCHEDULE
[2025-04-22T11:20:59.447+0000] {taskinstance.py:341} INFO - ::group::Post task execution logs
[2025-04-22T11:20:59.502+0000] {local_task_job_runner.py:266} INFO - Task exited with return code 0
[2025-04-22T11:20:59.534+0000] {taskinstance.py:3901} INFO - 0 downstream tasks scheduled from follow-on schedule check
[2025-04-22T11:20:59.539+0000] {local_task_job_runner.py:245} INFO - ::endgroup::
[2025-04-22T11:21:03.203+0000] {local_task_job_runner.py:123} INFO - ::group::Pre task execution logs
[2025-04-22T11:21:03.225+0000] {taskinstance.py:2614} INFO - Dependencies all met for dep_context=non-requeueable deps ti=<TaskInstance: compress_file_on_upload.wait_for_file scheduled__2025-04-22T11:19:00+00:00 [queued]>
[2025-04-22T11:21:03.235+0000] {taskinstance.py:2614} INFO - Dependencies all met for dep_context=requeueable deps ti=<TaskInstance: compress_file_on_upload.wait_for_file scheduled__2025-04-22T11:19:00+00:00 [queued]>
[2025-04-22T11:21:03.236+0000] {taskinstance.py:2867} INFO - Starting attempt 1 of 2
[2025-04-22T11:21:03.454+0000] {taskinstance.py:2890} INFO - Executing <Task(PythonSensor): wait_for_file> on 2025-04-22 11:19:00+00:00
[2025-04-22T11:21:03.463+0000] {warnings.py:112} WARNING - /home/***/.local/lib/python3.12/site-packages/***/task/task_runner/standard_task_runner.py:70: DeprecationWarning: This process (pid=1693) is multi-threaded, use of fork() may lead to deadlocks in the child.
  pid = os.fork()

[2025-04-22T11:21:03.465+0000] {standard_task_runner.py:72} INFO - Started process 1708 to run task
[2025-04-22T11:21:03.465+0000] {standard_task_runner.py:104} INFO - Running: ['***', 'tasks', 'run', 'compress_file_on_upload', 'wait_for_file', 'scheduled__2025-04-22T11:19:00+00:00', '--job-id', '374', '--raw', '--subdir', 'DAGS_FOLDER/minio_file_compression_and_email.py', '--cfg-path', '/tmp/tmp0ew37mil']
[2025-04-22T11:21:03.467+0000] {standard_task_runner.py:105} INFO - Job 374: Subtask wait_for_file
[2025-04-22T11:21:03.525+0000] {task_command.py:467} INFO - Running <TaskInstance: compress_file_on_upload.wait_for_file scheduled__2025-04-22T11:19:00+00:00 [running]> on host 218dff27a00b
[2025-04-22T11:21:03.640+0000] {taskinstance.py:3134} INFO - Exporting env vars: AIRFLOW_CTX_DAG_OWNER='***' AIRFLOW_CTX_DAG_ID='compress_file_on_upload' AIRFLOW_CTX_TASK_ID='wait_for_file' AIRFLOW_CTX_EXECUTION_DATE='2025-04-22T11:19:00+00:00' AIRFLOW_CTX_TRY_NUMBER='1' AIRFLOW_CTX_DAG_RUN_ID='scheduled__2025-04-22T11:19:00+00:00'
[2025-04-22T11:21:03.643+0000] {logging_mixin.py:190} INFO - Task instance is in running state
[2025-04-22T11:21:03.644+0000] {logging_mixin.py:190} INFO -  Previous state of the Task instance: queued
[2025-04-22T11:21:03.645+0000] {logging_mixin.py:190} INFO - Current task name:wait_for_file state:running start_date:2025-04-22 11:21:03.226188+00:00
[2025-04-22T11:21:03.645+0000] {logging_mixin.py:190} INFO - Dag name:compress_file_on_upload and current dag run status:running
[2025-04-22T11:21:03.646+0000] {taskinstance.py:732} INFO - ::endgroup::
[2025-04-22T11:21:03.657+0000] {python.py:75} INFO - Poking callable: <function check_for_files at 0x7fc60c1223e0>
[2025-04-22T11:21:03.943+0000] {minio_file_compression_and_email.py:44} INFO - Listing objects in bucket: my-bucket, prefix: uploads/
[2025-04-22T11:21:03.955+0000] {minio_file_compression_and_email.py:46} INFO - Raw response from MinIO: {'ResponseMetadata': {'RequestId': '1838A01422F8C2AA', 'HostId': 'dd9025bab4ad464b049177c95eb6ebf374d3b3fd1af9251148b658df7ac2e3e8', 'HTTPStatusCode': 200, 'HTTPHeaders': {'accept-ranges': 'bytes', 'content-length': '280', 'content-type': 'application/xml', 'server': 'MinIO', 'strict-transport-security': 'max-age=31536000; includeSubDomains', 'vary': 'Origin, Accept-Encoding', 'x-amz-id-2': 'dd9025bab4ad464b049177c95eb6ebf374d3b3fd1af9251148b658df7ac2e3e8', 'x-amz-request-id': '1838A01422F8C2AA', 'x-content-type-options': 'nosniff', 'x-ratelimit-limit': '856', 'x-ratelimit-remaining': '856', 'x-xss-protection': '1; mode=block', 'date': 'Tue, 22 Apr 2025 11:21:03 GMT'}, 'RetryAttempts': 0}, 'IsTruncated': False, 'Name': 'my-bucket', 'Prefix': 'uploads/', 'MaxKeys': 1000, 'EncodingType': 'url', 'KeyCount': 0}
[2025-04-22T11:21:03.956+0000] {minio_file_compression_and_email.py:49} INFO - No 'Contents' key in response. Bucket might be empty or prefix incorrect.
[2025-04-22T11:21:03.981+0000] {taskinstance.py:310} INFO - Rescheduling task, marking task as UP_FOR_RESCHEDULE
[2025-04-22T11:21:03.982+0000] {taskinstance.py:341} INFO - ::group::Post task execution logs
[2025-04-22T11:21:04.015+0000] {local_task_job_runner.py:266} INFO - Task exited with return code 0
[2025-04-22T11:21:04.029+0000] {local_task_job_runner.py:245} INFO - ::endgroup::
[2025-04-22T11:21:07.309+0000] {local_task_job_runner.py:123} INFO - ::group::Pre task execution logs
[2025-04-22T11:21:07.329+0000] {taskinstance.py:2614} INFO - Dependencies all met for dep_context=non-requeueable deps ti=<TaskInstance: compress_file_on_upload.wait_for_file scheduled__2025-04-22T11:19:00+00:00 [queued]>
[2025-04-22T11:21:07.335+0000] {taskinstance.py:2614} INFO - Dependencies all met for dep_context=requeueable deps ti=<TaskInstance: compress_file_on_upload.wait_for_file scheduled__2025-04-22T11:19:00+00:00 [queued]>
[2025-04-22T11:21:07.335+0000] {taskinstance.py:2867} INFO - Starting attempt 1 of 2
[2025-04-22T11:21:07.519+0000] {taskinstance.py:2890} INFO - Executing <Task(PythonSensor): wait_for_file> on 2025-04-22 11:19:00+00:00
[2025-04-22T11:21:07.531+0000] {warnings.py:112} WARNING - /home/***/.local/lib/python3.12/site-packages/***/task/task_runner/standard_task_runner.py:70: DeprecationWarning: This process (pid=1716) is multi-threaded, use of fork() may lead to deadlocks in the child.
  pid = os.fork()

[2025-04-22T11:21:07.532+0000] {standard_task_runner.py:72} INFO - Started process 1727 to run task
[2025-04-22T11:21:07.533+0000] {standard_task_runner.py:104} INFO - Running: ['***', 'tasks', 'run', 'compress_file_on_upload', 'wait_for_file', 'scheduled__2025-04-22T11:19:00+00:00', '--job-id', '378', '--raw', '--subdir', 'DAGS_FOLDER/minio_file_compression_and_email.py', '--cfg-path', '/tmp/tmps49clwnq']
[2025-04-22T11:21:07.534+0000] {standard_task_runner.py:105} INFO - Job 378: Subtask wait_for_file
[2025-04-22T11:21:07.578+0000] {task_command.py:467} INFO - Running <TaskInstance: compress_file_on_upload.wait_for_file scheduled__2025-04-22T11:19:00+00:00 [running]> on host 218dff27a00b
[2025-04-22T11:21:07.664+0000] {taskinstance.py:3134} INFO - Exporting env vars: AIRFLOW_CTX_DAG_OWNER='***' AIRFLOW_CTX_DAG_ID='compress_file_on_upload' AIRFLOW_CTX_TASK_ID='wait_for_file' AIRFLOW_CTX_EXECUTION_DATE='2025-04-22T11:19:00+00:00' AIRFLOW_CTX_TRY_NUMBER='1' AIRFLOW_CTX_DAG_RUN_ID='scheduled__2025-04-22T11:19:00+00:00'
[2025-04-22T11:21:07.665+0000] {logging_mixin.py:190} INFO - Task instance is in running state
[2025-04-22T11:21:07.666+0000] {logging_mixin.py:190} INFO -  Previous state of the Task instance: queued
[2025-04-22T11:21:07.668+0000] {logging_mixin.py:190} INFO - Current task name:wait_for_file state:running start_date:2025-04-22 11:21:07.329507+00:00
[2025-04-22T11:21:07.668+0000] {logging_mixin.py:190} INFO - Dag name:compress_file_on_upload and current dag run status:running
[2025-04-22T11:21:07.669+0000] {taskinstance.py:732} INFO - ::endgroup::
[2025-04-22T11:21:07.680+0000] {python.py:75} INFO - Poking callable: <function check_for_files at 0x7fc60c146f20>
[2025-04-22T11:21:07.906+0000] {minio_file_compression_and_email.py:44} INFO - Listing objects in bucket: my-bucket, prefix: uploads/
[2025-04-22T11:21:07.944+0000] {minio_file_compression_and_email.py:46} INFO - Raw response from MinIO: {'ResponseMetadata': {'RequestId': '1838A0150FE3DAE9', 'HostId': 'dd9025bab4ad464b049177c95eb6ebf374d3b3fd1af9251148b658df7ac2e3e8', 'HTTPStatusCode': 200, 'HTTPHeaders': {'accept-ranges': 'bytes', 'content-length': '280', 'content-type': 'application/xml', 'server': 'MinIO', 'strict-transport-security': 'max-age=31536000; includeSubDomains', 'vary': 'Origin, Accept-Encoding', 'x-amz-id-2': 'dd9025bab4ad464b049177c95eb6ebf374d3b3fd1af9251148b658df7ac2e3e8', 'x-amz-request-id': '1838A0150FE3DAE9', 'x-content-type-options': 'nosniff', 'x-ratelimit-limit': '856', 'x-ratelimit-remaining': '854', 'x-xss-protection': '1; mode=block', 'date': 'Tue, 22 Apr 2025 11:21:07 GMT'}, 'RetryAttempts': 0}, 'IsTruncated': False, 'Name': 'my-bucket', 'Prefix': 'uploads/', 'MaxKeys': 1000, 'EncodingType': 'url', 'KeyCount': 0}
[2025-04-22T11:21:07.947+0000] {minio_file_compression_and_email.py:49} INFO - No 'Contents' key in response. Bucket might be empty or prefix incorrect.
[2025-04-22T11:21:07.973+0000] {taskinstance.py:310} INFO - Rescheduling task, marking task as UP_FOR_RESCHEDULE
[2025-04-22T11:21:07.974+0000] {taskinstance.py:341} INFO - ::group::Post task execution logs
[2025-04-22T11:21:08.000+0000] {local_task_job_runner.py:266} INFO - Task exited with return code 0
[2025-04-22T11:21:08.033+0000] {taskinstance.py:3901} INFO - 0 downstream tasks scheduled from follow-on schedule check
[2025-04-22T11:21:08.036+0000] {local_task_job_runner.py:245} INFO - ::endgroup::
[2025-04-22T11:21:43.830+0000] {local_task_job_runner.py:123} INFO - ::group::Pre task execution logs
[2025-04-22T11:21:43.854+0000] {taskinstance.py:2614} INFO - Dependencies all met for dep_context=non-requeueable deps ti=<TaskInstance: compress_file_on_upload.wait_for_file scheduled__2025-04-22T11:19:00+00:00 [queued]>
[2025-04-22T11:21:43.864+0000] {taskinstance.py:2614} INFO - Dependencies all met for dep_context=requeueable deps ti=<TaskInstance: compress_file_on_upload.wait_for_file scheduled__2025-04-22T11:19:00+00:00 [queued]>
[2025-04-22T11:21:43.865+0000] {taskinstance.py:2867} INFO - Starting attempt 1 of 2
[2025-04-22T11:21:44.096+0000] {taskinstance.py:2890} INFO - Executing <Task(PythonSensor): wait_for_file> on 2025-04-22 11:19:00+00:00
[2025-04-22T11:21:44.105+0000] {warnings.py:112} WARNING - /home/***/.local/lib/python3.12/site-packages/***/task/task_runner/standard_task_runner.py:70: DeprecationWarning: This process (pid=1741) is multi-threaded, use of fork() may lead to deadlocks in the child.
  pid = os.fork()

[2025-04-22T11:21:44.107+0000] {standard_task_runner.py:72} INFO - Started process 1757 to run task
[2025-04-22T11:21:44.107+0000] {standard_task_runner.py:104} INFO - Running: ['***', 'tasks', 'run', 'compress_file_on_upload', 'wait_for_file', 'scheduled__2025-04-22T11:19:00+00:00', '--job-id', '385', '--raw', '--subdir', 'DAGS_FOLDER/minio_file_compression_and_email.py', '--cfg-path', '/tmp/tmpry5_ogjf']
[2025-04-22T11:21:44.108+0000] {standard_task_runner.py:105} INFO - Job 385: Subtask wait_for_file
[2025-04-22T11:21:44.176+0000] {task_command.py:467} INFO - Running <TaskInstance: compress_file_on_upload.wait_for_file scheduled__2025-04-22T11:19:00+00:00 [running]> on host 218dff27a00b
[2025-04-22T11:21:44.312+0000] {taskinstance.py:3134} INFO - Exporting env vars: AIRFLOW_CTX_DAG_OWNER='***' AIRFLOW_CTX_DAG_ID='compress_file_on_upload' AIRFLOW_CTX_TASK_ID='wait_for_file' AIRFLOW_CTX_EXECUTION_DATE='2025-04-22T11:19:00+00:00' AIRFLOW_CTX_TRY_NUMBER='1' AIRFLOW_CTX_DAG_RUN_ID='scheduled__2025-04-22T11:19:00+00:00'
[2025-04-22T11:21:44.314+0000] {logging_mixin.py:190} INFO - Task instance is in running state
[2025-04-22T11:21:44.315+0000] {logging_mixin.py:190} INFO -  Previous state of the Task instance: queued
[2025-04-22T11:21:44.315+0000] {logging_mixin.py:190} INFO - Current task name:wait_for_file state:running start_date:2025-04-22 11:21:43.855003+00:00
[2025-04-22T11:21:44.316+0000] {logging_mixin.py:190} INFO - Dag name:compress_file_on_upload and current dag run status:running
[2025-04-22T11:21:44.316+0000] {taskinstance.py:732} INFO - ::endgroup::
[2025-04-22T11:21:44.328+0000] {python.py:75} INFO - Poking callable: <function check_for_files at 0x7fc60c126480>
[2025-04-22T11:21:46.949+0000] {minio_file_compression_and_email.py:44} INFO - Listing objects in bucket: my-bucket, prefix: uploads/
[2025-04-22T11:22:36.162+0000] {minio_file_compression_and_email.py:68} ERROR - Error connecting to MinIO: Could not connect to the endpoint URL: "http://minio:9000/my-bucket?list-type=2&prefix=uploads%2F&encoding-type=url"
[2025-04-22T11:23:28.500+0000] {job.py:229} INFO - Heartbeat recovered after 104.75 seconds
[2025-04-22T11:23:28.709+0000] {local_task_job_runner.py:266} INFO - Task exited with return code -9. For more information, see https://***.apache.org/docs/apache-***/stable/troubleshooting.html#LocalTaskJob-killed
[2025-04-22T11:23:28.797+0000] {taskinstance.py:3901} INFO - 0 downstream tasks scheduled from follow-on schedule check
[2025-04-22T11:23:28.802+0000] {local_task_job_runner.py:245} INFO - ::endgroup::
