[2025-04-22T09:44:03.376+0000] {local_task_job_runner.py:123} INFO - ::group::Pre task execution logs
[2025-04-22T09:44:03.397+0000] {taskinstance.py:2614} INFO - Dependencies all met for dep_context=non-requeueable deps ti=<TaskInstance: minio_file_monitoring_compression_dag.detect_file_in_minio manual__2025-04-22T09:43:53.338772+00:00 [queued]>
[2025-04-22T09:44:03.406+0000] {taskinstance.py:2614} INFO - Dependencies all met for dep_context=requeueable deps ti=<TaskInstance: minio_file_monitoring_compression_dag.detect_file_in_minio manual__2025-04-22T09:43:53.338772+00:00 [queued]>
[2025-04-22T09:44:03.406+0000] {taskinstance.py:2867} INFO - Starting attempt 1 of 2
[2025-04-22T09:44:03.570+0000] {taskinstance.py:2890} INFO - Executing <Task(S3KeySensor): detect_file_in_minio> on 2025-04-22 09:43:53.338772+00:00
[2025-04-22T09:44:03.577+0000] {warnings.py:112} WARNING - /home/***/.local/lib/python3.12/site-packages/***/task/task_runner/standard_task_runner.py:70: DeprecationWarning: This process (pid=271) is multi-threaded, use of fork() may lead to deadlocks in the child.
  pid = os.fork()

[2025-04-22T09:44:03.579+0000] {standard_task_runner.py:72} INFO - Started process 273 to run task
[2025-04-22T09:44:03.580+0000] {standard_task_runner.py:104} INFO - Running: ['***', 'tasks', 'run', 'minio_file_monitoring_compression_dag', 'detect_file_in_minio', 'manual__2025-04-22T09:43:53.338772+00:00', '--job-id', '138', '--raw', '--subdir', 'DAGS_FOLDER/minio_file_compression_and_email.py', '--cfg-path', '/tmp/tmph_b8fuhe']
[2025-04-22T09:44:03.581+0000] {standard_task_runner.py:105} INFO - Job 138: Subtask detect_file_in_minio
[2025-04-22T09:44:03.622+0000] {task_command.py:467} INFO - Running <TaskInstance: minio_file_monitoring_compression_dag.detect_file_in_minio manual__2025-04-22T09:43:53.338772+00:00 [running]> on host 218dff27a00b
[2025-04-22T09:44:03.696+0000] {taskinstance.py:3134} INFO - Exporting env vars: AIRFLOW_CTX_DAG_EMAIL='krishtaltiwari@gmail.com' AIRFLOW_CTX_DAG_OWNER='***' AIRFLOW_CTX_DAG_ID='minio_file_monitoring_compression_dag' AIRFLOW_CTX_TASK_ID='detect_file_in_minio' AIRFLOW_CTX_EXECUTION_DATE='2025-04-22T09:43:53.338772+00:00' AIRFLOW_CTX_TRY_NUMBER='1' AIRFLOW_CTX_DAG_RUN_ID='manual__2025-04-22T09:43:53.338772+00:00'
[2025-04-22T09:44:03.698+0000] {logging_mixin.py:190} INFO - Task instance is in running state
[2025-04-22T09:44:03.698+0000] {logging_mixin.py:190} INFO -  Previous state of the Task instance: queued
[2025-04-22T09:44:03.698+0000] {logging_mixin.py:190} INFO - Current task name:detect_file_in_minio state:running start_date:2025-04-22 09:44:03.398131+00:00
[2025-04-22T09:44:03.699+0000] {logging_mixin.py:190} INFO - Dag name:minio_file_monitoring_compression_dag and current dag run status:running
[2025-04-22T09:44:03.699+0000] {taskinstance.py:732} INFO - ::endgroup::
[2025-04-22T09:44:03.699+0000] {baseoperator.py:423} WARNING - S3KeySensor.execute cannot be called outside TaskInstance!
[2025-04-22T09:44:03.700+0000] {s3.py:117} INFO - Poking for key : s3://my-bucket/uploads/{ var.value.file_pattern if var.value.file_pattern else '*' }
[2025-04-22T09:44:03.709+0000] {base.py:84} INFO - Retrieving connection 'minio_s3'
[2025-04-22T09:44:03.710+0000] {connection_wrapper.py:325} INFO - AWS Connection (conn_id='minio_s3', conn_type='aws') credentials retrieved from login and password.
[2025-04-22T09:44:34.378+0000] {s3.py:117} INFO - Poking for key : s3://my-bucket/uploads/{ var.value.file_pattern if var.value.file_pattern else '*' }
[2025-04-22T09:45:04.409+0000] {s3.py:117} INFO - Poking for key : s3://my-bucket/uploads/{ var.value.file_pattern if var.value.file_pattern else '*' }
[2025-04-22T09:45:21.302+0000] {job.py:229} INFO - Heartbeat recovered after 12.06 seconds
[2025-04-22T09:45:35.917+0000] {s3.py:117} INFO - Poking for key : s3://my-bucket/uploads/{ var.value.file_pattern if var.value.file_pattern else '*' }
[2025-04-22T09:46:33.861+0000] {job.py:229} INFO - Heartbeat recovered after 72.57 seconds
[2025-04-22T09:47:06.247+0000] {s3.py:117} INFO - Poking for key : s3://my-bucket/uploads/{ var.value.file_pattern if var.value.file_pattern else '*' }
