[2025-04-22T10:05:27.143+0000] {local_task_job_runner.py:123} INFO - ::group::Pre task execution logs
[2025-04-22T10:05:27.160+0000] {taskinstance.py:2614} INFO - Dependencies all met for dep_context=non-requeueable deps ti=<TaskInstance: compress_file_on_upload.wait_for_file manual__2025-04-22T10:05:24.576062+00:00 [queued]>
[2025-04-22T10:05:27.167+0000] {taskinstance.py:2614} INFO - Dependencies all met for dep_context=requeueable deps ti=<TaskInstance: compress_file_on_upload.wait_for_file manual__2025-04-22T10:05:24.576062+00:00 [queued]>
[2025-04-22T10:05:27.168+0000] {taskinstance.py:2867} INFO - Starting attempt 1 of 2
[2025-04-22T10:05:27.342+0000] {taskinstance.py:2890} INFO - Executing <Task(PythonSensor): wait_for_file> on 2025-04-22 10:05:24.576062+00:00
[2025-04-22T10:05:27.351+0000] {warnings.py:112} WARNING - /home/***/.local/lib/python3.12/site-packages/***/task/task_runner/standard_task_runner.py:70: DeprecationWarning: This process (pid=334) is multi-threaded, use of fork() may lead to deadlocks in the child.
  pid = os.fork()

[2025-04-22T10:05:27.353+0000] {standard_task_runner.py:72} INFO - Started process 336 to run task
[2025-04-22T10:05:27.353+0000] {standard_task_runner.py:104} INFO - Running: ['***', 'tasks', 'run', 'compress_file_on_upload', 'wait_for_file', 'manual__2025-04-22T10:05:24.576062+00:00', '--job-id', '183', '--raw', '--subdir', 'DAGS_FOLDER/minio_file_compression_and_email.py', '--cfg-path', '/tmp/tmpn4am1ses']
[2025-04-22T10:05:27.354+0000] {standard_task_runner.py:105} INFO - Job 183: Subtask wait_for_file
[2025-04-22T10:05:27.402+0000] {task_command.py:467} INFO - Running <TaskInstance: compress_file_on_upload.wait_for_file manual__2025-04-22T10:05:24.576062+00:00 [running]> on host 218dff27a00b
[2025-04-22T10:05:27.482+0000] {taskinstance.py:3134} INFO - Exporting env vars: AIRFLOW_CTX_DAG_OWNER='***' AIRFLOW_CTX_DAG_ID='compress_file_on_upload' AIRFLOW_CTX_TASK_ID='wait_for_file' AIRFLOW_CTX_EXECUTION_DATE='2025-04-22T10:05:24.576062+00:00' AIRFLOW_CTX_TRY_NUMBER='1' AIRFLOW_CTX_DAG_RUN_ID='manual__2025-04-22T10:05:24.576062+00:00'
[2025-04-22T10:05:27.483+0000] {logging_mixin.py:190} INFO - Task instance is in running state
[2025-04-22T10:05:27.483+0000] {logging_mixin.py:190} INFO -  Previous state of the Task instance: queued
[2025-04-22T10:05:27.484+0000] {logging_mixin.py:190} INFO - Current task name:wait_for_file state:running start_date:2025-04-22 10:05:27.161066+00:00
[2025-04-22T10:05:27.484+0000] {logging_mixin.py:190} INFO - Dag name:compress_file_on_upload and current dag run status:running
[2025-04-22T10:05:27.484+0000] {taskinstance.py:732} INFO - ::endgroup::
[2025-04-22T10:05:27.492+0000] {python.py:75} INFO - Poking callable: <function check_for_files at 0x7fc60c12f100>
[2025-04-22T10:05:27.660+0000] {minio_file_compression_and_email.py:39} INFO - Listing objects in bucket: my-bucket, prefix: uploads/
[2025-04-22T10:05:27.686+0000] {minio_file_compression_and_email.py:41} INFO - Raw response from MinIO: {'ResponseMetadata': {'RequestId': '18389BF3F3860CB3', 'HostId': 'dd9025bab4ad464b049177c95eb6ebf374d3b3fd1af9251148b658df7ac2e3e8', 'HTTPStatusCode': 200, 'HTTPHeaders': {'accept-ranges': 'bytes', 'content-length': '703', 'content-type': 'application/xml', 'server': 'MinIO', 'strict-transport-security': 'max-age=31536000; includeSubDomains', 'vary': 'Origin, Accept-Encoding', 'x-amz-id-2': 'dd9025bab4ad464b049177c95eb6ebf374d3b3fd1af9251148b658df7ac2e3e8', 'x-amz-request-id': '18389BF3F3860CB3', 'x-content-type-options': 'nosniff', 'x-ratelimit-limit': '856', 'x-ratelimit-remaining': '856', 'x-xss-protection': '1; mode=block', 'date': 'Tue, 22 Apr 2025 10:05:27 GMT'}, 'RetryAttempts': 0}, 'IsTruncated': False, 'Contents': [{'Key': 'uploads/loan_data', 'LastModified': datetime.datetime(2025, 4, 22, 10, 3, 35, 733000, tzinfo=tzlocal()), 'ETag': '"5d2b04136c38fbb234e2e4063715a621"', 'Size': 86471101, 'StorageClass': 'STANDARD'}, {'Key': 'uploads/test.txt', 'LastModified': datetime.datetime(2025, 4, 22, 10, 5, 9, 498000, tzinfo=tzlocal()), 'ETag': '"c89e9068416ee256e3bae41ec6e684aa"', 'Size': 82, 'StorageClass': 'STANDARD'}], 'Name': 'my-bucket', 'Prefix': 'uploads/', 'MaxKeys': 1000, 'EncodingType': 'url', 'KeyCount': 2}
[2025-04-22T10:05:27.687+0000] {minio_file_compression_and_email.py:55} INFO - Found files: ['uploads/loan_data', 'uploads/test.txt']
[2025-04-22T10:05:27.701+0000] {base.py:339} INFO - Success criteria met. Exiting.
[2025-04-22T10:05:27.712+0000] {taskinstance.py:341} INFO - ::group::Post task execution logs
[2025-04-22T10:05:27.714+0000] {taskinstance.py:353} INFO - Marking task as SUCCESS. dag_id=compress_file_on_upload, task_id=wait_for_file, run_id=manual__2025-04-22T10:05:24.576062+00:00, execution_date=20250422T100524, start_date=20250422T100527, end_date=20250422T100527
[2025-04-22T10:05:27.739+0000] {logging_mixin.py:190} INFO - Task instance in success state
[2025-04-22T10:05:27.739+0000] {logging_mixin.py:190} INFO -  Previous state of the Task instance: running
[2025-04-22T10:05:27.740+0000] {logging_mixin.py:190} INFO - Dag name:compress_file_on_upload queued_at:2025-04-22 10:05:24.587865+00:00
[2025-04-22T10:05:27.741+0000] {logging_mixin.py:190} INFO - Task hostname:218dff27a00b operator:PythonSensor
[2025-04-22T10:05:27.779+0000] {local_task_job_runner.py:266} INFO - Task exited with return code 0
[2025-04-22T10:05:27.813+0000] {taskinstance.py:3901} INFO - 1 downstream tasks scheduled from follow-on schedule check
[2025-04-22T10:05:27.816+0000] {local_task_job_runner.py:245} INFO - ::endgroup::
