[2025-04-22T10:26:18.280+0000] {local_task_job_runner.py:123} INFO - ::group::Pre task execution logs
[2025-04-22T10:26:18.314+0000] {taskinstance.py:2614} INFO - Dependencies all met for dep_context=non-requeueable deps ti=<TaskInstance: compress_file_on_upload.compress_file manual__2025-04-22T10:25:54.189813+00:00 [queued]>
[2025-04-22T10:26:18.329+0000] {taskinstance.py:2614} INFO - Dependencies all met for dep_context=requeueable deps ti=<TaskInstance: compress_file_on_upload.compress_file manual__2025-04-22T10:25:54.189813+00:00 [queued]>
[2025-04-22T10:26:18.329+0000] {taskinstance.py:2867} INFO - Starting attempt 1 of 2
[2025-04-22T10:26:18.543+0000] {taskinstance.py:2890} INFO - Executing <Task(PythonOperator): compress_file> on 2025-04-22 10:25:54.189813+00:00
[2025-04-22T10:26:18.554+0000] {warnings.py:112} WARNING - /home/***/.local/lib/python3.12/site-packages/***/task/task_runner/standard_task_runner.py:70: DeprecationWarning: This process (pid=702) is multi-threaded, use of fork() may lead to deadlocks in the child.
  pid = os.fork()

[2025-04-22T10:26:18.556+0000] {standard_task_runner.py:72} INFO - Started process 711 to run task
[2025-04-22T10:26:18.556+0000] {standard_task_runner.py:104} INFO - Running: ['***', 'tasks', 'run', 'compress_file_on_upload', 'compress_file', 'manual__2025-04-22T10:25:54.189813+00:00', '--job-id', '202', '--raw', '--subdir', 'DAGS_FOLDER/minio_file_compression_and_email.py', '--cfg-path', '/tmp/tmpjbyis69r']
[2025-04-22T10:26:18.558+0000] {standard_task_runner.py:105} INFO - Job 202: Subtask compress_file
[2025-04-22T10:26:18.620+0000] {task_command.py:467} INFO - Running <TaskInstance: compress_file_on_upload.compress_file manual__2025-04-22T10:25:54.189813+00:00 [running]> on host 218dff27a00b
[2025-04-22T10:26:18.740+0000] {taskinstance.py:3134} INFO - Exporting env vars: AIRFLOW_CTX_DAG_OWNER='***' AIRFLOW_CTX_DAG_ID='compress_file_on_upload' AIRFLOW_CTX_TASK_ID='compress_file' AIRFLOW_CTX_EXECUTION_DATE='2025-04-22T10:25:54.189813+00:00' AIRFLOW_CTX_TRY_NUMBER='1' AIRFLOW_CTX_DAG_RUN_ID='manual__2025-04-22T10:25:54.189813+00:00'
[2025-04-22T10:26:18.742+0000] {logging_mixin.py:190} INFO - Task instance is in running state
[2025-04-22T10:26:18.743+0000] {logging_mixin.py:190} INFO -  Previous state of the Task instance: queued
[2025-04-22T10:26:18.743+0000] {logging_mixin.py:190} INFO - Current task name:compress_file state:running start_date:2025-04-22 10:26:18.314736+00:00
[2025-04-22T10:26:18.743+0000] {logging_mixin.py:190} INFO - Dag name:compress_file_on_upload and current dag run status:running
[2025-04-22T10:26:18.744+0000] {taskinstance.py:732} INFO - ::endgroup::
[2025-04-22T10:26:19.003+0000] {minio_file_compression_and_email.py:85} INFO - Files from XCom: ['uploads/whatsay-1.2.2.AppImage']
[2025-04-22T10:26:19.056+0000] {httpchecksum.py:481} INFO - Skipping checksum validation. Response did not contain one of the following algorithms: ['crc32', 'sha1', 'sha256'].
[2025-04-22T10:26:19.059+0000] {httpchecksum.py:481} INFO - Skipping checksum validation. Response did not contain one of the following algorithms: ['crc32', 'sha1', 'sha256'].
[2025-04-22T10:26:19.064+0000] {httpchecksum.py:481} INFO - Skipping checksum validation. Response did not contain one of the following algorithms: ['crc32', 'sha1', 'sha256'].
[2025-04-22T10:26:19.072+0000] {httpchecksum.py:481} INFO - Skipping checksum validation. Response did not contain one of the following algorithms: ['crc32', 'sha1', 'sha256'].
[2025-04-22T10:26:19.073+0000] {httpchecksum.py:481} INFO - Skipping checksum validation. Response did not contain one of the following algorithms: ['crc32', 'sha1', 'sha256'].
[2025-04-22T10:26:19.073+0000] {httpchecksum.py:481} INFO - Skipping checksum validation. Response did not contain one of the following algorithms: ['crc32', 'sha1', 'sha256'].
[2025-04-22T10:26:19.078+0000] {httpchecksum.py:481} INFO - Skipping checksum validation. Response did not contain one of the following algorithms: ['crc32', 'sha1', 'sha256'].
[2025-04-22T10:26:19.081+0000] {httpchecksum.py:481} INFO - Skipping checksum validation. Response did not contain one of the following algorithms: ['crc32', 'sha1', 'sha256'].
[2025-04-22T10:26:19.082+0000] {httpchecksum.py:481} INFO - Skipping checksum validation. Response did not contain one of the following algorithms: ['crc32', 'sha1', 'sha256'].
[2025-04-22T10:26:19.093+0000] {httpchecksum.py:481} INFO - Skipping checksum validation. Response did not contain one of the following algorithms: ['crc32', 'sha1', 'sha256'].
[2025-04-22T10:26:22.041+0000] {minio_file_compression_and_email.py:119} INFO - Moving file from uploads/whatsay-1.2.2.AppImage to processed/whatsay-1.2.2.AppImage
[2025-04-22T10:26:22.308+0000] {minio_file_compression_and_email.py:127} INFO - Deleting file from uploads/whatsay-1.2.2.AppImage
[2025-04-22T10:26:22.458+0000] {crypto.py:82} WARNING - empty cryptography key - values will not be stored encrypted.
[2025-04-22T10:26:22.470+0000] {minio_file_compression_and_email.py:136} INFO - Updated processed files: ['uploads/prosperLoanData.csv.zip', 'uploads/whatsay-1.2.2.AppImage']
[2025-04-22T10:26:22.483+0000] {python.py:240} INFO - Done. Returned value was: Original File: whatsay-1.2.2.AppImage, Size: 80001199 bytes
Compressed File: whatsay-1.2.2.AppImage.zip, Size: 79513326 bytes
[2025-04-22T10:26:22.548+0000] {taskinstance.py:341} INFO - ::group::Post task execution logs
[2025-04-22T10:26:22.554+0000] {taskinstance.py:353} INFO - Marking task as SUCCESS. dag_id=compress_file_on_upload, task_id=compress_file, run_id=manual__2025-04-22T10:25:54.189813+00:00, execution_date=20250422T102554, start_date=20250422T102618, end_date=20250422T102622
[2025-04-22T10:26:22.609+0000] {logging_mixin.py:190} INFO - Task instance in success state
[2025-04-22T10:26:22.610+0000] {logging_mixin.py:190} INFO -  Previous state of the Task instance: running
[2025-04-22T10:26:22.611+0000] {logging_mixin.py:190} INFO - Dag name:compress_file_on_upload queued_at:2025-04-22 10:25:54.217432+00:00
[2025-04-22T10:26:22.611+0000] {logging_mixin.py:190} INFO - Task hostname:218dff27a00b operator:PythonOperator
[2025-04-22T10:26:22.639+0000] {local_task_job_runner.py:266} INFO - Task exited with return code 0
[2025-04-22T10:26:22.676+0000] {taskinstance.py:3901} INFO - 1 downstream tasks scheduled from follow-on schedule check
[2025-04-22T10:26:22.679+0000] {local_task_job_runner.py:245} INFO - ::endgroup::
