[2025-04-22T09:16:23.477+0000] {local_task_job_runner.py:123} INFO - ::group::Pre task execution logs
[2025-04-22T09:16:23.514+0000] {taskinstance.py:2614} INFO - Dependencies all met for dep_context=non-requeueable deps ti=<TaskInstance: minio_file_monitoring_compression_dag.compress_file manual__2025-04-22T09:11:00.975585+00:00 [queued]>
[2025-04-22T09:16:23.532+0000] {taskinstance.py:2614} INFO - Dependencies all met for dep_context=requeueable deps ti=<TaskInstance: minio_file_monitoring_compression_dag.compress_file manual__2025-04-22T09:11:00.975585+00:00 [queued]>
[2025-04-22T09:16:23.533+0000] {taskinstance.py:2867} INFO - Starting attempt 2 of 2
[2025-04-22T09:16:23.780+0000] {taskinstance.py:2890} INFO - Executing <Task(PythonOperator): compress_file> on 2025-04-22 09:11:00.975585+00:00
[2025-04-22T09:16:23.795+0000] {warnings.py:112} WARNING - /home/***/.local/lib/python3.12/site-packages/***/task/task_runner/standard_task_runner.py:70: DeprecationWarning: This process (pid=214) is multi-threaded, use of fork() may lead to deadlocks in the child.
  pid = os.fork()

[2025-04-22T09:16:23.798+0000] {standard_task_runner.py:72} INFO - Started process 216 to run task
[2025-04-22T09:16:23.799+0000] {standard_task_runner.py:104} INFO - Running: ['***', 'tasks', 'run', 'minio_file_monitoring_compression_dag', 'compress_file', 'manual__2025-04-22T09:11:00.975585+00:00', '--job-id', '79', '--raw', '--subdir', 'DAGS_FOLDER/minio_file_compression_and_email.py', '--cfg-path', '/tmp/tmplmpy_iqp']
[2025-04-22T09:16:23.802+0000] {standard_task_runner.py:105} INFO - Job 79: Subtask compress_file
[2025-04-22T09:16:23.876+0000] {task_command.py:467} INFO - Running <TaskInstance: minio_file_monitoring_compression_dag.compress_file manual__2025-04-22T09:11:00.975585+00:00 [running]> on host 218dff27a00b
[2025-04-22T09:16:24.016+0000] {taskinstance.py:3134} INFO - Exporting env vars: AIRFLOW_CTX_DAG_EMAIL='krishtaltiwari@gmail.com' AIRFLOW_CTX_DAG_OWNER='***' AIRFLOW_CTX_DAG_ID='minio_file_monitoring_compression_dag' AIRFLOW_CTX_TASK_ID='compress_file' AIRFLOW_CTX_EXECUTION_DATE='2025-04-22T09:11:00.975585+00:00' AIRFLOW_CTX_TRY_NUMBER='2' AIRFLOW_CTX_DAG_RUN_ID='manual__2025-04-22T09:11:00.975585+00:00'
[2025-04-22T09:16:24.018+0000] {logging_mixin.py:190} INFO - Task instance is in running state
[2025-04-22T09:16:24.018+0000] {logging_mixin.py:190} INFO -  Previous state of the Task instance: queued
[2025-04-22T09:16:24.019+0000] {logging_mixin.py:190} INFO - Current task name:compress_file state:running start_date:2025-04-22 09:16:23.515797+00:00
[2025-04-22T09:16:24.020+0000] {logging_mixin.py:190} INFO - Dag name:minio_file_monitoring_compression_dag and current dag run status:running
[2025-04-22T09:16:24.020+0000] {taskinstance.py:732} INFO - ::endgroup::
[2025-04-22T09:16:24.034+0000] {minio_file_compression_and_email.py:108} ERROR - No file detected by the sensor
[2025-04-22T09:16:24.036+0000] {taskinstance.py:3313} ERROR - Task failed with exception
Traceback (most recent call last):
  File "/home/airflow/.local/lib/python3.12/site-packages/airflow/models/taskinstance.py", line 768, in _execute_task
    result = _execute_callable(context=context, **execute_callable_kwargs)
             ^^^^^^^^^^^^^^^^^^^^^^^^^^^^^^^^^^^^^^^^^^^^^^^^^^^^^^^^^^^^^
  File "/home/airflow/.local/lib/python3.12/site-packages/airflow/models/taskinstance.py", line 734, in _execute_callable
    return ExecutionCallableRunner(
           ^^^^^^^^^^^^^^^^^^^^^^^^
  File "/home/airflow/.local/lib/python3.12/site-packages/airflow/utils/operator_helpers.py", line 252, in run
    return self.func(*args, **kwargs)
           ^^^^^^^^^^^^^^^^^^^^^^^^^^
  File "/home/airflow/.local/lib/python3.12/site-packages/airflow/models/baseoperator.py", line 424, in wrapper
    return func(self, *args, **kwargs)
           ^^^^^^^^^^^^^^^^^^^^^^^^^^^
  File "/home/airflow/.local/lib/python3.12/site-packages/airflow/operators/python.py", line 238, in execute
    return_value = self.execute_callable()
                   ^^^^^^^^^^^^^^^^^^^^^^^
  File "/home/airflow/.local/lib/python3.12/site-packages/airflow/operators/python.py", line 256, in execute_callable
    return runner.run(*self.op_args, **self.op_kwargs)
           ^^^^^^^^^^^^^^^^^^^^^^^^^^^^^^^^^^^^^^^^^^^
  File "/home/airflow/.local/lib/python3.12/site-packages/airflow/utils/operator_helpers.py", line 252, in run
    return self.func(*args, **kwargs)
           ^^^^^^^^^^^^^^^^^^^^^^^^^^
  File "/opt/airflow/dags/minio_file_compression_and_email.py", line 109, in compress_file
    raise ValueError("No file detected by the sensor")
ValueError: No file detected by the sensor
[2025-04-22T09:16:24.056+0000] {logging_mixin.py:190} INFO - Task instance in failure state
[2025-04-22T09:16:24.057+0000] {logging_mixin.py:190} INFO - Task start:2025-04-22 09:16:23.515797+00:00 end:2025-04-22 09:16:24.055878+00:00 duration:0.540081
[2025-04-22T09:16:24.058+0000] {logging_mixin.py:190} INFO - Task:<Task(PythonOperator): compress_file> dag:<DAG: minio_file_monitoring_compression_dag> dagrun:<DagRun minio_file_monitoring_compression_dag @ 2025-04-22 09:11:00.975585+00:00: manual__2025-04-22T09:11:00.975585+00:00, state:running, queued_at: 2025-04-22 09:11:01.008712+00:00. externally triggered: True>
[2025-04-22T09:16:24.059+0000] {logging_mixin.py:190} INFO - Failure caused by No file detected by the sensor
[2025-04-22T09:16:24.060+0000] {taskinstance.py:1226} INFO - Marking task as FAILED. dag_id=minio_file_monitoring_compression_dag, task_id=compress_file, run_id=manual__2025-04-22T09:11:00.975585+00:00, execution_date=20250422T091100, start_date=20250422T091623, end_date=20250422T091624
[2025-04-22T09:16:24.090+0000] {warnings.py:112} WARNING - /home/***/.local/lib/python3.12/site-packages/***/utils/email.py:155: RemovedInAirflow3Warning: Fetching SMTP credentials from configuration variables will be deprecated in a future release. Please set credentials using a connection instead.
  send_mime_email(e_from=mail_from, e_to=recipients, mime_msg=msg, conn_id=conn_id, dryrun=dryrun)

[2025-04-22T09:16:24.092+0000] {email.py:272} INFO - Email alerting: attempt 1
[2025-04-22T09:16:25.797+0000] {email.py:283} INFO - Sent an alert email to ['krishtaltiwari@gmail.com']
[2025-04-22T09:16:27.709+0000] {taskinstance.py:341} INFO - ::group::Post task execution logs
[2025-04-22T09:16:27.711+0000] {standard_task_runner.py:124} ERROR - Failed to execute job 79 for task compress_file (No file detected by the sensor; 216)
Traceback (most recent call last):
  File "/home/airflow/.local/lib/python3.12/site-packages/airflow/task/task_runner/standard_task_runner.py", line 117, in _start_by_fork
    ret = args.func(args, dag=self.dag)
          ^^^^^^^^^^^^^^^^^^^^^^^^^^^^^
  File "/home/airflow/.local/lib/python3.12/site-packages/airflow/cli/cli_config.py", line 49, in command
    return func(*args, **kwargs)
           ^^^^^^^^^^^^^^^^^^^^^
  File "/home/airflow/.local/lib/python3.12/site-packages/airflow/utils/cli.py", line 116, in wrapper
    return f(*args, **kwargs)
           ^^^^^^^^^^^^^^^^^^
  File "/home/airflow/.local/lib/python3.12/site-packages/airflow/cli/commands/task_command.py", line 483, in task_run
    task_return_code = _run_task_by_selected_method(args, _dag, ti)
                       ^^^^^^^^^^^^^^^^^^^^^^^^^^^^^^^^^^^^^^^^^^^^
  File "/home/airflow/.local/lib/python3.12/site-packages/airflow/cli/commands/task_command.py", line 256, in _run_task_by_selected_method
    return _run_raw_task(args, ti)
           ^^^^^^^^^^^^^^^^^^^^^^^
  File "/home/airflow/.local/lib/python3.12/site-packages/airflow/cli/commands/task_command.py", line 341, in _run_raw_task
    return ti._run_raw_task(
           ^^^^^^^^^^^^^^^^^
  File "/home/airflow/.local/lib/python3.12/site-packages/airflow/utils/session.py", line 97, in wrapper
    return func(*args, session=session, **kwargs)
           ^^^^^^^^^^^^^^^^^^^^^^^^^^^^^^^^^^^^^^
  File "/home/airflow/.local/lib/python3.12/site-packages/airflow/models/taskinstance.py", line 3006, in _run_raw_task
    return _run_raw_task(
           ^^^^^^^^^^^^^^
  File "/home/airflow/.local/lib/python3.12/site-packages/airflow/models/taskinstance.py", line 274, in _run_raw_task
    TaskInstance._execute_task_with_callbacks(
  File "/home/airflow/.local/lib/python3.12/site-packages/airflow/models/taskinstance.py", line 3161, in _execute_task_with_callbacks
    result = self._execute_task(context, task_orig)
             ^^^^^^^^^^^^^^^^^^^^^^^^^^^^^^^^^^^^^^
  File "/home/airflow/.local/lib/python3.12/site-packages/airflow/models/taskinstance.py", line 3185, in _execute_task
    return _execute_task(self, context, task_orig)
           ^^^^^^^^^^^^^^^^^^^^^^^^^^^^^^^^^^^^^^^
  File "/home/airflow/.local/lib/python3.12/site-packages/airflow/models/taskinstance.py", line 768, in _execute_task
    result = _execute_callable(context=context, **execute_callable_kwargs)
             ^^^^^^^^^^^^^^^^^^^^^^^^^^^^^^^^^^^^^^^^^^^^^^^^^^^^^^^^^^^^^
  File "/home/airflow/.local/lib/python3.12/site-packages/airflow/models/taskinstance.py", line 734, in _execute_callable
    return ExecutionCallableRunner(
           ^^^^^^^^^^^^^^^^^^^^^^^^
  File "/home/airflow/.local/lib/python3.12/site-packages/airflow/utils/operator_helpers.py", line 252, in run
    return self.func(*args, **kwargs)
           ^^^^^^^^^^^^^^^^^^^^^^^^^^
  File "/home/airflow/.local/lib/python3.12/site-packages/airflow/models/baseoperator.py", line 424, in wrapper
    return func(self, *args, **kwargs)
           ^^^^^^^^^^^^^^^^^^^^^^^^^^^
  File "/home/airflow/.local/lib/python3.12/site-packages/airflow/operators/python.py", line 238, in execute
    return_value = self.execute_callable()
                   ^^^^^^^^^^^^^^^^^^^^^^^
  File "/home/airflow/.local/lib/python3.12/site-packages/airflow/operators/python.py", line 256, in execute_callable
    return runner.run(*self.op_args, **self.op_kwargs)
           ^^^^^^^^^^^^^^^^^^^^^^^^^^^^^^^^^^^^^^^^^^^
  File "/home/airflow/.local/lib/python3.12/site-packages/airflow/utils/operator_helpers.py", line 252, in run
    return self.func(*args, **kwargs)
           ^^^^^^^^^^^^^^^^^^^^^^^^^^
  File "/opt/airflow/dags/minio_file_compression_and_email.py", line 109, in compress_file
    raise ValueError("No file detected by the sensor")
ValueError: No file detected by the sensor
[2025-04-22T09:16:27.758+0000] {local_task_job_runner.py:266} INFO - Task exited with return code 1
[2025-04-22T09:16:27.805+0000] {taskinstance.py:3901} INFO - 0 downstream tasks scheduled from follow-on schedule check
[2025-04-22T09:16:27.815+0000] {local_task_job_runner.py:245} INFO - ::endgroup::
