[2025-04-22T10:24:38.122+0000] {local_task_job_runner.py:123} INFO - ::group::Pre task execution logs
[2025-04-22T10:24:38.150+0000] {taskinstance.py:2614} INFO - Dependencies all met for dep_context=non-requeueable deps ti=<TaskInstance: compress_file_on_upload.wait_for_file manual__2025-04-22T10:24:34.589968+00:00 [queued]>
[2025-04-22T10:24:38.165+0000] {taskinstance.py:2614} INFO - Dependencies all met for dep_context=requeueable deps ti=<TaskInstance: compress_file_on_upload.wait_for_file manual__2025-04-22T10:24:34.589968+00:00 [queued]>
[2025-04-22T10:24:38.167+0000] {taskinstance.py:2867} INFO - Starting attempt 1 of 2
[2025-04-22T10:24:38.405+0000] {taskinstance.py:2890} INFO - Executing <Task(PythonSensor): wait_for_file> on 2025-04-22 10:24:34.589968+00:00
[2025-04-22T10:24:38.416+0000] {warnings.py:112} WARNING - /home/***/.local/lib/python3.12/site-packages/***/task/task_runner/standard_task_runner.py:70: DeprecationWarning: This process (pid=649) is multi-threaded, use of fork() may lead to deadlocks in the child.
  pid = os.fork()

[2025-04-22T10:24:38.418+0000] {standard_task_runner.py:72} INFO - Started process 651 to run task
[2025-04-22T10:24:38.417+0000] {standard_task_runner.py:104} INFO - Running: ['***', 'tasks', 'run', 'compress_file_on_upload', 'wait_for_file', 'manual__2025-04-22T10:24:34.589968+00:00', '--job-id', '195', '--raw', '--subdir', 'DAGS_FOLDER/minio_file_compression_and_email.py', '--cfg-path', '/tmp/tmp42ifilj_']
[2025-04-22T10:24:38.420+0000] {standard_task_runner.py:105} INFO - Job 195: Subtask wait_for_file
[2025-04-22T10:24:38.487+0000] {task_command.py:467} INFO - Running <TaskInstance: compress_file_on_upload.wait_for_file manual__2025-04-22T10:24:34.589968+00:00 [running]> on host 218dff27a00b
[2025-04-22T10:24:38.609+0000] {taskinstance.py:3134} INFO - Exporting env vars: AIRFLOW_CTX_DAG_OWNER='***' AIRFLOW_CTX_DAG_ID='compress_file_on_upload' AIRFLOW_CTX_TASK_ID='wait_for_file' AIRFLOW_CTX_EXECUTION_DATE='2025-04-22T10:24:34.589968+00:00' AIRFLOW_CTX_TRY_NUMBER='1' AIRFLOW_CTX_DAG_RUN_ID='manual__2025-04-22T10:24:34.589968+00:00'
[2025-04-22T10:24:38.610+0000] {logging_mixin.py:190} INFO - Task instance is in running state
[2025-04-22T10:24:38.611+0000] {logging_mixin.py:190} INFO -  Previous state of the Task instance: queued
[2025-04-22T10:24:38.611+0000] {logging_mixin.py:190} INFO - Current task name:wait_for_file state:running start_date:2025-04-22 10:24:38.151785+00:00
[2025-04-22T10:24:38.612+0000] {logging_mixin.py:190} INFO - Dag name:compress_file_on_upload and current dag run status:running
[2025-04-22T10:24:38.612+0000] {taskinstance.py:732} INFO - ::endgroup::
[2025-04-22T10:24:38.625+0000] {python.py:75} INFO - Poking callable: <function check_for_files at 0x7fc60c12f100>
[2025-04-22T10:24:38.877+0000] {minio_file_compression_and_email.py:44} INFO - Listing objects in bucket: my-bucket, prefix: uploads/
[2025-04-22T10:24:38.918+0000] {minio_file_compression_and_email.py:46} INFO - Raw response from MinIO: {'ResponseMetadata': {'RequestId': '18389CFFFDEE274B', 'HostId': 'dd9025bab4ad464b049177c95eb6ebf374d3b3fd1af9251148b658df7ac2e3e8', 'HTTPStatusCode': 200, 'HTTPHeaders': {'accept-ranges': 'bytes', 'content-length': '509', 'content-type': 'application/xml', 'server': 'MinIO', 'strict-transport-security': 'max-age=31536000; includeSubDomains', 'vary': 'Origin, Accept-Encoding', 'x-amz-id-2': 'dd9025bab4ad464b049177c95eb6ebf374d3b3fd1af9251148b658df7ac2e3e8', 'x-amz-request-id': '18389CFFFDEE274B', 'x-content-type-options': 'nosniff', 'x-ratelimit-limit': '856', 'x-ratelimit-remaining': '856', 'x-xss-protection': '1; mode=block', 'date': 'Tue, 22 Apr 2025 10:24:38 GMT'}, 'RetryAttempts': 0}, 'IsTruncated': False, 'Contents': [{'Key': 'uploads/prosperLoanData.csv.zip', 'LastModified': datetime.datetime(2025, 4, 22, 10, 24, 22, 956000, tzinfo=tzlocal()), 'ETag': '"45b84727a3f5ec9a6e8f06b9c77c2050"', 'Size': 23591587, 'StorageClass': 'STANDARD'}], 'Name': 'my-bucket', 'Prefix': 'uploads/', 'MaxKeys': 1000, 'EncodingType': 'url', 'KeyCount': 1}
[2025-04-22T10:24:38.919+0000] {minio_file_compression_and_email.py:57} INFO - Found files: ['uploads/prosperLoanData.csv.zip']
[2025-04-22T10:24:38.920+0000] {minio_file_compression_and_email.py:63} INFO - New files detected: ['uploads/prosperLoanData.csv.zip']
[2025-04-22T10:24:38.937+0000] {base.py:339} INFO - Success criteria met. Exiting.
[2025-04-22T10:24:38.949+0000] {taskinstance.py:341} INFO - ::group::Post task execution logs
[2025-04-22T10:24:38.950+0000] {taskinstance.py:353} INFO - Marking task as SUCCESS. dag_id=compress_file_on_upload, task_id=wait_for_file, run_id=manual__2025-04-22T10:24:34.589968+00:00, execution_date=20250422T102434, start_date=20250422T102438, end_date=20250422T102438
[2025-04-22T10:24:38.983+0000] {logging_mixin.py:190} INFO - Task instance in success state
[2025-04-22T10:24:38.984+0000] {logging_mixin.py:190} INFO -  Previous state of the Task instance: running
[2025-04-22T10:24:38.985+0000] {logging_mixin.py:190} INFO - Dag name:compress_file_on_upload queued_at:2025-04-22 10:24:34.606140+00:00
[2025-04-22T10:24:38.985+0000] {logging_mixin.py:190} INFO - Task hostname:218dff27a00b operator:PythonSensor
[2025-04-22T10:24:39.011+0000] {local_task_job_runner.py:266} INFO - Task exited with return code 0
[2025-04-22T10:24:39.050+0000] {taskinstance.py:3901} INFO - 1 downstream tasks scheduled from follow-on schedule check
[2025-04-22T10:24:39.053+0000] {local_task_job_runner.py:245} INFO - ::endgroup::
