[2025-04-22T10:24:42.651+0000] {local_task_job_runner.py:123} INFO - ::group::Pre task execution logs
[2025-04-22T10:24:42.686+0000] {taskinstance.py:2614} INFO - Dependencies all met for dep_context=non-requeueable deps ti=<TaskInstance: compress_file_on_upload.compress_file manual__2025-04-22T10:24:34.589968+00:00 [queued]>
[2025-04-22T10:24:42.704+0000] {taskinstance.py:2614} INFO - Dependencies all met for dep_context=requeueable deps ti=<TaskInstance: compress_file_on_upload.compress_file manual__2025-04-22T10:24:34.589968+00:00 [queued]>
[2025-04-22T10:24:42.705+0000] {taskinstance.py:2867} INFO - Starting attempt 1 of 2
[2025-04-22T10:24:42.934+0000] {taskinstance.py:2890} INFO - Executing <Task(PythonOperator): compress_file> on 2025-04-22 10:24:34.589968+00:00
[2025-04-22T10:24:42.945+0000] {warnings.py:112} WARNING - /home/***/.local/lib/python3.12/site-packages/***/task/task_runner/standard_task_runner.py:70: DeprecationWarning: This process (pid=653) is multi-threaded, use of fork() may lead to deadlocks in the child.
  pid = os.fork()

[2025-04-22T10:24:42.947+0000] {standard_task_runner.py:72} INFO - Started process 655 to run task
[2025-04-22T10:24:42.947+0000] {standard_task_runner.py:104} INFO - Running: ['***', 'tasks', 'run', 'compress_file_on_upload', 'compress_file', 'manual__2025-04-22T10:24:34.589968+00:00', '--job-id', '196', '--raw', '--subdir', 'DAGS_FOLDER/minio_file_compression_and_email.py', '--cfg-path', '/tmp/tmpcgr5acpj']
[2025-04-22T10:24:42.949+0000] {standard_task_runner.py:105} INFO - Job 196: Subtask compress_file
[2025-04-22T10:24:43.021+0000] {task_command.py:467} INFO - Running <TaskInstance: compress_file_on_upload.compress_file manual__2025-04-22T10:24:34.589968+00:00 [running]> on host 218dff27a00b
[2025-04-22T10:24:43.154+0000] {taskinstance.py:3134} INFO - Exporting env vars: AIRFLOW_CTX_DAG_OWNER='***' AIRFLOW_CTX_DAG_ID='compress_file_on_upload' AIRFLOW_CTX_TASK_ID='compress_file' AIRFLOW_CTX_EXECUTION_DATE='2025-04-22T10:24:34.589968+00:00' AIRFLOW_CTX_TRY_NUMBER='1' AIRFLOW_CTX_DAG_RUN_ID='manual__2025-04-22T10:24:34.589968+00:00'
[2025-04-22T10:24:43.157+0000] {logging_mixin.py:190} INFO - Task instance is in running state
[2025-04-22T10:24:43.158+0000] {logging_mixin.py:190} INFO -  Previous state of the Task instance: queued
[2025-04-22T10:24:43.159+0000] {logging_mixin.py:190} INFO - Current task name:compress_file state:running start_date:2025-04-22 10:24:42.687871+00:00
[2025-04-22T10:24:43.159+0000] {logging_mixin.py:190} INFO - Dag name:compress_file_on_upload and current dag run status:running
[2025-04-22T10:24:43.160+0000] {taskinstance.py:732} INFO - ::endgroup::
[2025-04-22T10:24:43.342+0000] {minio_file_compression_and_email.py:85} INFO - Files from XCom: ['uploads/prosperLoanData.csv.zip']
[2025-04-22T10:24:43.381+0000] {httpchecksum.py:481} INFO - Skipping checksum validation. Response did not contain one of the following algorithms: ['crc32', 'sha1', 'sha256'].
[2025-04-22T10:24:43.387+0000] {httpchecksum.py:481} INFO - Skipping checksum validation. Response did not contain one of the following algorithms: ['crc32', 'sha1', 'sha256'].
[2025-04-22T10:24:43.390+0000] {httpchecksum.py:481} INFO - Skipping checksum validation. Response did not contain one of the following algorithms: ['crc32', 'sha1', 'sha256'].
[2025-04-22T10:24:44.475+0000] {minio_file_compression_and_email.py:119} INFO - Moving file from uploads/prosperLoanData.csv.zip to processed/prosperLoanData.csv.zip
[2025-04-22T10:24:44.597+0000] {minio_file_compression_and_email.py:127} INFO - Deleting file from uploads/prosperLoanData.csv.zip
[2025-04-22T10:24:44.632+0000] {crypto.py:82} WARNING - empty cryptography key - values will not be stored encrypted.
[2025-04-22T10:24:44.639+0000] {minio_file_compression_and_email.py:136} INFO - Updated processed files: ['uploads/prosperLoanData.csv.zip']
[2025-04-22T10:24:44.650+0000] {python.py:240} INFO - Done. Returned value was: Original File: prosperLoanData.csv.zip, Size: 23591587 bytes
Compressed File: prosperLoanData.csv.zip.zip, Size: 23598921 bytes
[2025-04-22T10:24:44.684+0000] {taskinstance.py:341} INFO - ::group::Post task execution logs
[2025-04-22T10:24:44.686+0000] {taskinstance.py:353} INFO - Marking task as SUCCESS. dag_id=compress_file_on_upload, task_id=compress_file, run_id=manual__2025-04-22T10:24:34.589968+00:00, execution_date=20250422T102434, start_date=20250422T102442, end_date=20250422T102444
[2025-04-22T10:24:44.723+0000] {logging_mixin.py:190} INFO - Task instance in success state
[2025-04-22T10:24:44.724+0000] {logging_mixin.py:190} INFO -  Previous state of the Task instance: running
[2025-04-22T10:24:44.725+0000] {logging_mixin.py:190} INFO - Dag name:compress_file_on_upload queued_at:2025-04-22 10:24:34.606140+00:00
[2025-04-22T10:24:44.726+0000] {logging_mixin.py:190} INFO - Task hostname:218dff27a00b operator:PythonOperator
[2025-04-22T10:24:44.778+0000] {local_task_job_runner.py:266} INFO - Task exited with return code 0
[2025-04-22T10:24:44.812+0000] {taskinstance.py:3901} INFO - 1 downstream tasks scheduled from follow-on schedule check
[2025-04-22T10:24:44.816+0000] {local_task_job_runner.py:245} INFO - ::endgroup::
