[2025-04-22T08:01:03.446+0000] {local_task_job_runner.py:123} INFO - ::group::Pre task execution logs
[2025-04-22T08:01:03.464+0000] {taskinstance.py:2614} INFO - Dependencies all met for dep_context=non-requeueable deps ti=<TaskInstance: minio_file_compression_and_email.detect_file_in_minio scheduled__2025-04-22T00:00:00+00:00 [queued]>
[2025-04-22T08:01:03.474+0000] {taskinstance.py:2614} INFO - Dependencies all met for dep_context=requeueable deps ti=<TaskInstance: minio_file_compression_and_email.detect_file_in_minio scheduled__2025-04-22T00:00:00+00:00 [queued]>
[2025-04-22T08:01:03.475+0000] {taskinstance.py:2867} INFO - Starting attempt 2 of 2
[2025-04-22T08:01:03.492+0000] {taskinstance.py:2890} INFO - Executing <Task(S3KeySensor): detect_file_in_minio> on 2025-04-22 00:00:00+00:00
[2025-04-22T08:01:03.501+0000] {warnings.py:112} WARNING - /home/***/.local/lib/python3.12/site-packages/***/task/task_runner/standard_task_runner.py:70: DeprecationWarning: This process (pid=614) is multi-threaded, use of fork() may lead to deadlocks in the child.
  pid = os.fork()

[2025-04-22T08:01:03.503+0000] {standard_task_runner.py:72} INFO - Started process 616 to run task
[2025-04-22T08:01:03.502+0000] {standard_task_runner.py:104} INFO - Running: ['***', 'tasks', 'run', 'minio_file_compression_and_email', 'detect_file_in_minio', 'scheduled__2025-04-22T00:00:00+00:00', '--job-id', '12', '--raw', '--subdir', 'DAGS_FOLDER/minio_file_compression_and_email.py', '--cfg-path', '/tmp/tmpfsn3tjlp']
[2025-04-22T08:01:03.503+0000] {standard_task_runner.py:105} INFO - Job 12: Subtask detect_file_in_minio
[2025-04-22T08:01:03.801+0000] {task_command.py:467} INFO - Running <TaskInstance: minio_file_compression_and_email.detect_file_in_minio scheduled__2025-04-22T00:00:00+00:00 [running]> on host bfc8cd0b4cfa
[2025-04-22T08:01:03.885+0000] {taskinstance.py:3134} INFO - Exporting env vars: AIRFLOW_CTX_DAG_OWNER='***' AIRFLOW_CTX_DAG_ID='minio_file_compression_and_email' AIRFLOW_CTX_TASK_ID='detect_file_in_minio' AIRFLOW_CTX_EXECUTION_DATE='2025-04-22T00:00:00+00:00' AIRFLOW_CTX_TRY_NUMBER='2' AIRFLOW_CTX_DAG_RUN_ID='scheduled__2025-04-22T00:00:00+00:00'
[2025-04-22T08:01:03.886+0000] {logging_mixin.py:190} INFO - Task instance is in running state
[2025-04-22T08:01:03.887+0000] {logging_mixin.py:190} INFO -  Previous state of the Task instance: queued
[2025-04-22T08:01:03.887+0000] {logging_mixin.py:190} INFO - Current task name:detect_file_in_minio state:running start_date:2025-04-22 08:01:03.465103+00:00
[2025-04-22T08:01:03.887+0000] {logging_mixin.py:190} INFO - Dag name:minio_file_compression_and_email and current dag run status:running
[2025-04-22T08:01:03.887+0000] {taskinstance.py:732} INFO - ::endgroup::
[2025-04-22T08:01:03.888+0000] {baseoperator.py:423} WARNING - S3KeySensor.execute cannot be called outside TaskInstance!
[2025-04-22T08:01:03.888+0000] {s3.py:117} INFO - Poking for key : s3://my-bucket/input/sample.txt
[2025-04-22T08:01:03.898+0000] {base.py:84} INFO - Retrieving connection 'minio_s3'
[2025-04-22T08:01:03.899+0000] {connection_wrapper.py:325} INFO - AWS Connection (conn_id='minio_s3', conn_type='aws') credentials retrieved from login and password.
[2025-04-22T08:02:08.185+0000] {s3.py:117} INFO - Poking for key : s3://my-bucket/input/sample.txt
