[2025-04-22T09:44:00.971+0000] {local_task_job_runner.py:123} INFO - ::group::Pre task execution logs
[2025-04-22T09:44:00.992+0000] {taskinstance.py:2614} INFO - Dependencies all met for dep_context=non-requeueable deps ti=<TaskInstance: minio_file_monitoring_compression_dag.list_objects_in_uploads manual__2025-04-22T09:43:53.338772+00:00 [queued]>
[2025-04-22T09:44:01.004+0000] {taskinstance.py:2614} INFO - Dependencies all met for dep_context=requeueable deps ti=<TaskInstance: minio_file_monitoring_compression_dag.list_objects_in_uploads manual__2025-04-22T09:43:53.338772+00:00 [queued]>
[2025-04-22T09:44:01.004+0000] {taskinstance.py:2867} INFO - Starting attempt 1 of 2
[2025-04-22T09:44:01.177+0000] {taskinstance.py:2890} INFO - Executing <Task(PythonOperator): list_objects_in_uploads> on 2025-04-22 09:43:53.338772+00:00
[2025-04-22T09:44:01.185+0000] {warnings.py:112} WARNING - /home/***/.local/lib/python3.12/site-packages/***/task/task_runner/standard_task_runner.py:70: DeprecationWarning: This process (pid=267) is multi-threaded, use of fork() may lead to deadlocks in the child.
  pid = os.fork()

[2025-04-22T09:44:01.186+0000] {standard_task_runner.py:72} INFO - Started process 269 to run task
[2025-04-22T09:44:01.187+0000] {standard_task_runner.py:104} INFO - Running: ['***', 'tasks', 'run', 'minio_file_monitoring_compression_dag', 'list_objects_in_uploads', 'manual__2025-04-22T09:43:53.338772+00:00', '--job-id', '137', '--raw', '--subdir', 'DAGS_FOLDER/minio_file_compression_and_email.py', '--cfg-path', '/tmp/tmpn4hl5r4u']
[2025-04-22T09:44:01.188+0000] {standard_task_runner.py:105} INFO - Job 137: Subtask list_objects_in_uploads
[2025-04-22T09:44:01.233+0000] {task_command.py:467} INFO - Running <TaskInstance: minio_file_monitoring_compression_dag.list_objects_in_uploads manual__2025-04-22T09:43:53.338772+00:00 [running]> on host 218dff27a00b
[2025-04-22T09:44:01.322+0000] {taskinstance.py:3134} INFO - Exporting env vars: AIRFLOW_CTX_DAG_EMAIL='krishtaltiwari@gmail.com' AIRFLOW_CTX_DAG_OWNER='***' AIRFLOW_CTX_DAG_ID='minio_file_monitoring_compression_dag' AIRFLOW_CTX_TASK_ID='list_objects_in_uploads' AIRFLOW_CTX_EXECUTION_DATE='2025-04-22T09:43:53.338772+00:00' AIRFLOW_CTX_TRY_NUMBER='1' AIRFLOW_CTX_DAG_RUN_ID='manual__2025-04-22T09:43:53.338772+00:00'
[2025-04-22T09:44:01.326+0000] {logging_mixin.py:190} INFO - Task instance is in running state
[2025-04-22T09:44:01.327+0000] {logging_mixin.py:190} INFO -  Previous state of the Task instance: queued
[2025-04-22T09:44:01.327+0000] {logging_mixin.py:190} INFO - Current task name:list_objects_in_uploads state:running start_date:2025-04-22 09:44:00.993411+00:00
[2025-04-22T09:44:01.328+0000] {logging_mixin.py:190} INFO - Dag name:minio_file_monitoring_compression_dag and current dag run status:running
[2025-04-22T09:44:01.328+0000] {taskinstance.py:732} INFO - ::endgroup::
[2025-04-22T09:44:01.337+0000] {base.py:84} INFO - Retrieving connection 'minio_s3'
[2025-04-22T09:44:01.338+0000] {minio_file_compression_and_email.py:48} INFO - Retrieved MinIO credentials from Airflow connection 'minio_s3'
[2025-04-22T09:44:01.502+0000] {minio_file_compression_and_email.py:65} INFO - Successfully created MinIO client with endpoint http://minio:9000
[2025-04-22T09:44:01.521+0000] {minio_file_compression_and_email.py:76} INFO - Found objects in uploads/: ['uploads/', 'uploads/test.txt']
[2025-04-22T09:44:01.522+0000] {python.py:240} INFO - Done. Returned value was: ['uploads/', 'uploads/test.txt']
[2025-04-22T09:44:01.546+0000] {taskinstance.py:341} INFO - ::group::Post task execution logs
[2025-04-22T09:44:01.547+0000] {taskinstance.py:353} INFO - Marking task as SUCCESS. dag_id=minio_file_monitoring_compression_dag, task_id=list_objects_in_uploads, run_id=manual__2025-04-22T09:43:53.338772+00:00, execution_date=20250422T094353, start_date=20250422T094400, end_date=20250422T094401
[2025-04-22T09:44:01.572+0000] {logging_mixin.py:190} INFO - Task instance in success state
[2025-04-22T09:44:01.572+0000] {logging_mixin.py:190} INFO -  Previous state of the Task instance: running
[2025-04-22T09:44:01.573+0000] {logging_mixin.py:190} INFO - Dag name:minio_file_monitoring_compression_dag queued_at:2025-04-22 09:43:53.358962+00:00
[2025-04-22T09:44:01.574+0000] {logging_mixin.py:190} INFO - Task hostname:218dff27a00b operator:PythonOperator
[2025-04-22T09:44:01.612+0000] {local_task_job_runner.py:266} INFO - Task exited with return code 0
[2025-04-22T09:44:01.640+0000] {taskinstance.py:3901} INFO - 1 downstream tasks scheduled from follow-on schedule check
[2025-04-22T09:44:01.644+0000] {local_task_job_runner.py:245} INFO - ::endgroup::
