[2025-04-22T09:37:21.119+0000] {local_task_job_runner.py:123} INFO - ::group::Pre task execution logs
[2025-04-22T09:37:21.149+0000] {taskinstance.py:2614} INFO - Dependencies all met for dep_context=non-requeueable deps ti=<TaskInstance: minio_file_monitoring_compression_dag.setup_minio_buckets manual__2025-04-22T09:37:16.715993+00:00 [queued]>
[2025-04-22T09:37:21.165+0000] {taskinstance.py:2614} INFO - Dependencies all met for dep_context=requeueable deps ti=<TaskInstance: minio_file_monitoring_compression_dag.setup_minio_buckets manual__2025-04-22T09:37:16.715993+00:00 [queued]>
[2025-04-22T09:37:21.167+0000] {taskinstance.py:2867} INFO - Starting attempt 1 of 2
[2025-04-22T09:37:21.404+0000] {taskinstance.py:2890} INFO - Executing <Task(PythonOperator): setup_minio_buckets> on 2025-04-22 09:37:16.715993+00:00
[2025-04-22T09:37:21.419+0000] {standard_task_runner.py:104} INFO - Running: ['***', 'tasks', 'run', 'minio_file_monitoring_compression_dag', 'setup_minio_buckets', 'manual__2025-04-22T09:37:16.715993+00:00', '--job-id', '125', '--raw', '--subdir', 'DAGS_FOLDER/minio_file_compression_and_email.py', '--cfg-path', '/tmp/tmp15_fl7nl']
[2025-04-22T09:37:21.421+0000] {standard_task_runner.py:105} INFO - Job 125: Subtask setup_minio_buckets
[2025-04-22T09:37:21.418+0000] {warnings.py:112} WARNING - /home/***/.local/lib/python3.12/site-packages/***/task/task_runner/standard_task_runner.py:70: DeprecationWarning: This process (pid=135) is multi-threaded, use of fork() may lead to deadlocks in the child.
  pid = os.fork()

[2025-04-22T09:37:21.422+0000] {standard_task_runner.py:72} INFO - Started process 137 to run task
[2025-04-22T09:37:21.497+0000] {task_command.py:467} INFO - Running <TaskInstance: minio_file_monitoring_compression_dag.setup_minio_buckets manual__2025-04-22T09:37:16.715993+00:00 [running]> on host 218dff27a00b
[2025-04-22T09:37:21.634+0000] {taskinstance.py:3134} INFO - Exporting env vars: AIRFLOW_CTX_DAG_EMAIL='krishtaltiwari@gmail.com' AIRFLOW_CTX_DAG_OWNER='***' AIRFLOW_CTX_DAG_ID='minio_file_monitoring_compression_dag' AIRFLOW_CTX_TASK_ID='setup_minio_buckets' AIRFLOW_CTX_EXECUTION_DATE='2025-04-22T09:37:16.715993+00:00' AIRFLOW_CTX_TRY_NUMBER='1' AIRFLOW_CTX_DAG_RUN_ID='manual__2025-04-22T09:37:16.715993+00:00'
[2025-04-22T09:37:21.636+0000] {logging_mixin.py:190} INFO - Task instance is in running state
[2025-04-22T09:37:21.637+0000] {logging_mixin.py:190} INFO -  Previous state of the Task instance: queued
[2025-04-22T09:37:21.638+0000] {logging_mixin.py:190} INFO - Current task name:setup_minio_buckets state:running start_date:2025-04-22 09:37:21.150250+00:00
[2025-04-22T09:37:21.639+0000] {logging_mixin.py:190} INFO - Dag name:minio_file_monitoring_compression_dag and current dag run status:running
[2025-04-22T09:37:21.640+0000] {taskinstance.py:732} INFO - ::endgroup::
[2025-04-22T09:37:21.642+0000] {minio_file_compression_and_email.py:76} INFO - Starting MinIO bucket setup...
[2025-04-22T09:37:21.656+0000] {base.py:84} INFO - Retrieving connection 'minio_s3'
[2025-04-22T09:37:21.657+0000] {minio_file_compression_and_email.py:50} INFO - Retrieved MinIO credentials from Airflow connection 'minio_s3'
[2025-04-22T09:37:22.148+0000] {minio_file_compression_and_email.py:69} INFO - Successfully created MinIO client with endpoint http://minio:9000
[2025-04-22T09:37:22.200+0000] {minio_file_compression_and_email.py:82} INFO - Bucket 'my-bucket' exists and is accessible
[2025-04-22T09:37:22.201+0000] {minio_file_compression_and_email.py:95} INFO - Creating prefix uploads/ in bucket my-bucket
[2025-04-22T09:37:22.236+0000] {minio_file_compression_and_email.py:97} INFO - Successfully created prefix uploads/
[2025-04-22T09:37:22.237+0000] {minio_file_compression_and_email.py:95} INFO - Creating prefix processed/ in bucket my-bucket
[2025-04-22T09:37:22.260+0000] {minio_file_compression_and_email.py:97} INFO - Successfully created prefix processed/
[2025-04-22T09:37:22.261+0000] {minio_file_compression_and_email.py:95} INFO - Creating prefix compressed/ in bucket my-bucket
[2025-04-22T09:37:22.281+0000] {minio_file_compression_and_email.py:97} INFO - Successfully created prefix compressed/
[2025-04-22T09:37:22.283+0000] {python.py:240} INFO - Done. Returned value was: MinIO buckets and folders setup complete
[2025-04-22T09:37:22.320+0000] {taskinstance.py:341} INFO - ::group::Post task execution logs
[2025-04-22T09:37:22.320+0000] {taskinstance.py:353} INFO - Marking task as SUCCESS. dag_id=minio_file_monitoring_compression_dag, task_id=setup_minio_buckets, run_id=manual__2025-04-22T09:37:16.715993+00:00, execution_date=20250422T093716, start_date=20250422T093721, end_date=20250422T093722
[2025-04-22T09:37:22.357+0000] {logging_mixin.py:190} INFO - Task instance in success state
[2025-04-22T09:37:22.358+0000] {logging_mixin.py:190} INFO -  Previous state of the Task instance: running
[2025-04-22T09:37:22.358+0000] {logging_mixin.py:190} INFO - Dag name:minio_file_monitoring_compression_dag queued_at:2025-04-22 09:37:16.773610+00:00
[2025-04-22T09:37:22.359+0000] {logging_mixin.py:190} INFO - Task hostname:218dff27a00b operator:PythonOperator
[2025-04-22T09:37:22.389+0000] {local_task_job_runner.py:266} INFO - Task exited with return code 0
[2025-04-22T09:37:22.442+0000] {taskinstance.py:3901} INFO - 1 downstream tasks scheduled from follow-on schedule check
[2025-04-22T09:37:22.445+0000] {local_task_job_runner.py:245} INFO - ::endgroup::
